203.110.175.179 - - [18/Sep/2013:08:13:23 +0000] "GET /wp-content/themes/silesia/functions/js/shortcode.js HTTP/1.1" 200 333 "http://blog.fens.me/" "Mozilla/5.0 (Windows NT 5.1) AppleWebKit/537.36 (KHTML, like Gecko) Chrome/29.0.1547.66 Safari/537.36"
203.110.175.179 - - [18/Sep/2013:08:13:23 +0000] "GET /wp-content/uploads/2013/09/node-mysql1.png HTTP/1.1" 200 13529 "http://blog.fens.me/" "Mozilla/5.0 (Windows NT 5.1) AppleWebKit/537.36 (KHTML, like Gecko) Chrome/29.0.1547.66 Safari/537.36"
203.110.175.179 - - [18/Sep/2013:08:13:23 +0000] "GET /wp-content/themes/silesia/images/slide-bg.png HTTP/1.1" 200 934 "http://blog.fens.me/" "Mozilla/5.0 (Windows NT 5.1) AppleWebKit/537.36 (KHTML, like Gecko) Chrome/29.0.1547.66 Safari/537.36"
203.110.175.179 - - [18/Sep/2013:08:13:23 +0000] "GET /wp-content/themes/silesia/images/ico-twitter.png HTTP/1.1" 200 2128 "http://blog.fens.me/" "Mozilla/5.0 (Windows NT 5.1) AppleWebKit/537.36 (KHTML, like Gecko) Chrome/29.0.1547.66 Safari/537.36"
203.110.175.179 - - [18/Sep/2013:08:13:23 +0000] "GET /wp-content/themes/silesia/images/home-ico.png HTTP/1.1" 200 1103 "http://blog.fens.me/" "Mozilla/5.0 (Windows NT 5.1) AppleWebKit/537.36 (KHTML, like Gecko) Chrome/29.0.1547.66 Safari/537.36"
203.110.175.179 - - [18/Sep/2013:08:13:23 +0000] "GET /wp-content/uploads/2013/09/rjson.png HTTP/1.1" 200 56004 "http://blog.fens.me/" "Mozilla/5.0 (Windows NT 5.1) AppleWebKit/537.36 (KHTML, like Gecko) Chrome/29.0.1547.66 Safari/537.36"
203.110.175.179 - - [18/Sep/2013:08:13:23 +0000] "GET /wp-content/themes/silesia/images/crubms-div.png HTTP/1.1" 200 1255 "http://blog.fens.me/" "Mozilla/5.0 (Windows NT 5.1) AppleWebKit/537.36 (KHTML, like Gecko) Chrome/29.0.1547.66 Safari/537.36"
203.110.175.179 - - [18/Sep/2013:08:13:23 +0000] "GET /wp-content/themes/silesia/images/sprites/post-type.png HTTP/1.1" 200 2009 "http://blog.fens.me/" "Mozilla/5.0 (Windows NT 5.1) AppleWebKit/537.36 (KHTML, like Gecko) Chrome/29.0.1547.66 Safari/537.36"
203.110.175.179 - - [18/Sep/2013:08:13:23 +0000] "GET /js/google.js HTTP/1.1" 200 475 "http://blog.fens.me/" "Mozilla/5.0 (Windows NT 5.1) AppleWebKit/537.36 (KHTML, like Gecko) Chrome/29.0.1547.66 Safari/537.36"
203.110.175.179 - - [18/Sep/2013:08:13:23 +0000] "GET /js/baidu.js HTTP/1.1" 200 249 "http://blog.fens.me/" "Mozilla/5.0 (Windows NT 5.1) AppleWebKit/537.36 (KHTML, like Gecko) Chrome/29.0.1547.66 Safari/537.36"
203.110.175.179 - - [18/Sep/2013:08:13:23 +0000] "GET /wp-content/themes/silesia/images/bullets/5.gif HTTP/1.1" 200 62 "http://blog.fens.me/" "Mozilla/5.0 (Windows NT 5.1) AppleWebKit/537.36 (KHTML, like Gecko) Chrome/29.0.1547.66 Safari/537.36"
203.110.175.179 - - [18/Sep/2013:08:13:24 +0000] "GET /wp-content/uploads/2013/09/ngTable1.png HTTP/1.1" 200 39745 "http://blog.fens.me/" "Mozilla/5.0 (Windows NT 5.1) AppleWebKit/537.36 (KHTML, like Gecko) Chrome/29.0.1547.66 Safari/537.36"
203.110.175.179 - - [18/Sep/2013:08:13:24 +0000] "GET /wp-content/uploads/2013/09/nodejs-mysql.png HTTP/1.1" 200 88091 "http://blog.fens.me/" "Mozilla/5.0 (Windows NT 5.1) AppleWebKit/537.36 (KHTML, like Gecko) Chrome/29.0.1547.66 Safari/537.36"
203.110.175.179 - - [18/Sep/2013:08:13:25 +0000] "GET /wp-content/uploads/2013/09/ngTable.png HTTP/1.1" 200 65936 "http://blog.fens.me/" "Mozilla/5.0 (Windows NT 5.1) AppleWebKit/537.36 (KHTML, like Gecko) Chrome/29.0.1547.66 Safari/537.36"
203.110.175.179 - - [18/Sep/2013:08:13:25 +0000] "GET /wp-content/uploads/2013/09/ngTable2.png HTTP/1.1" 200 51396 "http://blog.fens.me/" "Mozilla/5.0 (Windows NT 5.1) AppleWebKit/537.36 (KHTML, like Gecko) Chrome/29.0.1547.66 Safari/537.36"
203.110.175.179 - - [18/Sep/2013:08:13:27 +0000] "GET /wp-content/uploads/2013/09/ngTable3.png HTTP/1.1" 200 55307 "http://blog.fens.me/" "Mozilla/5.0 (Windows NT 5.1) AppleWebKit/537.36 (KHTML, like Gecko) Chrome/29.0.1547.66 Safari/537.36"
203.110.175.179 - - [18/Sep/2013:08:13:27 +0000] "GET /wp-content/uploads/2013/09/nodejs-async.png HTTP/1.1" 200 126137 "http://blog.fens.me/" "Mozilla/5.0 (Windows NT 5.1) AppleWebKit/537.36 (KHTML, like Gecko) Chrome/29.0.1547.66 Safari/537.36"
203.110.175.179 - - [18/Sep/2013:08:13:28 +0000] "GET /wp-content/themes/silesia/images/ico-meta.gif HTTP/1.1" 200 73 "http://blog.fens.me/" "Mozilla/5.0 (Windows NT 5.1) AppleWebKit/537.36 (KHTML, like Gecko) Chrome/29.0.1547.66 Safari/537.36"
203.110.175.179 - - [18/Sep/2013:08:13:29 +0000] "GET /wp-content/themes/silesia/images/natty-logo.png HTTP/1.1" 200 1438 "http://blog.fens.me/" "Mozilla/5.0 (Windows NT 5.1) AppleWebKit/537.36 (KHTML, like Gecko) Chrome/29.0.1547.66 Safari/537.36"
203.110.175.179 - - [18/Sep/2013:08:13:29 +0000] "GET /wp-content/uploads/2013/09/HadoopMahoutRoadmap.png HTTP/1.1" 200 112021 "http://blog.fens.me/" "Mozilla/5.0 (Windows NT 5.1) AppleWebKit/537.36 (KHTML, like Gecko) Chrome/29.0.1547.66 Safari/537.36"
203.110.175.179 - - [18/Sep/2013:08:13:30 +0000] "GET /wp-content/uploads/2013/09/Hadoop-mahout-roadmap.png HTTP/1.1" 200 178520 "http://blog.fens.me/" "Mozilla/5.0 (Windows NT 5.1) AppleWebKit/537.36 (KHTML, like Gecko) Chrome/29.0.1547.66 Safari/537.36"
203.110.175.179 - - [18/Sep/2013:08:13:31 +0000] "GET /tag/r/ HTTP/1.1" 200 26854 "http://blog.fens.me/" "Mozilla/5.0 (Windows NT 5.1) AppleWebKit/537.36 (KHTML, like Gecko) Chrome/29.0.1547.66 Safari/537.36"
203.110.175.179 - - [18/Sep/2013:08:13:31 +0000] "GET /wp-content/uploads/2013/09/rjson.png HTTP/1.1" 200 56004 "http://blog.fens.me/tag/r/" "Mozilla/5.0 (Windows NT 5.1) AppleWebKit/537.36 (KHTML, like Gecko) Chrome/29.0.1547.66 Safari/537.36"
203.110.175.179 - - [18/Sep/2013:08:13:32 +0000] "GET /wp-content/uploads/2013/08/rjava2.png HTTP/1.1" 200 7989 "http://blog.fens.me/tag/r/" "Mozilla/5.0 (Windows NT 5.1) AppleWebKit/537.36 (KHTML, like Gecko) Chrome/29.0.1547.66 Safari/537.36"
203.110.175.179 - - [18/Sep/2013:08:13:32 +0000] "GET /wp-content/uploads/2013/08/rserve-nodejs.png HTTP/1.1" 200 72148 "http://blog.fens.me/tag/r/" "Mozilla/5.0 (Windows NT 5.1) AppleWebKit/537.36 (KHTML, like Gecko) Chrome/29.0.1547.66 Safari/537.36"
203.110.175.179 - - [18/Sep/2013:08:13:32 +0000] "GET /wp-content/uploads/2013/08/rjava.png HTTP/1.1" 200 18321 "http://blog.fens.me/tag/r/" "Mozilla/5.0 (Windows NT 5.1) AppleWebKit/537.36 (KHTML, like Gecko) Chrome/29.0.1547.66 Safari/537.36"
203.110.175.179 - - [18/Sep/2013:08:13:33 +0000] "GET /wp-content/uploads/2013/08/rserve1.png HTTP/1.1" 200 6561 "http://blog.fens.me/tag/r/" "Mozilla/5.0 (Windows NT 5.1) AppleWebKit/537.36 (KHTML, like Gecko) Chrome/29.0.1547.66 Safari/537.36"
203.110.175.179 - - [18/Sep/2013:08:13:33 +0000] "GET /wp-content/uploads/2013/08/rserve-java.png HTTP/1.1" 200 72177 "http://blog.fens.me/tag/r/" "Mozilla/5.0 (Windows NT 5.1) AppleWebKit/537.36 (KHTML, like Gecko) Chrome/29.0.1547.66 Safari/537.36"
203.110.175.179 - - [18/Sep/2013:08:13:34 +0000] "GET /wp-content/uploads/2013/09/rhadoop-intro1.png HTTP/1.1" 200 138373 "http://blog.fens.me/tag/r/" "Mozilla/5.0 (Windows NT 5.1) AppleWebKit/537.36 (KHTML, like Gecko) Chrome/29.0.1547.66 Safari/537.36"
203.110.175.179 - - [18/Sep/2013:08:13:34 +0000] "GET /wp-content/uploads/2013/08/zookeeper.png HTTP/1.1" 200 138493 "http://blog.fens.me/tag/r/" "Mozilla/5.0 (Windows NT 5.1) AppleWebKit/537.36 (KHTML, like Gecko) Chrome/29.0.1547.66 Safari/537.36"
203.110.175.179 - - [18/Sep/2013:08:13:35 +0000] "-" 400 0 "-" "-"
221.130.41.168 - - [18/Sep/2013:08:13:35 +0000] "GET /feed/ HTTP/1.1" 304 0 "-" "Mozilla/5.0 (Windows NT 6.1) AppleWebKit/537.36 (KHTML, like Gecko) Chrome/29.0.1547.66 Safari/537.36"
203.110.175.179 - - [18/Sep/2013:08:13:36 +0000] "GET /wp-content/uploads/2013/08/rjava1.png HTTP/1.1" 200 157380 "http://blog.fens.me/tag/r/" "Mozilla/5.0 (Windows NT 5.1) AppleWebKit/537.36 (KHTML, like Gecko) Chrome/29.0.1547.66 Safari/537.36"
223.202.20.120 - - [18/Sep/2013:08:13:41 +0000] "GET /nodejs-grunt-intro/ HTTP/1.1" 200 13960 "-" "Mozilla/4.0 (compatible; MSIE 7.0; Windows NT 6.1; Win64; x64; Trident/5.0; .NET CLR 2.0.50727; SLCC2; .NET4.0C; .NET4.0E)"
223.202.20.120 - - [18/Sep/2013:08:13:41 +0000] "GET /wp-content/themes/silesia/style.css HTTP/1.1" 200 7554 "http://blog.fens.me/nodejs-grunt-intro/" "Mozilla/4.0 (compatible; MSIE 7.0; Windows NT 6.1; Win64; x64; Trident/5.0; .NET CLR 2.0.50727; SLCC2; .NET4.0C; .NET4.0E)"
223.202.20.120 - - [18/Sep/2013:08:13:42 +0000] "GET /wp-content/themes/silesia/ie7.css HTTP/1.1" 200 103 "http://blog.fens.me/nodejs-grunt-intro/" "Mozilla/4.0 (compatible; MSIE 7.0; Windows NT 6.1; Win64; x64; Trident/5.0; .NET CLR 2.0.50727; SLCC2; .NET4.0C; .NET4.0E)"
223.202.20.120 - - [18/Sep/2013:08:13:42 +0000] "GET /wp-includes/js/jquery/jquery.js?ver=1.10.2 HTTP/1.1" 200 32851 "http://blog.fens.me/nodejs-grunt-intro/" "Mozilla/4.0 (compatible; MSIE 7.0; Windows NT 6.1; Win64; x64; Trident/5.0; .NET CLR 2.0.50727; SLCC2; .NET4.0C; .NET4.0E)"
223.202.20.120 - - [18/Sep/2013:08:13:42 +0000] "GET /wp-includes/js/jquery/jquery-migrate.min.js?ver=1.2.1 HTTP/1.1" 200 7200 "http://blog.fens.me/nodejs-grunt-intro/" "Mozilla/4.0 (compatible; MSIE 7.0; Windows NT 6.1; Win64; x64; Trident/5.0; .NET CLR 2.0.50727; SLCC2; .NET4.0C; .NET4.0E)"
223.202.20.120 - - [18/Sep/2013:08:13:42 +0000] "GET /wp-includes/js/comment-reply.min.js?ver=3.6 HTTP/1.1" 200 786 "http://blog.fens.me/nodejs-grunt-intro/" "Mozilla/4.0 (compatible; MSIE 7.0; Windows NT 6.1; Win64; x64; Trident/5.0; .NET CLR 2.0.50727; SLCC2; .NET4.0C; .NET4.0E)"
223.202.20.120 - - [18/Sep/2013:08:13:42 +0000] "GET /wp-content/themes/silesia/js/jquery.cycle.all.min.js HTTP/1.1" 200 7784 "http://blog.fens.me/nodejs-grunt-intro/" "Mozilla/4.0 (compatible; MSIE 7.0; Windows NT 6.1; Win64; x64; Trident/5.0; .NET CLR 2.0.50727; SLCC2; .NET4.0C; .NET4.0E)"
223.202.20.120 - - [18/Sep/2013:08:13:42 +0000] "GET /wp-content/themes/silesia/js/load.js HTTP/1.1" 200 715 "http://blog.fens.me/nodejs-grunt-intro/" "Mozilla/4.0 (compatible; MSIE 7.0; Windows NT 6.1; Win64; x64; Trident/5.0; .NET CLR 2.0.50727; SLCC2; .NET4.0C; .NET4.0E)"
223.202.20.120 - - [18/Sep/2013:08:13:42 +0000] "GET /wp-content/themes/silesia/functions/css/shortcodes.css HTTP/1.1" 200 2899 "http://blog.fens.me/nodejs-grunt-intro/" "Mozilla/4.0 (compatible; MSIE 7.0; Windows NT 6.1; Win64; x64; Trident/5.0; .NET CLR 2.0.50727; SLCC2; .NET4.0C; .NET4.0E)"
223.202.20.120 - - [18/Sep/2013:08:13:42 +0000] "GET /wp-content/themes/silesia/functions/js/shortcode.js HTTP/1.1" 200 333 "http://blog.fens.me/nodejs-grunt-intro/" "Mozilla/4.0 (compatible; MSIE 7.0; Windows NT 6.1; Win64; x64; Trident/5.0; .NET CLR 2.0.50727; SLCC2; .NET4.0C; .NET4.0E)"
223.202.20.120 - - [18/Sep/2013:08:13:42 +0000] "GET /wp-content/themes/silesia/images/natty-logo.png HTTP/1.1" 200 1438 "http://blog.fens.me/nodejs-grunt-intro/" "Mozilla/4.0 (compatible; MSIE 7.0; Windows NT 6.1; Win64; x64; Trident/5.0; .NET CLR 2.0.50727; SLCC2; .NET4.0C; .NET4.0E)"
223.202.20.120 - - [18/Sep/2013:08:13:43 +0000] "GET /wp-content/themes/silesia/images/crubms-div.png HTTP/1.1" 200 1255 "http://blog.fens.me/nodejs-grunt-intro/" "Mozilla/4.0 (compatible; MSIE 7.0; Windows NT 6.1; Win64; x64; Trident/5.0; .NET CLR 2.0.50727; SLCC2; .NET4.0C; .NET4.0E)"
223.202.20.120 - - [18/Sep/2013:08:13:43 +0000] "GET /wp-content/themes/silesia/images/slide-bg.png HTTP/1.1" 200 934 "http://blog.fens.me/nodejs-grunt-intro/" "Mozilla/4.0 (compatible; MSIE 7.0; Windows NT 6.1; Win64; x64; Trident/5.0; .NET CLR 2.0.50727; SLCC2; .NET4.0C; .NET4.0E)"
223.202.20.120 - - [18/Sep/2013:08:13:43 +0000] "GET /wp-content/themes/silesia/images/bullets/5.gif HTTP/1.1" 200 62 "http://blog.fens.me/nodejs-grunt-intro/" "Mozilla/4.0 (compatible; MSIE 7.0; Windows NT 6.1; Win64; x64; Trident/5.0; .NET CLR 2.0.50727; SLCC2; .NET4.0C; .NET4.0E)"
223.202.20.120 - - [18/Sep/2013:08:13:43 +0000] "GET /js/google.js HTTP/1.1" 200 475 "http://blog.fens.me/nodejs-grunt-intro/" "Mozilla/4.0 (compatible; MSIE 7.0; Windows NT 6.1; Win64; x64; Trident/5.0; .NET CLR 2.0.50727; SLCC2; .NET4.0C; .NET4.0E)"
223.202.20.120 - - [18/Sep/2013:08:13:43 +0000] "GET /js/baidu.js HTTP/1.1" 200 249 "http://blog.fens.me/nodejs-grunt-intro/" "Mozilla/4.0 (compatible; MSIE 7.0; Windows NT 6.1; Win64; x64; Trident/5.0; .NET CLR 2.0.50727; SLCC2; .NET4.0C; .NET4.0E)"
223.202.20.120 - - [18/Sep/2013:08:13:43 +0000] "GET /wp-content/themes/silesia/images/ico-twitter.png HTTP/1.1" 200 2128 "http://blog.fens.me/nodejs-grunt-intro/" "Mozilla/4.0 (compatible; MSIE 7.0; Windows NT 6.1; Win64; x64; Trident/5.0; .NET CLR 2.0.50727; SLCC2; .NET4.0C; .NET4.0E)"
223.202.20.120 - - [18/Sep/2013:08:13:43 +0000] "GET /wp-content/themes/silesia/images/home-ico.png HTTP/1.1" 200 1103 "http://blog.fens.me/nodejs-grunt-intro/" "Mozilla/4.0 (compatible; MSIE 7.0; Windows NT 6.1; Win64; x64; Trident/5.0; .NET CLR 2.0.50727; SLCC2; .NET4.0C; .NET4.0E)"
223.202.20.120 - - [18/Sep/2013:08:13:43 +0000] "GET /wp-content/themes/silesia/images/sprites/post-type.png HTTP/1.1" 200 2009 "http://blog.fens.me/nodejs-grunt-intro/" "Mozilla/4.0 (compatible; MSIE 7.0; Windows NT 6.1; Win64; x64; Trident/5.0; .NET CLR 2.0.50727; SLCC2; .NET4.0C; .NET4.0E)"
223.202.20.120 - - [18/Sep/2013:08:13:43 +0000] "GET /wp-content/themes/silesia/images/ico-meta.gif HTTP/1.1" 200 73 "http://blog.fens.me/nodejs-grunt-intro/" "Mozilla/4.0 (compatible; MSIE 7.0; Windows NT 6.1; Win64; x64; Trident/5.0; .NET CLR 2.0.50727; SLCC2; .NET4.0C; .NET4.0E)"
223.202.20.120 - - [18/Sep/2013:08:13:43 +0000] "GET /wp-content/uploads/2013/08/grunt.png HTTP/1.1" 200 199163 "http://blog.fens.me/nodejs-grunt-intro/" "Mozilla/4.0 (compatible; MSIE 7.0; Windows NT 6.1; Win64; x64; Trident/5.0; .NET CLR 2.0.50727; SLCC2; .NET4.0C; .NET4.0E)"
58.55.124.228 - - [18/Sep/2013:08:13:46 +0000] "GET / HTTP/1.1" 200 26616 "http://blog.fens.me/nodejs-socketio-chat/" "Mozilla/5.0 (Windows NT 6.1) AppleWebKit/537.36 (KHTML, like Gecko) Chrome/28.0.1500.11 Safari/537.36"
58.55.124.228 - - [18/Sep/2013:08:13:47 +0000] "GET /wp-content/uploads/2013/09/node-mysql1.png HTTP/1.1" 200 13529 "http://blog.fens.me/" "Mozilla/5.0 (Windows NT 6.1) AppleWebKit/537.36 (KHTML, like Gecko) Chrome/28.0.1500.11 Safari/537.36"
58.55.124.228 - - [18/Sep/2013:08:13:47 +0000] "GET /wp-content/uploads/2013/09/ngTable1.png HTTP/1.1" 200 39745 "http://blog.fens.me/" "Mozilla/5.0 (Windows NT 6.1) AppleWebKit/537.36 (KHTML, like Gecko) Chrome/28.0.1500.11 Safari/537.36"
58.55.124.228 - - [18/Sep/2013:08:13:47 +0000] "GET /wp-content/uploads/2013/09/nodejs-mysql.png HTTP/1.1" 200 88091 "http://blog.fens.me/" "Mozilla/5.0 (Windows NT 6.1) AppleWebKit/537.36 (KHTML, like Gecko) Chrome/28.0.1500.11 Safari/537.36"
58.55.124.228 - - [18/Sep/2013:08:13:47 +0000] "GET /wp-content/uploads/2013/09/ngTable.png HTTP/1.1" 200 65936 "http://blog.fens.me/" "Mozilla/5.0 (Windows NT 6.1) AppleWebKit/537.36 (KHTML, like Gecko) Chrome/28.0.1500.11 Safari/537.36"
58.55.124.228 - - [18/Sep/2013:08:13:47 +0000] "GET /wp-content/uploads/2013/09/ngTable3.png HTTP/1.1" 200 55307 "http://blog.fens.me/" "Mozilla/5.0 (Windows NT 6.1) AppleWebKit/537.36 (KHTML, like Gecko) Chrome/28.0.1500.11 Safari/537.36"
58.55.124.228 - - [18/Sep/2013:08:13:48 +0000] "GET /wp-content/uploads/2013/09/ngTable2.png HTTP/1.1" 200 51396 "http://blog.fens.me/" "Mozilla/5.0 (Windows NT 6.1) AppleWebKit/537.36 (KHTML, like Gecko) Chrome/28.0.1500.11 Safari/537.36"
58.55.124.228 - - [18/Sep/2013:08:13:48 +0000] "GET /wp-content/uploads/2013/09/rjson.png HTTP/1.1" 200 56004 "http://blog.fens.me/" "Mozilla/5.0 (Windows NT 6.1) AppleWebKit/537.36 (KHTML, like Gecko) Chrome/28.0.1500.11 Safari/537.36"
58.55.124.228 - - [18/Sep/2013:08:13:48 +0000] "GET /wp-content/uploads/2013/09/HadoopMahoutRoadmap.png HTTP/1.1" 200 112021 "http://blog.fens.me/" "Mozilla/5.0 (Windows NT 6.1) AppleWebKit/537.36 (KHTML, like Gecko) Chrome/28.0.1500.11 Safari/537.36"
58.55.124.228 - - [18/Sep/2013:08:13:48 +0000] "GET /wp-content/uploads/2013/09/Hadoop-mahout-roadmap.png HTTP/1.1" 200 178528 "http://blog.fens.me/" "Mozilla/5.0 (Windows NT 6.1) AppleWebKit/537.36 (KHTML, like Gecko) Chrome/28.0.1500.11 Safari/537.36"
58.55.124.228 - - [18/Sep/2013:08:13:48 +0000] "GET /wp-content/uploads/2013/09/nodejs-async.png HTTP/1.1" 200 126137 "http://blog.fens.me/" "Mozilla/5.0 (Windows NT 6.1) AppleWebKit/537.36 (KHTML, like Gecko) Chrome/28.0.1500.11 Safari/537.36"
203.110.175.179 - - [18/Sep/2013:08:13:49 +0000] "GET /wp-content/uploads/2013/05/favicon.ico HTTP/1.1" 200 1150 "-" "Mozilla/5.0 (Windows NT 5.1) AppleWebKit/537.36 (KHTML, like Gecko) Chrome/29.0.1547.66 Safari/537.36"
60.247.77.253 - - [18/Sep/2013:08:13:50 +0000] "GET / HTTP/1.1" 200 26616 "http://f.dataguru.cn/forum.php?mod=viewthread&tid=177518&fromuid=6" "Mozilla/5.0 (Windows NT 6.1; WOW64) AppleWebKit/537.1 (KHTML, like Gecko) Chrome/21.0.1180.89 Safari/537.1"
60.247.77.253 - - [18/Sep/2013:08:13:50 +0000] "GET /wp-content/themes/silesia/style.css HTTP/1.1" 200 7554 "http://blog.fens.me/" "Mozilla/5.0 (Windows NT 6.1; WOW64) AppleWebKit/537.1 (KHTML, like Gecko) Chrome/21.0.1180.89 Safari/537.1"
60.247.77.253 - - [18/Sep/2013:08:13:50 +0000] "GET /wp-includes/js/jquery/jquery.js?ver=1.10.2 HTTP/1.1" 200 32851 "http://blog.fens.me/" "Mozilla/5.0 (Windows NT 6.1; WOW64) AppleWebKit/537.1 (KHTML, like Gecko) Chrome/21.0.1180.89 Safari/537.1"
60.247.77.253 - - [18/Sep/2013:08:13:50 +0000] "GET /wp-includes/js/jquery/jquery-migrate.min.js?ver=1.2.1 HTTP/1.1" 200 7200 "http://blog.fens.me/" "Mozilla/5.0 (Windows NT 6.1; WOW64) AppleWebKit/537.1 (KHTML, like Gecko) Chrome/21.0.1180.89 Safari/537.1"
60.247.77.253 - - [18/Sep/2013:08:13:50 +0000] "GET /wp-content/themes/silesia/js/jquery.cycle.all.min.js HTTP/1.1" 200 7784 "http://blog.fens.me/" "Mozilla/5.0 (Windows NT 6.1; WOW64) AppleWebKit/537.1 (KHTML, like Gecko) Chrome/21.0.1180.89 Safari/537.1"
60.247.77.253 - - [18/Sep/2013:08:13:50 +0000] "GET /wp-content/themes/silesia/js/load.js HTTP/1.1" 200 715 "http://blog.fens.me/" "Mozilla/5.0 (Windows NT 6.1; WOW64) AppleWebKit/537.1 (KHTML, like Gecko) Chrome/21.0.1180.89 Safari/537.1"
60.247.77.253 - - [18/Sep/2013:08:13:50 +0000] "GET /wp-content/themes/silesia/functions/css/shortcodes.css HTTP/1.1" 200 2899 "http://blog.fens.me/" "Mozilla/5.0 (Windows NT 6.1; WOW64) AppleWebKit/537.1 (KHTML, like Gecko) Chrome/21.0.1180.89 Safari/537.1"
60.247.77.253 - - [18/Sep/2013:08:13:51 +0000] "GET /wp-content/themes/silesia/functions/js/shortcode.js HTTP/1.1" 200 333 "http://blog.fens.me/" "Mozilla/5.0 (Windows NT 6.1; WOW64) AppleWebKit/537.1 (KHTML, like Gecko) Chrome/21.0.1180.89 Safari/537.1"
60.247.77.253 - - [18/Sep/2013:08:13:51 +0000] "GET /js/google.js HTTP/1.1" 200 475 "http://blog.fens.me/" "Mozilla/5.0 (Windows NT 6.1; WOW64) AppleWebKit/537.1 (KHTML, like Gecko) Chrome/21.0.1180.89 Safari/537.1"
60.247.77.253 - - [18/Sep/2013:08:13:51 +0000] "GET /js/baidu.js HTTP/1.1" 200 249 "http://blog.fens.me/" "Mozilla/5.0 (Windows NT 6.1; WOW64) AppleWebKit/537.1 (KHTML, like Gecko) Chrome/21.0.1180.89 Safari/537.1"
60.247.77.253 - - [18/Sep/2013:08:13:53 +0000] "GET /wp-content/themes/silesia/images/slide-bg.png HTTP/1.1" 200 934 "http://blog.fens.me/" "Mozilla/5.0 (Windows NT 6.1; WOW64) AppleWebKit/537.1 (KHTML, like Gecko) Chrome/21.0.1180.89 Safari/537.1"
60.247.77.253 - - [18/Sep/2013:08:13:53 +0000] "GET /wp-content/themes/silesia/images/ico-twitter.png HTTP/1.1" 200 2128 "http://blog.fens.me/" "Mozilla/5.0 (Windows NT 6.1; WOW64) AppleWebKit/537.1 (KHTML, like Gecko) Chrome/21.0.1180.89 Safari/537.1"
60.247.77.253 - - [18/Sep/2013:08:13:53 +0000] "GET /wp-content/themes/silesia/images/home-ico.png HTTP/1.1" 200 1103 "http://blog.fens.me/" "Mozilla/5.0 (Windows NT 6.1; WOW64) AppleWebKit/537.1 (KHTML, like Gecko) Chrome/21.0.1180.89 Safari/537.1"
60.247.77.253 - - [18/Sep/2013:08:13:53 +0000] "GET /wp-content/themes/silesia/images/sprites/post-type.png HTTP/1.1" 200 2009 "http://blog.fens.me/" "Mozilla/5.0 (Windows NT 6.1; WOW64) AppleWebKit/537.1 (KHTML, like Gecko) Chrome/21.0.1180.89 Safari/537.1"
60.247.77.253 - - [18/Sep/2013:08:13:53 +0000] "GET /wp-content/themes/silesia/images/bullets/5.gif HTTP/1.1" 200 62 "http://blog.fens.me/" "Mozilla/5.0 (Windows NT 6.1; WOW64) AppleWebKit/537.1 (KHTML, like Gecko) Chrome/21.0.1180.89 Safari/537.1"
60.247.77.253 - - [18/Sep/2013:08:13:53 +0000] "GET /wp-content/themes/silesia/images/crubms-div.png HTTP/1.1" 200 1255 "http://blog.fens.me/" "Mozilla/5.0 (Windows NT 6.1; WOW64) AppleWebKit/537.1 (KHTML, like Gecko) Chrome/21.0.1180.89 Safari/537.1"
14.17.29.86 - - [18/Sep/2013:08:13:53 +0000] "GET /nodejs-grunt-intro HTTP/1.1" 301 5 "-" "Mozilla/4.0"
60.247.77.253 - - [18/Sep/2013:08:13:54 +0000] "GET /wp-content/uploads/2013/09/node-mysql1.png HTTP/1.1" 200 13529 "http://blog.fens.me/" "Mozilla/5.0 (Windows NT 6.1; WOW64) AppleWebKit/537.1 (KHTML, like Gecko) Chrome/21.0.1180.89 Safari/537.1"
14.17.29.86 - - [18/Sep/2013:08:13:54 +0000] "GET /nodejs-grunt-intro/ HTTP/1.1" 200 51746 "-" "Mozilla/4.0"
14.17.29.86 - - [18/Sep/2013:08:13:55 +0000] "GET /js/baidu.js HTTP/1.1" 200 249 "http://www.fens.me/js/baidu.js" "Mozilla/4.0"
14.17.29.86 - - [18/Sep/2013:08:13:55 +0000] "GET /wp-content/themes/silesia/functions/js/shortcode.js HTTP/1.1" 200 333 "http://blog.fens.me/wp-content/themes/silesia/functions/js/shortcode.js" "Mozilla/4.0"
14.17.29.86 - - [18/Sep/2013:08:13:55 +0000] "GET /wp-content/themes/silesia/js/load.js HTTP/1.1" 200 715 "http://blog.fens.me/wp-content/themes/silesia/js/load.js" "Mozilla/4.0"
14.17.29.86 - - [18/Sep/2013:08:13:55 +0000] "GET /wp-includes/js/comment-reply.min.js?ver=3.6 HTTP/1.1" 200 786 "http://blog.fens.me/wp-includes/js/comment-reply.min.js?ver=3.6" "Mozilla/4.0"
14.17.29.86 - - [18/Sep/2013:08:13:55 +0000] "GET /js/google.js HTTP/1.1" 200 475 "http://www.fens.me/js/google.js" "Mozilla/4.0"
61.135.216.104 - - [18/Sep/2013:08:13:55 +0000] "GET /feed/ HTTP/1.1" 304 0 "-" "Mozilla/5.0 (compatible;YoudaoFeedFetcher/1.0;http://www.youdao.com/help/reader/faq/topic006/;2 subscribers;)"
14.17.29.86 - - [18/Sep/2013:08:13:55 +0000] "GET /wp-includes/js/jquery/jquery-migrate.min.js?ver=1.2.1 HTTP/1.1" 200 7200 "http://blog.fens.me/wp-includes/js/jquery/jquery-migrate.min.js?ver=1.2.1" "Mozilla/4.0"
14.17.29.86 - - [18/Sep/2013:08:13:55 +0000] "GET /wp-content/themes/silesia/js/ie6/warning.js HTTP/1.1" 200 8110 "http://blog.fens.me/wp-content/themes/silesia/js/ie6/warning.js" "Mozilla/4.0"
14.17.29.86 - - [18/Sep/2013:08:13:55 +0000] "GET /wp-content/themes/silesia/js/jquery.cycle.all.min.js HTTP/1.1" 200 31539 "http://blog.fens.me/wp-content/themes/silesia/js/jquery.cycle.all.min.js" "Mozilla/4.0"
14.17.29.86 - - [18/Sep/2013:08:13:56 +0000] "GET /wp-includes/js/jquery/jquery.js?ver=1.10.2 HTTP/1.1" 200 93128 "http://blog.fens.me/wp-includes/js/jquery/jquery.js?ver=1.10.2" "Mozilla/4.0"
203.110.175.179 - - [18/Sep/2013:08:13:56 +0000] "GET /series-rhadoop/ HTTP/1.1" 200 8052 "http://blog.fens.me/tag/r/" "Mozilla/5.0 (Windows NT 5.1) AppleWebKit/537.36 (KHTML, like Gecko) Chrome/29.0.1547.66 Safari/537.36"
60.247.77.253 - - [18/Sep/2013:08:13:57 +0000] "GET /wp-content/uploads/2013/09/ngTable1.png HTTP/1.1" 200 39745 "http://blog.fens.me/" "Mozilla/5.0 (Windows NT 6.1; WOW64) AppleWebKit/537.1 (KHTML, like Gecko) Chrome/21.0.1180.89 Safari/537.1"
203.110.175.179 - - [18/Sep/2013:08:13:57 +0000] "GET /wp-includes/js/comment-reply.min.js?ver=3.6 HTTP/1.1" 200 786 "http://blog.fens.me/series-rhadoop/" "Mozilla/5.0 (Windows NT 5.1) AppleWebKit/537.36 (KHTML, like Gecko) Chrome/29.0.1547.66 Safari/537.36"
60.247.77.253 - - [18/Sep/2013:08:13:57 +0000] "GET /wp-content/uploads/2013/09/ngTable.png HTTP/1.1" 200 65936 "http://blog.fens.me/" "Mozilla/5.0 (Windows NT 6.1; WOW64) AppleWebKit/537.1 (KHTML, like Gecko) Chrome/21.0.1180.89 Safari/537.1"
203.110.175.179 - - [18/Sep/2013:08:13:57 +0000] "GET /wp-content/uploads/2013/05/rhadoop.png HTTP/1.1" 200 119781 "http://blog.fens.me/series-rhadoop/" "Mozilla/5.0 (Windows NT 5.1) AppleWebKit/537.36 (KHTML, like Gecko) Chrome/29.0.1547.66 Safari/537.36"
60.247.77.253 - - [18/Sep/2013:08:13:57 +0000] "GET /wp-content/uploads/2013/09/rjson.png HTTP/1.1" 200 56004 "http://blog.fens.me/" "Mozilla/5.0 (Windows NT 6.1; WOW64) AppleWebKit/537.1 (KHTML, like Gecko) Chrome/21.0.1180.89 Safari/537.1"
60.247.77.253 - - [18/Sep/2013:08:13:58 +0000] "GET /wp-content/uploads/2013/09/nodejs-async.png HTTP/1.1" 200 126137 "http://blog.fens.me/" "Mozilla/5.0 (Windows NT 6.1; WOW64) AppleWebKit/537.1 (KHTML, like Gecko) Chrome/21.0.1180.89 Safari/537.1"
60.247.77.253 - - [18/Sep/2013:08:13:59 +0000] "GET /wp-content/uploads/2013/09/nodejs-mysql.png HTTP/1.1" 200 88091 "http://blog.fens.me/" "Mozilla/5.0 (Windows NT 6.1; WOW64) AppleWebKit/537.1 (KHTML, like Gecko) Chrome/21.0.1180.89 Safari/537.1"
203.110.175.179 - - [18/Sep/2013:08:14:00 +0000] "GET /series-rhadoop/?cf_action=sync_comments&post_id=227 HTTP/1.1" 200 48 "http://blog.fens.me/series-rhadoop/" "Mozilla/5.0 (Windows NT 5.1) AppleWebKit/537.36 (KHTML, like Gecko) Chrome/29.0.1547.66 Safari/537.36"
60.247.77.253 - - [18/Sep/2013:08:14:01 +0000] "GET /wp-content/uploads/2013/09/ngTable2.png HTTP/1.1" 200 51396 "http://blog.fens.me/" "Mozilla/5.0 (Windows NT 6.1; WOW64) AppleWebKit/537.1 (KHTML, like Gecko) Chrome/21.0.1180.89 Safari/537.1"
60.247.77.253 - - [18/Sep/2013:08:14:02 +0000] "GET /wp-content/uploads/2013/09/nodejs-mysql.png HTTP/1.1" 200 88091 "-" "Mozilla/5.0 (Windows NT 6.1; WOW64) AppleWebKit/537.1 (KHTML, like Gecko) Chrome/21.0.1180.89 Safari/537.1"
60.247.77.253 - - [18/Sep/2013:08:14:02 +0000] "GET /wp-content/themes/silesia/images/ico-meta.gif HTTP/1.1" 200 73 "http://blog.fens.me/" "Mozilla/5.0 (Windows NT 6.1; WOW64) AppleWebKit/537.1 (KHTML, like Gecko) Chrome/21.0.1180.89 Safari/537.1"
60.247.77.253 - - [18/Sep/2013:08:14:02 +0000] "GET /wp-content/themes/silesia/images/natty-logo.png HTTP/1.1" 200 1438 "http://blog.fens.me/" "Mozilla/5.0 (Windows NT 6.1; WOW64) AppleWebKit/537.1 (KHTML, like Gecko) Chrome/21.0.1180.89 Safari/537.1"
210.22.158.133 - - [18/Sep/2013:08:14:02 +0000] "GET /nodejs-karma-jasmine/?cf_action=sync_comments&post_id=2018 HTTP/1.1" 200 48 "http://blog.fens.me/nodejs-karma-jasmine/" "Mozilla/5.0 (Windows NT 6.1; WOW64) AppleWebKit/536.11 (KHTML, like Gecko) Chrome/20.0.1132.11 TaoBrowser/3.2 Safari/536.11"
60.247.77.253 - - [18/Sep/2013:08:14:02 +0000] "GET /wp-content/uploads/2013/09/ngTable3.png HTTP/1.1" 200 55307 "http://blog.fens.me/" "Mozilla/5.0 (Windows NT 6.1; WOW64) AppleWebKit/537.1 (KHTML, like Gecko) Chrome/21.0.1180.89 Safari/537.1"
60.247.77.253 - - [18/Sep/2013:08:14:04 +0000] "GET /wp-content/uploads/2013/09/nodejs-mysql.png HTTP/1.1" 200 88091 "-" "Mozilla/5.0 (Windows NT 6.1; WOW64) AppleWebKit/537.1 (KHTML, like Gecko) Chrome/21.0.1180.89 Safari/537.1"
60.247.77.253 - - [18/Sep/2013:08:14:06 +0000] "GET /wp-content/uploads/2013/09/nodejs-async.png HTTP/1.1" 200 126137 "-" "Mozilla/5.0 (Windows NT 6.1; WOW64) AppleWebKit/537.1 (KHTML, like Gecko) Chrome/21.0.1180.89 Safari/537.1"
60.247.77.253 - - [18/Sep/2013:08:14:06 +0000] "GET /wp-content/uploads/2013/09/HadoopMahoutRoadmap.png HTTP/1.1" 200 112029 "http://blog.fens.me/" "Mozilla/5.0 (Windows NT 6.1; WOW64) AppleWebKit/537.1 (KHTML, like Gecko) Chrome/21.0.1180.89 Safari/537.1"
60.247.77.253 - - [18/Sep/2013:08:14:06 +0000] "GET /wp-content/uploads/2013/09/rjson.png HTTP/1.1" 200 56004 "-" "Mozilla/5.0 (Windows NT 6.1; WOW64) AppleWebKit/537.1 (KHTML, like Gecko) Chrome/21.0.1180.89 Safari/537.1"
163.177.71.12 - - [18/Sep/2013:08:14:08 +0000] "HEAD / HTTP/1.1" 200 20 "-" "DNSPod-Monitor/1.0"
60.247.77.253 - - [18/Sep/2013:08:14:08 +0000] "GET /wp-content/uploads/2013/09/rjson.png HTTP/1.1" 200 56004 "-" "Mozilla/5.0 (Windows NT 6.1; WOW64) AppleWebKit/537.1 (KHTML, like Gecko) Chrome/21.0.1180.89 Safari/537.1"
60.247.77.253 - - [18/Sep/2013:08:14:09 +0000] "GET /wp-content/uploads/2013/09/nodejs-mysql.png HTTP/1.1" 200 88091 "-" "Mozilla/5.0 (Windows NT 6.1; WOW64) AppleWebKit/537.1 (KHTML, like Gecko) Chrome/21.0.1180.89 Safari/537.1"
60.247.77.253 - - [18/Sep/2013:08:14:09 +0000] "GET /wp-content/uploads/2013/09/Hadoop-mahout-roadmap.png HTTP/1.1" 200 178536 "http://blog.fens.me/" "Mozilla/5.0 (Windows NT 6.1; WOW64) AppleWebKit/537.1 (KHTML, like Gecko) Chrome/21.0.1180.89 Safari/537.1"
60.247.77.253 - - [18/Sep/2013:08:14:10 +0000] "GET /wp-content/uploads/2013/09/rjson.png HTTP/1.1" 200 56004 "-" "Mozilla/5.0 (Windows NT 6.1; WOW64) AppleWebKit/537.1 (KHTML, like Gecko) Chrome/21.0.1180.89 Safari/537.1"
60.247.77.253 - - [18/Sep/2013:08:14:10 +0000] "GET /wp-content/uploads/2013/09/rjson.png HTTP/1.1" 200 56004 "-" "Mozilla/5.0 (Windows NT 6.1; WOW64) AppleWebKit/537.1 (KHTML, like Gecko) Chrome/21.0.1180.89 Safari/537.1"
163.177.71.12 - - [18/Sep/2013:08:14:11 +0000] "HEAD / HTTP/1.1" 200 20 "-" "DNSPod-Monitor/1.0"
60.247.77.253 - - [18/Sep/2013:08:14:12 +0000] "GET /wp-content/uploads/2013/09/nodejs-mysql.png HTTP/1.1" 200 88091 "-" "Mozilla/5.0 (Windows NT 6.1; WOW64) AppleWebKit/537.1 (KHTML, like Gecko) Chrome/21.0.1180.89 Safari/537.1"
60.247.77.253 - - [18/Sep/2013:08:14:14 +0000] "GET /wp-content/uploads/2013/09/nodejs-async.png HTTP/1.1" 200 126129 "-" "Mozilla/5.0 (Windows NT 6.1; WOW64) AppleWebKit/537.1 (KHTML, like Gecko) Chrome/21.0.1180.89 Safari/537.1"
60.247.77.253 - - [18/Sep/2013:08:14:14 +0000] "GET /wp-content/uploads/2013/09/nodejs-async.png HTTP/1.1" 200 126129 "-" "Mozilla/5.0 (Windows NT 6.1; WOW64) AppleWebKit/537.1 (KHTML, like Gecko) Chrome/21.0.1180.89 Safari/537.1"
203.110.175.179 - - [18/Sep/2013:08:14:15 +0000] "-" 400 0 "-" "-"
203.110.175.179 - - [18/Sep/2013:08:14:15 +0000] "-" 400 0 "-" "-"
101.226.68.137 - - [18/Sep/2013:08:14:15 +0000] "HEAD / HTTP/1.1" 200 20 "-" "DNSPod-Monitor/1.0"
101.226.68.137 - - [18/Sep/2013:08:14:18 +0000] "HEAD / HTTP/1.1" 200 20 "-" "DNSPod-Monitor/1.0"
60.247.77.253 - - [18/Sep/2013:08:14:21 +0000] "GET /wp-content/uploads/2013/05/favicon.ico HTTP/1.1" 200 1150 "-" "Mozilla/5.0 (Windows NT 6.1; WOW64) AppleWebKit/537.1 (KHTML, like Gecko) Chrome/21.0.1180.89 Safari/537.1"
60.247.77.253 - - [18/Sep/2013:08:14:25 +0000] "GET /wp-content/uploads/2013/09/nodejs-async.png HTTP/1.1" 200 126137 "-" "Mozilla/5.0 (Windows NT 6.1; WOW64) AppleWebKit/537.1 (KHTML, like Gecko) Chrome/21.0.1180.89 Safari/537.1"
124.238.218.5 - - [18/Sep/2013:08:14:25 +0000] "GET /wp-content/uploads/2013/08/webstorm.png HTTP/1.1" 200 115380 "http://angularjs.cn/A0d8" "Mozilla/5.0 (Windows NT 6.1; WOW64) AppleWebKit/537.36 (KHTML, like Gecko) Chrome/29.0.1547.66 Safari/537.36"
124.238.218.5 - - [18/Sep/2013:08:14:27 +0000] "GET /wp-content/uploads/2013/08/AngularJS-route.png HTTP/1.1" 200 177595 "http://angularjs.cn/A0dh" "Mozilla/5.0 (Windows NT 6.1; WOW64) AppleWebKit/537.36 (KHTML, like Gecko) Chrome/29.0.1547.66 Safari/537.36"
61.228.132.84 - - [18/Sep/2013:08:14:32 +0000] "GET /page/16/ HTTP/1.1" 200 22757 "-" "Mozilla/4.0 (compatible; MSIE 7.0; Windows NT 6.1; WOW64; Trident/5.0; SLCC2; .NET CLR 2.0.50727; .NET CLR 3.5.30729; .NET CLR 3.0.30729; Media Center PC 6.0; .NET4.0C; .NET4.0E)"
60.247.77.253 - - [18/Sep/2013:08:14:33 +0000] "GET /wp-content/uploads/2013/09/rjson.png HTTP/1.1" 200 56004 "-" "Mozilla/5.0 (Windows NT 6.1; WOW64) AppleWebKit/537.1 (KHTML, like Gecko) Chrome/21.0.1180.89 Safari/537.1"
60.247.77.253 - - [18/Sep/2013:08:14:33 +0000] "GET /wp-content/uploads/2013/09/nodejs-mysql.png HTTP/1.1" 200 88091 "-" "Mozilla/5.0 (Windows NT 6.1; WOW64) AppleWebKit/537.1 (KHTML, like Gecko) Chrome/21.0.1180.89 Safari/537.1"
60.247.77.253 - - [18/Sep/2013:08:14:35 +0000] "GET /wp-content/uploads/2013/09/nodejs-async.png HTTP/1.1" 200 126129 "-" "Mozilla/5.0 (Windows NT 6.1; WOW64) AppleWebKit/537.1 (KHTML, like Gecko) Chrome/21.0.1180.89 Safari/537.1"
210.22.158.133 - - [18/Sep/2013:08:14:37 +0000] "GET /wp-content/uploads/2013/05/favicon.ico HTTP/1.1" 200 1150 "-" "Mozilla/5.0 (Windows NT 6.1; WOW64) AppleWebKit/536.11 (KHTML, like Gecko) Chrome/20.0.1132.11 TaoBrowser/3.2 Safari/536.11"
114.80.243.202 - - [18/Sep/2013:08:14:38 +0000] "GET /nodejs-karma-jasmine/ HTTP/1.1" 200 42906 "http://cnodejs.org/topic/521c2cd6bee8d3cb12a82ea0" "Mozilla/4.0 (compatible; MSIE 8.0; Windows NT 6.1; Trident/4.0; SLCC2; .NET CLR 2.0.50727; .NET CLR 3.5.30729; .NET CLR 3.0.30729; Media Center PC 6.0; .NET4.0C; .NET4.0E; InfoPath.3)"
114.80.243.202 - - [18/Sep/2013:08:14:39 +0000] "GET /wp-content/themes/silesia/style.css HTTP/1.1" 200 34090 "http://blog.fens.me/nodejs-karma-jasmine/" "Mozilla/4.0 (compatible; MSIE 8.0; Windows NT 6.1; Trident/4.0; SLCC2; .NET CLR 2.0.50727; .NET CLR 3.5.30729; .NET CLR 3.0.30729; Media Center PC 6.0; .NET4.0C; .NET4.0E; InfoPath.3)"
114.80.243.202 - - [18/Sep/2013:08:14:39 +0000] "GET /wp-includes/js/jquery/jquery-migrate.min.js?ver=1.2.1 HTTP/1.1" 200 7200 "http://blog.fens.me/nodejs-karma-jasmine/" "Mozilla/4.0 (compatible; MSIE 8.0; Windows NT 6.1; Trident/4.0; SLCC2; .NET CLR 2.0.50727; .NET CLR 3.5.30729; .NET CLR 3.0.30729; Media Center PC 6.0; .NET4.0C; .NET4.0E; InfoPath.3)"
114.80.243.202 - - [18/Sep/2013:08:14:39 +0000] "GET /wp-includes/js/jquery/jquery.js?ver=1.10.2 HTTP/1.1" 200 93128 "http://blog.fens.me/nodejs-karma-jasmine/" "Mozilla/4.0 (compatible; MSIE 8.0; Windows NT 6.1; Trident/4.0; SLCC2; .NET CLR 2.0.50727; .NET CLR 3.5.30729; .NET CLR 3.0.30729; Media Center PC 6.0; .NET4.0C; .NET4.0E; InfoPath.3)"
114.80.243.202 - - [18/Sep/2013:08:14:39 +0000] "GET /wp-content/themes/silesia/js/load.js HTTP/1.1" 200 715 "http://blog.fens.me/nodejs-karma-jasmine/" "Mozilla/4.0 (compatible; MSIE 8.0; Windows NT 6.1; Trident/4.0; SLCC2; .NET CLR 2.0.50727; .NET CLR 3.5.30729; .NET CLR 3.0.30729; Media Center PC 6.0; .NET4.0C; .NET4.0E; InfoPath.3)"
114.80.243.202 - - [18/Sep/2013:08:14:40 +0000] "GET /wp-content/themes/silesia/functions/css/shortcodes.css HTTP/1.1" 200 2899 "http://blog.fens.me/nodejs-karma-jasmine/" "Mozilla/4.0 (compatible; MSIE 8.0; Windows NT 6.1; Trident/4.0; SLCC2; .NET CLR 2.0.50727; .NET CLR 3.5.30729; .NET CLR 3.0.30729; Media Center PC 6.0; .NET4.0C; .NET4.0E; InfoPath.3)"
114.80.243.202 - - [18/Sep/2013:08:14:40 +0000] "GET /wp-content/themes/silesia/js/jquery.cycle.all.min.js HTTP/1.1" 200 31539 "http://blog.fens.me/nodejs-karma-jasmine/" "Mozilla/4.0 (compatible; MSIE 8.0; Windows NT 6.1; Trident/4.0; SLCC2; .NET CLR 2.0.50727; .NET CLR 3.5.30729; .NET CLR 3.0.30729; Media Center PC 6.0; .NET4.0C; .NET4.0E; InfoPath.3)"
114.80.243.202 - - [18/Sep/2013:08:14:40 +0000] "GET /wp-includes/js/comment-reply.min.js?ver=3.6 HTTP/1.1" 200 786 "http://blog.fens.me/nodejs-karma-jasmine/" "Mozilla/4.0 (compatible; MSIE 8.0; Windows NT 6.1; Trident/4.0; SLCC2; .NET CLR 2.0.50727; .NET CLR 3.5.30729; .NET CLR 3.0.30729; Media Center PC 6.0; .NET4.0C; .NET4.0E; InfoPath.3)"
114.80.243.202 - - [18/Sep/2013:08:14:40 +0000] "GET /wp-content/themes/silesia/functions/js/shortcode.js HTTP/1.1" 200 333 "http://blog.fens.me/nodejs-karma-jasmine/" "Mozilla/4.0 (compatible; MSIE 8.0; Windows NT 6.1; Trident/4.0; SLCC2; .NET CLR 2.0.50727; .NET CLR 3.5.30729; .NET CLR 3.0.30729; Media Center PC 6.0; .NET4.0C; .NET4.0E; InfoPath.3)"
114.80.243.202 - - [18/Sep/2013:08:14:40 +0000] "GET /wp-content/uploads/2013/08/karma1.png HTTP/1.1" 200 18311 "http://blog.fens.me/nodejs-karma-jasmine/" "Mozilla/4.0 (compatible; MSIE 8.0; Windows NT 6.1; Trident/4.0; SLCC2; .NET CLR 2.0.50727; .NET CLR 3.5.30729; .NET CLR 3.0.30729; Media Center PC 6.0; .NET4.0C; .NET4.0E; InfoPath.3)"
114.80.243.202 - - [18/Sep/2013:08:14:40 +0000] "GET /wp-content/uploads/2013/08/karma.png HTTP/1.1" 304 0 "http://blog.fens.me/nodejs-karma-jasmine/" "Mozilla/4.0 (compatible; MSIE 8.0; Windows NT 6.1; Trident/4.0; SLCC2; .NET CLR 2.0.50727; .NET CLR 3.5.30729; .NET CLR 3.0.30729; Media Center PC 6.0; .NET4.0C; .NET4.0E; InfoPath.3)"
114.80.243.202 - - [18/Sep/2013:08:14:40 +0000] "GET /wp-content/uploads/2013/08/karma2.png HTTP/1.1" 200 19688 "http://blog.fens.me/nodejs-karma-jasmine/" "Mozilla/4.0 (compatible; MSIE 8.0; Windows NT 6.1; Trident/4.0; SLCC2; .NET CLR 2.0.50727; .NET CLR 3.5.30729; .NET CLR 3.0.30729; Media Center PC 6.0; .NET4.0C; .NET4.0E; InfoPath.3)"
114.80.243.202 - - [18/Sep/2013:08:14:40 +0000] "GET /wp-content/uploads/2013/08/karma3.png HTTP/1.1" 200 29045 "http://blog.fens.me/nodejs-karma-jasmine/" "Mozilla/4.0 (compatible; MSIE 8.0; Windows NT 6.1; Trident/4.0; SLCC2; .NET CLR 2.0.50727; .NET CLR 3.5.30729; .NET CLR 3.0.30729; Media Center PC 6.0; .NET4.0C; .NET4.0E; InfoPath.3)"
114.80.243.202 - - [18/Sep/2013:08:14:40 +0000] "GET /wp-content/themes/silesia/images/slide-bg.png HTTP/1.1" 200 934 "http://blog.fens.me/nodejs-karma-jasmine/" "Mozilla/4.0 (compatible; MSIE 8.0; Windows NT 6.1; Trident/4.0; SLCC2; .NET CLR 2.0.50727; .NET CLR 3.5.30729; .NET CLR 3.0.30729; Media Center PC 6.0; .NET4.0C; .NET4.0E; InfoPath.3)"
114.80.243.202 - - [18/Sep/2013:08:14:40 +0000] "GET /wp-content/uploads/2013/08/karma4.png HTTP/1.1" 200 30679 "http://blog.fens.me/nodejs-karma-jasmine/" "Mozilla/4.0 (compatible; MSIE 8.0; Windows NT 6.1; Trident/4.0; SLCC2; .NET CLR 2.0.50727; .NET CLR 3.5.30729; .NET CLR 3.0.30729; Media Center PC 6.0; .NET4.0C; .NET4.0E; InfoPath.3)"
114.80.243.202 - - [18/Sep/2013:08:14:41 +0000] "GET /wp-content/themes/silesia/images/ico-twitter.png HTTP/1.1" 200 2128 "http://blog.fens.me/nodejs-karma-jasmine/" "Mozilla/4.0 (compatible; MSIE 8.0; Windows NT 6.1; Trident/4.0; SLCC2; .NET CLR 2.0.50727; .NET CLR 3.5.30729; .NET CLR 3.0.30729; Media Center PC 6.0; .NET4.0C; .NET4.0E; InfoPath.3)"
114.80.243.202 - - [18/Sep/2013:08:14:41 +0000] "GET /js/google.js HTTP/1.1" 200 475 "http://blog.fens.me/nodejs-karma-jasmine/" "Mozilla/4.0 (compatible; MSIE 8.0; Windows NT 6.1; Trident/4.0; SLCC2; .NET CLR 2.0.50727; .NET CLR 3.5.30729; .NET CLR 3.0.30729; Media Center PC 6.0; .NET4.0C; .NET4.0E; InfoPath.3)"
114.80.243.202 - - [18/Sep/2013:08:14:41 +0000] "GET /wp-content/themes/silesia/images/crubms-div.png HTTP/1.1" 200 1255 "http://blog.fens.me/nodejs-karma-jasmine/" "Mozilla/4.0 (compatible; MSIE 8.0; Windows NT 6.1; Trident/4.0; SLCC2; .NET CLR 2.0.50727; .NET CLR 3.5.30729; .NET CLR 3.0.30729; Media Center PC 6.0; .NET4.0C; .NET4.0E; InfoPath.3)"
114.80.243.202 - - [18/Sep/2013:08:14:41 +0000] "GET /wp-content/themes/silesia/images/home-ico.png HTTP/1.1" 200 1103 "http://blog.fens.me/nodejs-karma-jasmine/" "Mozilla/4.0 (compatible; MSIE 8.0; Windows NT 6.1; Trident/4.0; SLCC2; .NET CLR 2.0.50727; .NET CLR 3.5.30729; .NET CLR 3.0.30729; Media Center PC 6.0; .NET4.0C; .NET4.0E; InfoPath.3)"
114.80.243.202 - - [18/Sep/2013:08:14:41 +0000] "GET /js/baidu.js HTTP/1.1" 200 249 "http://blog.fens.me/nodejs-karma-jasmine/" "Mozilla/4.0 (compatible; MSIE 8.0; Windows NT 6.1; Trident/4.0; SLCC2; .NET CLR 2.0.50727; .NET CLR 3.5.30729; .NET CLR 3.0.30729; Media Center PC 6.0; .NET4.0C; .NET4.0E; InfoPath.3)"
114.80.243.202 - - [18/Sep/2013:08:14:41 +0000] "GET /wp-content/themes/silesia/images/sprites/post-type.png HTTP/1.1" 200 2009 "http://blog.fens.me/nodejs-karma-jasmine/" "Mozilla/4.0 (compatible; MSIE 8.0; Windows NT 6.1; Trident/4.0; SLCC2; .NET CLR 2.0.50727; .NET CLR 3.5.30729; .NET CLR 3.0.30729; Media Center PC 6.0; .NET4.0C; .NET4.0E; InfoPath.3)"
114.80.243.202 - - [18/Sep/2013:08:14:41 +0000] "GET /wp-content/themes/silesia/images/bullets/5.gif HTTP/1.1" 200 62 "http://blog.fens.me/nodejs-karma-jasmine/" "Mozilla/4.0 (compatible; MSIE 8.0; Windows NT 6.1; Trident/4.0; SLCC2; .NET CLR 2.0.50727; .NET CLR 3.5.30729; .NET CLR 3.0.30729; Media Center PC 6.0; .NET4.0C; .NET4.0E; InfoPath.3)"
114.80.243.202 - - [18/Sep/2013:08:14:41 +0000] "GET /wp-content/themes/silesia/images/natty-logo.png HTTP/1.1" 200 1438 "http://blog.fens.me/nodejs-karma-jasmine/" "Mozilla/4.0 (compatible; MSIE 8.0; Windows NT 6.1; Trident/4.0; SLCC2; .NET CLR 2.0.50727; .NET CLR 3.5.30729; .NET CLR 3.0.30729; Media Center PC 6.0; .NET4.0C; .NET4.0E; InfoPath.3)"
114.80.243.202 - - [18/Sep/2013:08:14:41 +0000] "GET /wp-content/themes/silesia/images/ico-meta.gif HTTP/1.1" 200 73 "http://blog.fens.me/nodejs-karma-jasmine/" "Mozilla/4.0 (compatible; MSIE 8.0; Windows NT 6.1; Trident/4.0; SLCC2; .NET CLR 2.0.50727; .NET CLR 3.5.30729; .NET CLR 3.0.30729; Media Center PC 6.0; .NET4.0C; .NET4.0E; InfoPath.3)"
114.80.243.202 - - [18/Sep/2013:08:14:42 +0000] "GET /wp-content/uploads/2013/05/favicon.ico HTTP/1.1" 200 1150 "-" "Mozilla/4.0 (compatible; MSIE 8.0; Windows NT 6.1; Trident/4.0; SLCC2; .NET CLR 2.0.50727; .NET CLR 3.5.30729; .NET CLR 3.0.30729; Media Center PC 6.0; .NET4.0C; .NET4.0E; InfoPath.3)"
183.195.232.138 - - [18/Sep/2013:08:14:51 +0000] "HEAD / HTTP/1.1" 200 20 "-" "DNSPod-Monitor/1.0"
183.195.232.138 - - [18/Sep/2013:08:14:51 +0000] "HEAD / HTTP/1.1" 200 20 "-" "DNSPod-Monitor/1.0"
114.80.243.202 - - [18/Sep/2013:08:14:56 +0000] "GET /nodejs-karma-jasmine/?cf_action=sync_comments&post_id=2018 HTTP/1.1" 200 28 "http://blog.fens.me/nodejs-karma-jasmine/" "Mozilla/4.0 (compatible; MSIE 8.0; Windows NT 6.1; Trident/4.0; SLCC2; .NET CLR 2.0.50727; .NET CLR 3.5.30729; .NET CLR 3.0.30729; Media Center PC 6.0; .NET4.0C; .NET4.0E; InfoPath.3)"
60.247.77.253 - - [18/Sep/2013:08:14:59 +0000] "GET /category/%e6%95%b0%e6%8d%ae%e6%8c%96%e6%8e%98/ HTTP/1.1" 200 17504 "http://blog.fens.me/" "Mozilla/5.0 (Windows NT 6.1; WOW64) AppleWebKit/537.1 (KHTML, like Gecko) Chrome/21.0.1180.89 Safari/537.1"
60.247.77.253 - - [18/Sep/2013:08:15:00 +0000] "GET /wp-content/uploads/2013/05/1.jpg HTTP/1.1" 200 15763 "http://blog.fens.me/category/%e6%95%b0%e6%8d%ae%e6%8c%96%e6%8e%98/" "Mozilla/5.0 (Windows NT 6.1; WOW64) AppleWebKit/537.1 (KHTML, like Gecko) Chrome/21.0.1180.89 Safari/537.1"
60.247.77.253 - - [18/Sep/2013:08:15:00 +0000] "GET /wp-content/uploads/2013/05/2.jpg HTTP/1.1" 200 15331 "http://blog.fens.me/category/%e6%95%b0%e6%8d%ae%e6%8c%96%e6%8e%98/" "Mozilla/5.0 (Windows NT 6.1; WOW64) AppleWebKit/537.1 (KHTML, like Gecko) Chrome/21.0.1180.89 Safari/537.1"
60.247.77.253 - - [18/Sep/2013:08:15:00 +0000] "GET /wp-content/uploads/2013/05/5.jpg HTTP/1.1" 200 29456 "http://blog.fens.me/category/%e6%95%b0%e6%8d%ae%e6%8c%96%e6%8e%98/" "Mozilla/5.0 (Windows NT 6.1; WOW64) AppleWebKit/537.1 (KHTML, like Gecko) Chrome/21.0.1180.89 Safari/537.1"
60.247.77.253 - - [18/Sep/2013:08:15:00 +0000] "GET /wp-content/uploads/2013/05/6.jpg HTTP/1.1" 200 20115 "http://blog.fens.me/category/%e6%95%b0%e6%8d%ae%e6%8c%96%e6%8e%98/" "Mozilla/5.0 (Windows NT 6.1; WOW64) AppleWebKit/537.1 (KHTML, like Gecko) Chrome/21.0.1180.89 Safari/537.1"
60.247.77.253 - - [18/Sep/2013:08:15:00 +0000] "GET /wp-content/uploads/2013/05/3.jpg HTTP/1.1" 200 13511 "http://blog.fens.me/category/%e6%95%b0%e6%8d%ae%e6%8c%96%e6%8e%98/" "Mozilla/5.0 (Windows NT 6.1; WOW64) AppleWebKit/537.1 (KHTML, like Gecko) Chrome/21.0.1180.89 Safari/537.1"
60.247.77.253 - - [18/Sep/2013:08:15:01 +0000] "GET /wp-content/uploads/2013/05/7.jpg HTTP/1.1" 200 15031 "http://blog.fens.me/category/%e6%95%b0%e6%8d%ae%e6%8c%96%e6%8e%98/" "Mozilla/5.0 (Windows NT 6.1; WOW64) AppleWebKit/537.1 (KHTML, like Gecko) Chrome/21.0.1180.89 Safari/537.1"
60.247.77.253 - - [18/Sep/2013:08:15:01 +0000] "GET /wp-content/uploads/2013/05/8.jpg HTTP/1.1" 200 26489 "http://blog.fens.me/category/%e6%95%b0%e6%8d%ae%e6%8c%96%e6%8e%98/" "Mozilla/5.0 (Windows NT 6.1; WOW64) AppleWebKit/537.1 (KHTML, like Gecko) Chrome/21.0.1180.89 Safari/537.1"
60.247.77.253 - - [18/Sep/2013:08:15:01 +0000] "GET /wp-content/uploads/2013/05/9.jpg HTTP/1.1" 200 21255 "http://blog.fens.me/category/%e6%95%b0%e6%8d%ae%e6%8c%96%e6%8e%98/" "Mozilla/5.0 (Windows NT 6.1; WOW64) AppleWebKit/537.1 (KHTML, like Gecko) Chrome/21.0.1180.89 Safari/537.1"
60.247.77.253 - - [18/Sep/2013:08:15:01 +0000] "GET /wp-content/uploads/2013/05/10.jpg HTTP/1.1" 200 37516 "http://blog.fens.me/category/%e6%95%b0%e6%8d%ae%e6%8c%96%e6%8e%98/" "Mozilla/5.0 (Windows NT 6.1; WOW64) AppleWebKit/537.1 (KHTML, like Gecko) Chrome/21.0.1180.89 Safari/537.1"
60.247.77.253 - - [18/Sep/2013:08:15:01 +0000] "GET /wp-content/uploads/2013/05/4.jpg HTTP/1.1" 200 48221 "http://blog.fens.me/category/%e6%95%b0%e6%8d%ae%e6%8c%96%e6%8e%98/" "Mozilla/5.0 (Windows NT 6.1; WOW64) AppleWebKit/537.1 (KHTML, like Gecko) Chrome/21.0.1180.89 Safari/537.1"
60.247.77.253 - - [18/Sep/2013:08:15:02 +0000] "GET /wp-content/uploads/2013/05/14.jpg HTTP/1.1" 200 41369 "http://blog.fens.me/category/%e6%95%b0%e6%8d%ae%e6%8c%96%e6%8e%98/" "Mozilla/5.0 (Windows NT 6.1; WOW64) AppleWebKit/537.1 (KHTML, like Gecko) Chrome/21.0.1180.89 Safari/537.1"
60.247.77.253 - - [18/Sep/2013:08:15:02 +0000] "GET /wp-content/uploads/2013/05/13.jpg HTTP/1.1" 200 54655 "http://blog.fens.me/category/%e6%95%b0%e6%8d%ae%e6%8c%96%e6%8e%98/" "Mozilla/5.0 (Windows NT 6.1; WOW64) AppleWebKit/537.1 (KHTML, like Gecko) Chrome/21.0.1180.89 Safari/537.1"
60.247.77.253 - - [18/Sep/2013:08:15:03 +0000] "GET /wp-content/uploads/2013/05/15.jpg HTTP/1.1" 200 48257 "http://blog.fens.me/category/%e6%95%b0%e6%8d%ae%e6%8c%96%e6%8e%98/" "Mozilla/5.0 (Windows NT 6.1; WOW64) AppleWebKit/537.1 (KHTML, like Gecko) Chrome/21.0.1180.89 Safari/537.1"
60.247.77.253 - - [18/Sep/2013:08:15:04 +0000] "GET /wp-content/uploads/2013/05/12.jpg HTTP/1.1" 200 55543 "http://blog.fens.me/category/%e6%95%b0%e6%8d%ae%e6%8c%96%e6%8e%98/" "Mozilla/5.0 (Windows NT 6.1; WOW64) AppleWebKit/537.1 (KHTML, like Gecko) Chrome/21.0.1180.89 Safari/537.1"
124.238.218.5 - - [18/Sep/2013:08:15:17 +0000] "GET /angularjs-webstorm-ide/ HTTP/1.1" 200 10192 "http://angularjs.cn/A0d8" "Mozilla/5.0 (Windows NT 6.1; WOW64) AppleWebKit/537.36 (KHTML, like Gecko) Chrome/29.0.1547.66 Safari/537.36"
124.238.218.5 - - [18/Sep/2013:08:15:18 +0000] "GET /wp-content/themes/silesia/style.css HTTP/1.1" 200 7554 "http://blog.fens.me/angularjs-webstorm-ide/" "Mozilla/5.0 (Windows NT 6.1; WOW64) AppleWebKit/537.36 (KHTML, like Gecko) Chrome/29.0.1547.66 Safari/537.36"
124.238.218.5 - - [18/Sep/2013:08:15:18 +0000] "GET /wp-content/themes/silesia/js/jquery.cycle.all.min.js HTTP/1.1" 200 7784 "http://blog.fens.me/angularjs-webstorm-ide/" "Mozilla/5.0 (Windows NT 6.1; WOW64) AppleWebKit/537.36 (KHTML, like Gecko) Chrome/29.0.1547.66 Safari/537.36"
60.10.8.5 - - [18/Sep/2013:08:15:18 +0000] "GET /wp-content/themes/silesia/functions/css/shortcodes.css HTTP/1.1" 200 2899 "http://blog.fens.me/angularjs-webstorm-ide/" "Mozilla/5.0 (Windows NT 6.1; WOW64) AppleWebKit/537.36 (KHTML, like Gecko) Chrome/29.0.1547.66 Safari/537.36"
60.10.8.5 - - [18/Sep/2013:08:15:18 +0000] "GET /wp-includes/js/jquery/jquery.js?ver=1.10.2 HTTP/1.1" 200 32851 "http://blog.fens.me/angularjs-webstorm-ide/" "Mozilla/5.0 (Windows NT 6.1; WOW64) AppleWebKit/537.36 (KHTML, like Gecko) Chrome/29.0.1547.66 Safari/537.36"
60.10.8.5 - - [18/Sep/2013:08:15:18 +0000] "GET /wp-includes/js/jquery/jquery-migrate.min.js?ver=1.2.1 HTTP/1.1" 200 7200 "http://blog.fens.me/angularjs-webstorm-ide/" "Mozilla/5.0 (Windows NT 6.1; WOW64) AppleWebKit/537.36 (KHTML, like Gecko) Chrome/29.0.1547.66 Safari/537.36"
60.10.8.5 - - [18/Sep/2013:08:15:18 +0000] "GET /wp-includes/js/comment-reply.min.js?ver=3.6 HTTP/1.1" 200 786 "http://blog.fens.me/angularjs-webstorm-ide/" "Mozilla/5.0 (Windows NT 6.1; WOW64) AppleWebKit/537.36 (KHTML, like Gecko) Chrome/29.0.1547.66 Safari/537.36"
124.238.218.5 - - [18/Sep/2013:08:15:18 +0000] "GET /wp-content/themes/silesia/js/load.js HTTP/1.1" 200 715 "http://blog.fens.me/angularjs-webstorm-ide/" "Mozilla/5.0 (Windows NT 6.1; WOW64) AppleWebKit/537.36 (KHTML, like Gecko) Chrome/29.0.1547.66 Safari/537.36"
60.10.8.5 - - [18/Sep/2013:08:15:18 +0000] "GET /wp-content/themes/silesia/functions/js/shortcode.js HTTP/1.1" 200 333 "http://blog.fens.me/angularjs-webstorm-ide/" "Mozilla/5.0 (Windows NT 6.1; WOW64) AppleWebKit/537.36 (KHTML, like Gecko) Chrome/29.0.1547.66 Safari/537.36"
60.10.8.5 - - [18/Sep/2013:08:15:19 +0000] "GET /wp-content/uploads/2013/08/webstorm1.png HTTP/1.1" 200 17325 "http://blog.fens.me/angularjs-webstorm-ide/" "Mozilla/5.0 (Windows NT 6.1; WOW64) AppleWebKit/537.36 (KHTML, like Gecko) Chrome/29.0.1547.66 Safari/537.36"
124.238.218.5 - - [18/Sep/2013:08:15:19 +0000] "GET /wp-content/uploads/2013/08/webstorm3.png HTTP/1.1" 200 9972 "http://blog.fens.me/angularjs-webstorm-ide/" "Mozilla/5.0 (Windows NT 6.1; WOW64) AppleWebKit/537.36 (KHTML, like Gecko) Chrome/29.0.1547.66 Safari/537.36"
60.10.8.5 - - [18/Sep/2013:08:15:19 +0000] "GET /wp-content/uploads/2013/08/webstorm5.png HTTP/1.1" 200 8427 "http://blog.fens.me/angularjs-webstorm-ide/" "Mozilla/5.0 (Windows NT 6.1; WOW64) AppleWebKit/537.36 (KHTML, like Gecko) Chrome/29.0.1547.66 Safari/537.36"
124.238.218.5 - - [18/Sep/2013:08:15:19 +0000] "GET /wp-content/uploads/2013/08/webstorm6.png HTTP/1.1" 200 14104 "http://blog.fens.me/angularjs-webstorm-ide/" "Mozilla/5.0 (Windows NT 6.1; WOW64) AppleWebKit/537.36 (KHTML, like Gecko) Chrome/29.0.1547.66 Safari/537.36"
60.10.8.5 - - [18/Sep/2013:08:15:19 +0000] "GET /wp-content/uploads/2013/08/webstorm2.png HTTP/1.1" 200 51570 "http://blog.fens.me/angularjs-webstorm-ide/" "Mozilla/5.0 (Windows NT 6.1; WOW64) AppleWebKit/537.36 (KHTML, like Gecko) Chrome/29.0.1547.66 Safari/537.36"
60.10.8.5 - - [18/Sep/2013:08:15:19 +0000] "GET /wp-content/uploads/2013/08/webstorm4.png HTTP/1.1" 200 76522 "http://blog.fens.me/angularjs-webstorm-ide/" "Mozilla/5.0 (Windows NT 6.1; WOW64) AppleWebKit/537.36 (KHTML, like Gecko) Chrome/29.0.1547.66 Safari/537.36"
124.238.218.5 - - [18/Sep/2013:08:15:19 +0000] "GET /wp-content/uploads/2013/08/webstorm7.png HTTP/1.1" 200 25592 "http://blog.fens.me/angularjs-webstorm-ide/" "Mozilla/5.0 (Windows NT 6.1; WOW64) AppleWebKit/537.36 (KHTML, like Gecko) Chrome/29.0.1547.66 Safari/537.36"
60.10.8.5 - - [18/Sep/2013:08:15:19 +0000] "GET /wp-content/themes/silesia/images/slide-bg.png HTTP/1.1" 200 934 "http://blog.fens.me/angularjs-webstorm-ide/" "Mozilla/5.0 (Windows NT 6.1; WOW64) AppleWebKit/537.36 (KHTML, like Gecko) Chrome/29.0.1547.66 Safari/537.36"
