101.226.68.137 - - [18/Sep/2013:07:07:14 +0000] "HEAD / HTTP/1.1" 200 20 "-" "DNSPod-Monitor/1.0"
183.195.232.138 - - [18/Sep/2013:07:07:46 +0000] "HEAD / HTTP/1.1" 200 20 "-" "DNSPod-Monitor/1.0"
183.195.232.138 - - [18/Sep/2013:07:07:46 +0000] "HEAD / HTTP/1.1" 200 20 "-" "DNSPod-Monitor/1.0"
180.153.236.195 - - [18/Sep/2013:07:09:02 +0000] "GET /mongodb-shard/ HTTP/1.1" 200 11598 "http://blog.fens.me/mongodb-shard/" "Mozilla/5.0 (Windows; U; Windows NT 5.1; zh-CN; rv:1.8.0.11)  Firefox/1.5.0.11; 360Spider"
61.135.216.105 - - [18/Sep/2013:07:09:56 +0000] "GET /comments/feed/ HTTP/1.1" 304 0 "-" "Mozilla/5.0 (compatible;YoudaoFeedFetcher/1.0;http://www.youdao.com/help/reader/faq/topic006/;1 subscribers;)"
163.177.71.12 - - [18/Sep/2013:07:09:59 +0000] "HEAD / HTTP/1.1" 200 20 "-" "DNSPod-Monitor/1.0"
163.177.71.12 - - [18/Sep/2013:07:10:02 +0000] "HEAD / HTTP/1.1" 200 20 "-" "DNSPod-Monitor/1.0"
202.99.27.196 - - [18/Sep/2013:07:10:02 +0000] "GET /wp-content/uploads/2013/09/HadoopFamilyWordle.png HTTP/1.1" 200 163907 "http://www.google.com.hk/imgres?imgurl=http://blog.fens.me/wp-content/uploads/2013/09/HadoopFamilyWordle.png&imgrefurl=http://blog.fens.me/series-hadoop-family/&usg=__qlx5d5n_r174f-mNeRectt56yiE=&h=400&w=600&sz=161&hl=zh-CN&start=25&zoom=1&tbnid=qKIghhYiu5wkmM:&tbnh=90&tbnw=135&ei=rFE5Usz7KObpiAftjoC4BA&um=1&itbs=1&sa=X&ved=0CDQQrQMwBDgU" "Mozilla/5.0 (X11; Linux x86_64) AppleWebKit/537.36 (KHTML, like Gecko) Chrome/29.0.1547.65 Safari/537.36"
202.99.27.196 - - [18/Sep/2013:07:10:02 +0000] "GET /series-hadoop-family/ HTTP/1.1" 200 7407 "http://www.google.com.hk/imgres?imgurl=http://blog.fens.me/wp-content/uploads/2013/09/HadoopFamilyWordle.png&imgrefurl=http://blog.fens.me/series-hadoop-family/&usg=__qlx5d5n_r174f-mNeRectt56yiE=&h=400&w=600&sz=161&hl=zh-CN&start=25&zoom=1&tbnid=qKIghhYiu5wkmM:&tbnh=90&tbnw=135&ei=rFE5Usz7KObpiAftjoC4BA&um=1&itbs=1&sa=X&ved=0CDQQrQMwBDgU" "Mozilla/5.0 (X11; Linux x86_64) AppleWebKit/537.36 (KHTML, like Gecko) Chrome/29.0.1547.65 Safari/537.36"
202.99.27.196 - - [18/Sep/2013:07:10:03 +0000] "GET /wp-content/themes/silesia/style.css HTTP/1.1" 200 7554 "http://blog.fens.me/series-hadoop-family/" "Mozilla/5.0 (X11; Linux x86_64) AppleWebKit/537.36 (KHTML, like Gecko) Chrome/29.0.1547.65 Safari/537.36"
202.99.27.196 - - [18/Sep/2013:07:10:03 +0000] "GET /wp-content/themes/silesia/functions/css/shortcodes.css HTTP/1.1" 200 2899 "http://blog.fens.me/series-hadoop-family/" "Mozilla/5.0 (X11; Linux x86_64) AppleWebKit/537.36 (KHTML, like Gecko) Chrome/29.0.1547.65 Safari/537.36"
202.99.27.196 - - [18/Sep/2013:07:10:03 +0000] "GET /wp-includes/js/jquery/jquery-migrate.min.js?ver=1.2.1 HTTP/1.1" 200 7200 "http://blog.fens.me/series-hadoop-family/" "Mozilla/5.0 (X11; Linux x86_64) AppleWebKit/537.36 (KHTML, like Gecko) Chrome/29.0.1547.65 Safari/537.36"
202.99.27.196 - - [18/Sep/2013:07:10:03 +0000] "GET /wp-includes/js/comment-reply.min.js?ver=3.6 HTTP/1.1" 200 786 "http://blog.fens.me/series-hadoop-family/" "Mozilla/5.0 (X11; Linux x86_64) AppleWebKit/537.36 (KHTML, like Gecko) Chrome/29.0.1547.65 Safari/537.36"
202.99.27.196 - - [18/Sep/2013:07:10:03 +0000] "GET /wp-content/themes/silesia/js/jquery.cycle.all.min.js HTTP/1.1" 200 7784 "http://blog.fens.me/series-hadoop-family/" "Mozilla/5.0 (X11; Linux x86_64) AppleWebKit/537.36 (KHTML, like Gecko) Chrome/29.0.1547.65 Safari/537.36"
202.99.27.196 - - [18/Sep/2013:07:10:03 +0000] "GET /wp-content/themes/silesia/js/load.js HTTP/1.1" 200 715 "http://blog.fens.me/series-hadoop-family/" "Mozilla/5.0 (X11; Linux x86_64) AppleWebKit/537.36 (KHTML, like Gecko) Chrome/29.0.1547.65 Safari/537.36"
202.99.27.196 - - [18/Sep/2013:07:10:03 +0000] "GET /wp-content/themes/silesia/functions/js/shortcode.js HTTP/1.1" 200 333 "http://blog.fens.me/series-hadoop-family/" "Mozilla/5.0 (X11; Linux x86_64) AppleWebKit/537.36 (KHTML, like Gecko) Chrome/29.0.1547.65 Safari/537.36"
202.99.27.196 - - [18/Sep/2013:07:10:04 +0000] "GET /wp-includes/js/jquery/jquery.js?ver=1.10.2 HTTP/1.1" 200 32851 "http://blog.fens.me/series-hadoop-family/" "Mozilla/5.0 (X11; Linux x86_64) AppleWebKit/537.36 (KHTML, like Gecko) Chrome/29.0.1547.65 Safari/537.36"
202.99.27.196 - - [18/Sep/2013:07:10:04 +0000] "GET /wp-content/themes/silesia/images/ico-twitter.png HTTP/1.1" 200 2128 "http://blog.fens.me/series-hadoop-family/" "Mozilla/5.0 (X11; Linux x86_64) AppleWebKit/537.36 (KHTML, like Gecko) Chrome/29.0.1547.65 Safari/537.36"
202.99.27.196 - - [18/Sep/2013:07:10:04 +0000] "GET /wp-content/themes/silesia/images/slide-bg.png HTTP/1.1" 200 934 "http://blog.fens.me/series-hadoop-family/" "Mozilla/5.0 (X11; Linux x86_64) AppleWebKit/537.36 (KHTML, like Gecko) Chrome/29.0.1547.65 Safari/537.36"
202.99.27.196 - - [18/Sep/2013:07:10:04 +0000] "GET /wp-content/themes/silesia/images/home-ico.png HTTP/1.1" 200 1103 "http://blog.fens.me/series-hadoop-family/" "Mozilla/5.0 (X11; Linux x86_64) AppleWebKit/537.36 (KHTML, like Gecko) Chrome/29.0.1547.65 Safari/537.36"
202.99.27.196 - - [18/Sep/2013:07:10:04 +0000] "GET /wp-content/themes/silesia/images/crubms-div.png HTTP/1.1" 200 1255 "http://blog.fens.me/series-hadoop-family/" "Mozilla/5.0 (X11; Linux x86_64) AppleWebKit/537.36 (KHTML, like Gecko) Chrome/29.0.1547.65 Safari/537.36"
202.99.27.196 - - [18/Sep/2013:07:10:04 +0000] "GET /wp-content/themes/silesia/images/ico-meta.gif HTTP/1.1" 200 73 "http://blog.fens.me/series-hadoop-family/" "Mozilla/5.0 (X11; Linux x86_64) AppleWebKit/537.36 (KHTML, like Gecko) Chrome/29.0.1547.65 Safari/537.36"
202.99.27.196 - - [18/Sep/2013:07:10:04 +0000] "GET /wp-content/themes/silesia/images/natty-logo.png HTTP/1.1" 200 1438 "http://blog.fens.me/series-hadoop-family/" "Mozilla/5.0 (X11; Linux x86_64) AppleWebKit/537.36 (KHTML, like Gecko) Chrome/29.0.1547.65 Safari/537.36"
202.99.27.196 - - [18/Sep/2013:07:10:05 +0000] "GET /js/google.js HTTP/1.1" 200 475 "http://blog.fens.me/series-hadoop-family/" "Mozilla/5.0 (X11; Linux x86_64) AppleWebKit/537.36 (KHTML, like Gecko) Chrome/29.0.1547.65 Safari/537.36"
202.99.27.196 - - [18/Sep/2013:07:10:05 +0000] "GET /js/baidu.js HTTP/1.1" 200 249 "http://blog.fens.me/series-hadoop-family/" "Mozilla/5.0 (X11; Linux x86_64) AppleWebKit/537.36 (KHTML, like Gecko) Chrome/29.0.1547.65 Safari/537.36"
101.226.68.137 - - [18/Sep/2013:07:10:06 +0000] "HEAD / HTTP/1.1" 200 20 "-" "DNSPod-Monitor/1.0"
202.99.27.196 - - [18/Sep/2013:07:10:07 +0000] "GET /series-hadoop-family/?cf_action=sync_comments&post_id=2216 HTTP/1.1" 200 48 "http://blog.fens.me/series-hadoop-family/" "Mozilla/5.0 (X11; Linux x86_64) AppleWebKit/537.36 (KHTML, like Gecko) Chrome/29.0.1547.65 Safari/537.36"
101.226.68.137 - - [18/Sep/2013:07:10:09 +0000] "HEAD / HTTP/1.1" 200 20 "-" "DNSPod-Monitor/1.0"
202.99.27.196 - - [18/Sep/2013:07:10:21 +0000] "-" 400 0 "-" "-"
183.195.232.138 - - [18/Sep/2013:07:10:41 +0000] "HEAD / HTTP/1.1" 200 20 "-" "DNSPod-Monitor/1.0"
183.195.232.138 - - [18/Sep/2013:07:10:41 +0000] "HEAD / HTTP/1.1" 200 20 "-" "DNSPod-Monitor/1.0"
14.17.29.86 - - [18/Sep/2013:07:10:50 +0000] "GET /hadoop-hive-intro HTTP/1.1" 301 5 "-" "Mozilla/4.0"
61.148.244.188 - - [18/Sep/2013:07:10:50 +0000] "GET /hadoop-hive-intro/ HTTP/1.1" 200 14764 "-" "Mozilla/5.0 (Linux; U; Android 4.1.2; zh-cn; GT-I9300 Build/JZO54K) AppleWebKit/534.30 (KHTML, like Gecko) Version/4.0 Mobile Safari/534.30 V1_AND_SQ_4.2.1_3_YYB_D"
61.148.244.188 - - [18/Sep/2013:07:10:51 +0000] "GET /wp-content/themes/silesia/style.css HTTP/1.1" 200 7554 "http://blog.fens.me/hadoop-hive-intro/" "Mozilla/5.0 (Linux; U; Android 4.1.2; zh-cn; GT-I9300 Build/JZO54K) AppleWebKit/534.30 (KHTML, like Gecko) Version/4.0 Mobile Safari/534.30 V1_AND_SQ_4.2.1_3_YYB_D"
61.148.244.188 - - [18/Sep/2013:07:10:51 +0000] "GET /wp-includes/js/jquery/jquery-migrate.min.js?ver=1.2.1 HTTP/1.1" 200 7200 "http://blog.fens.me/hadoop-hive-intro/" "Mozilla/5.0 (Linux; U; Android 4.1.2; zh-cn; GT-I9300 Build/JZO54K) AppleWebKit/534.30 (KHTML, like Gecko) Version/4.0 Mobile Safari/534.30 V1_AND_SQ_4.2.1_3_YYB_D"
14.17.29.86 - - [18/Sep/2013:07:10:51 +0000] "GET /hadoop-hive-intro/ HTTP/1.1" 200 57193 "-" "Mozilla/4.0"
61.148.244.188 - - [18/Sep/2013:07:10:51 +0000] "GET /wp-includes/js/comment-reply.min.js?ver=3.6 HTTP/1.1" 200 786 "http://blog.fens.me/hadoop-hive-intro/" "Mozilla/5.0 (Linux; U; Android 4.1.2; zh-cn; GT-I9300 Build/JZO54K) AppleWebKit/534.30 (KHTML, like Gecko) Version/4.0 Mobile Safari/534.30 V1_AND_SQ_4.2.1_3_YYB_D"
61.148.244.188 - - [18/Sep/2013:07:10:51 +0000] "GET /wp-content/themes/silesia/js/jquery.cycle.all.min.js HTTP/1.1" 200 7784 "http://blog.fens.me/hadoop-hive-intro/" "Mozilla/5.0 (Linux; U; Android 4.1.2; zh-cn; GT-I9300 Build/JZO54K) AppleWebKit/534.30 (KHTML, like Gecko) Version/4.0 Mobile Safari/534.30 V1_AND_SQ_4.2.1_3_YYB_D"
61.148.244.188 - - [18/Sep/2013:07:10:51 +0000] "GET /wp-content/themes/silesia/js/load.js HTTP/1.1" 200 715 "http://blog.fens.me/hadoop-hive-intro/" "Mozilla/5.0 (Linux; U; Android 4.1.2; zh-cn; GT-I9300 Build/JZO54K) AppleWebKit/534.30 (KHTML, like Gecko) Version/4.0 Mobile Safari/534.30 V1_AND_SQ_4.2.1_3_YYB_D"
61.148.244.188 - - [18/Sep/2013:07:10:51 +0000] "GET /wp-content/themes/silesia/functions/css/shortcodes.css HTTP/1.1" 200 2899 "http://blog.fens.me/hadoop-hive-intro/" "Mozilla/5.0 (Linux; U; Android 4.1.2; zh-cn; GT-I9300 Build/JZO54K) AppleWebKit/534.30 (KHTML, like Gecko) Version/4.0 Mobile Safari/534.30 V1_AND_SQ_4.2.1_3_YYB_D"
61.148.244.188 - - [18/Sep/2013:07:10:51 +0000] "GET /wp-content/themes/silesia/functions/js/shortcode.js HTTP/1.1" 200 333 "http://blog.fens.me/hadoop-hive-intro/" "Mozilla/5.0 (Linux; U; Android 4.1.2; zh-cn; GT-I9300 Build/JZO54K) AppleWebKit/534.30 (KHTML, like Gecko) Version/4.0 Mobile Safari/534.30 V1_AND_SQ_4.2.1_3_YYB_D"
61.148.244.188 - - [18/Sep/2013:07:10:51 +0000] "GET /wp-includes/js/jquery/jquery.js?ver=1.10.2 HTTP/1.1" 200 32851 "http://blog.fens.me/hadoop-hive-intro/" "Mozilla/5.0 (Linux; U; Android 4.1.2; zh-cn; GT-I9300 Build/JZO54K) AppleWebKit/534.30 (KHTML, like Gecko) Version/4.0 Mobile Safari/534.30 V1_AND_SQ_4.2.1_3_YYB_D"
14.17.29.86 - - [18/Sep/2013:07:10:52 +0000] "GET /wp-content/themes/silesia/functions/js/shortcode.js HTTP/1.1" 200 333 "http://blog.fens.me/wp-content/themes/silesia/functions/js/shortcode.js" "Mozilla/4.0"
14.17.29.86 - - [18/Sep/2013:07:10:52 +0000] "GET /js/google.js HTTP/1.1" 200 475 "http://www.fens.me/js/google.js" "Mozilla/4.0"
14.17.29.86 - - [18/Sep/2013:07:10:52 +0000] "GET /wp-content/themes/silesia/js/load.js HTTP/1.1" 200 715 "http://blog.fens.me/wp-content/themes/silesia/js/load.js" "Mozilla/4.0"
14.17.29.86 - - [18/Sep/2013:07:10:52 +0000] "GET /wp-includes/js/comment-reply.min.js?ver=3.6 HTTP/1.1" 200 786 "http://blog.fens.me/wp-includes/js/comment-reply.min.js?ver=3.6" "Mozilla/4.0"
14.17.29.86 - - [18/Sep/2013:07:10:52 +0000] "GET /js/baidu.js HTTP/1.1" 200 249 "http://www.fens.me/js/baidu.js" "Mozilla/4.0"
14.17.29.86 - - [18/Sep/2013:07:10:52 +0000] "GET /wp-includes/js/jquery/jquery-migrate.min.js?ver=1.2.1 HTTP/1.1" 200 7200 "http://blog.fens.me/wp-includes/js/jquery/jquery-migrate.min.js?ver=1.2.1" "Mozilla/4.0"
14.17.29.86 - - [18/Sep/2013:07:10:52 +0000] "GET /wp-content/themes/silesia/js/ie6/warning.js HTTP/1.1" 200 8110 "http://blog.fens.me/wp-content/themes/silesia/js/ie6/warning.js" "Mozilla/4.0"
14.17.29.86 - - [18/Sep/2013:07:10:52 +0000] "GET /wp-content/themes/silesia/js/jquery.cycle.all.min.js HTTP/1.1" 200 31539 "http://blog.fens.me/wp-content/themes/silesia/js/jquery.cycle.all.min.js" "Mozilla/4.0"
14.17.29.86 - - [18/Sep/2013:07:10:52 +0000] "GET /wp-includes/js/jquery/jquery.js?ver=1.10.2 HTTP/1.1" 200 93128 "http://blog.fens.me/wp-includes/js/jquery/jquery.js?ver=1.10.2" "Mozilla/4.0"
61.148.244.188 - - [18/Sep/2013:07:10:53 +0000] "GET /wp-content/themes/silesia/images/slide-bg.png HTTP/1.1" 200 934 "http://blog.fens.me/hadoop-hive-intro/" "Mozilla/5.0 (Linux; U; Android 4.1.2; zh-cn; GT-I9300 Build/JZO54K) AppleWebKit/534.30 (KHTML, like Gecko) Version/4.0 Mobile Safari/534.30 V1_AND_SQ_4.2.1_3_YYB_D"
61.148.244.188 - - [18/Sep/2013:07:10:53 +0000] "GET /wp-content/themes/silesia/images/ico-twitter.png HTTP/1.1" 200 2128 "http://blog.fens.me/hadoop-hive-intro/" "Mozilla/5.0 (Linux; U; Android 4.1.2; zh-cn; GT-I9300 Build/JZO54K) AppleWebKit/534.30 (KHTML, like Gecko) Version/4.0 Mobile Safari/534.30 V1_AND_SQ_4.2.1_3_YYB_D"
61.148.244.188 - - [18/Sep/2013:07:10:53 +0000] "GET /wp-content/themes/silesia/images/home-ico.png HTTP/1.1" 200 1103 "http://blog.fens.me/hadoop-hive-intro/" "Mozilla/5.0 (Linux; U; Android 4.1.2; zh-cn; GT-I9300 Build/JZO54K) AppleWebKit/534.30 (KHTML, like Gecko) Version/4.0 Mobile Safari/534.30 V1_AND_SQ_4.2.1_3_YYB_D"
61.148.244.188 - - [18/Sep/2013:07:10:53 +0000] "GET /wp-content/themes/silesia/images/crubms-div.png HTTP/1.1" 200 1255 "http://blog.fens.me/hadoop-hive-intro/" "Mozilla/5.0 (Linux; U; Android 4.1.2; zh-cn; GT-I9300 Build/JZO54K) AppleWebKit/534.30 (KHTML, like Gecko) Version/4.0 Mobile Safari/534.30 V1_AND_SQ_4.2.1_3_YYB_D"
61.148.244.188 - - [18/Sep/2013:07:10:53 +0000] "GET /wp-content/themes/silesia/images/sprites/post-type.png HTTP/1.1" 200 2009 "http://blog.fens.me/hadoop-hive-intro/" "Mozilla/5.0 (Linux; U; Android 4.1.2; zh-cn; GT-I9300 Build/JZO54K) AppleWebKit/534.30 (KHTML, like Gecko) Version/4.0 Mobile Safari/534.30 V1_AND_SQ_4.2.1_3_YYB_D"
61.148.244.188 - - [18/Sep/2013:07:10:53 +0000] "GET /wp-content/themes/silesia/images/bullets/5.gif HTTP/1.1" 200 62 "http://blog.fens.me/hadoop-hive-intro/" "Mozilla/5.0 (Linux; U; Android 4.1.2; zh-cn; GT-I9300 Build/JZO54K) AppleWebKit/534.30 (KHTML, like Gecko) Version/4.0 Mobile Safari/534.30 V1_AND_SQ_4.2.1_3_YYB_D"
61.148.244.188 - - [18/Sep/2013:07:10:53 +0000] "GET /wp-content/themes/silesia/images/natty-logo.png HTTP/1.1" 200 1438 "http://blog.fens.me/hadoop-hive-intro/" "Mozilla/5.0 (Linux; U; Android 4.1.2; zh-cn; GT-I9300 Build/JZO54K) AppleWebKit/534.30 (KHTML, like Gecko) Version/4.0 Mobile Safari/534.30 V1_AND_SQ_4.2.1_3_YYB_D"
61.148.244.188 - - [18/Sep/2013:07:10:53 +0000] "-" 400 0 "-" "-"
61.148.244.188 - - [18/Sep/2013:07:10:53 +0000] "GET /wp-content/themes/silesia/images/ico-meta.gif HTTP/1.1" 200 73 "http://blog.fens.me/hadoop-hive-intro/" "Mozilla/5.0 (Linux; U; Android 4.1.2; zh-cn; GT-I9300 Build/JZO54K) AppleWebKit/534.30 (KHTML, like Gecko) Version/4.0 Mobile Safari/534.30 V1_AND_SQ_4.2.1_3_YYB_D"
61.148.244.188 - - [18/Sep/2013:07:10:54 +0000] "GET /wp-content/uploads/2013/07/hadoop-hive.png HTTP/1.1" 200 432916 "http://blog.fens.me/hadoop-hive-intro/" "Mozilla/5.0 (Linux; U; Android 4.1.2; zh-cn; GT-I9300 Build/JZO54K) AppleWebKit/534.30 (KHTML, like Gecko) Version/4.0 Mobile Safari/534.30 V1_AND_SQ_4.2.1_3_YYB_D"
61.148.244.188 - - [18/Sep/2013:07:10:57 +0000] "-" 400 0 "-" "-"
183.60.9.217 - - [18/Sep/2013:07:10:57 +0000] "HEAD /hadoop-hive-intro/ HTTP/1.1" 200 0 "-" "Mozilla/5.0 (compatible; MSIE 7.0; Windows NT 6.0)"
180.168.34.26 - - [18/Sep/2013:07:11:08 +0000] "-" 400 0 "-" "-"
180.168.34.26 - - [18/Sep/2013:07:11:08 +0000] "-" 400 0 "-" "-"
50.116.27.194 - - [18/Sep/2013:07:11:29 +0000] "POST /wp-cron.php?doing_wp_cron=1379488288.8893849849700927734375 HTTP/1.0" 200 0 "-" "WordPress/3.6; http://blog.fens.me"
149.174.186.29 - - [18/Sep/2013:07:11:29 +0000] "GET /feed/ HTTP/1.1" 200 33867 "-" "AolReader/0.1.18 +http://reader.aol.com/"
221.130.41.168 - - [18/Sep/2013:07:11:35 +0000] "GET /feed/ HTTP/1.1" 304 0 "-" "Mozilla/5.0 (Windows NT 6.1) AppleWebKit/537.36 (KHTML, like Gecko) Chrome/29.0.1547.66 Safari/537.36"
183.62.40.7 - - [18/Sep/2013:07:11:57 +0000] "GET /wp-content/uploads/2013/07/rcassandra.png HTTP/1.1" 200 185311 "http://cos.name/category/software/packages/" "Mozilla/4.0 (compatible; MSIE 8.0; Windows NT 5.1; Trident/4.0; .NET CLR 2.0.50727; CIBA; .NET CLR 3.0.4506.2152; .NET CLR 3.5.30729; .NET4.0C)"
216.24.199.48 - - [18/Sep/2013:07:12:43 +0000] "GET /feed/ HTTP/1.1" 200 33867 "-" "Mozilla/5.0 (Ubuntu; X11; Linux x86_64; rv:8.0) Gecko/20100101 Firefox/8.0"
219.142.23.106 - - [18/Sep/2013:07:12:53 +0000] "GET /series-hadoop-family/ HTTP/1.1" 200 7406 "http://www.google.com.hk/imgres?imgurl=http://blog.fens.me/wp-content/uploads/2013/09/HadoopFamilyWordle.png&imgrefurl=http://blog.fens.me/series-hadoop-family/&usg=__qlx5d5n_r174f-mNeRectt56yiE=&h=400&w=600&sz=161&hl=zh-CN&start=25&zoom=1&tbnid=qKIghhYiu5wkmM:&tbnh=90&tbnw=135&ei=rFE5Usz7KObpiAftjoC4BA&um=1&itbs=1&sa=X&ved=0CDQQrQMwBDgU" "Mozilla/5.0 (X11; Linux x86_64) AppleWebKit/537.36 (KHTML, like Gecko) Chrome/29.0.1547.65 Safari/537.36"
163.177.71.12 - - [18/Sep/2013:07:12:55 +0000] "HEAD / HTTP/1.1" 200 20 "-" "DNSPod-Monitor/1.0"
219.142.23.106 - - [18/Sep/2013:07:12:56 +0000] "GET /wp-content/uploads/2013/05/favicon.ico HTTP/1.1" 200 1150 "-" "Mozilla/5.0 (X11; Linux x86_64) AppleWebKit/537.36 (KHTML, like Gecko) Chrome/29.0.1547.65 Safari/537.36"
219.142.23.106 - - [18/Sep/2013:07:12:56 +0000] "GET /wp-content/uploads/2013/05/favicon.ico HTTP/1.1" 200 1150 "-" "Mozilla/5.0 (X11; Linux x86_64) AppleWebKit/537.36 (KHTML, like Gecko) Chrome/29.0.1547.65 Safari/537.36"
219.142.23.106 - - [18/Sep/2013:07:12:56 +0000] "GET /series-hadoop-family/?cf_action=sync_comments&post_id=2216 HTTP/1.1" 200 48 "http://blog.fens.me/series-hadoop-family/" "Mozilla/5.0 (X11; Linux x86_64) AppleWebKit/537.36 (KHTML, like Gecko) Chrome/29.0.1547.65 Safari/537.36"
163.177.71.12 - - [18/Sep/2013:07:12:58 +0000] "HEAD / HTTP/1.1" 200 20 "-" "DNSPod-Monitor/1.0"
8.35.201.53 - - [18/Sep/2013:07:13:00 +0000] "GET /feed/ HTTP/1.1" 304 0 "-" "Mozilla/5.0 (Windows NT 6.2; WOW64; rv:17.0) Gecko/20130801 Thunderbird/17.0.8 AppEngine-Google; (+http://code.google.com/appengine; appid: s~thu-ee)"
101.226.68.137 - - [18/Sep/2013:07:13:00 +0000] "HEAD / HTTP/1.1" 200 20 "-" "DNSPod-Monitor/1.0"
101.226.68.137 - - [18/Sep/2013:07:13:03 +0000] "HEAD / HTTP/1.1" 200 20 "-" "DNSPod-Monitor/1.0"
219.142.23.106 - - [18/Sep/2013:07:13:11 +0000] "-" 400 0 "-" "-"
219.142.23.106 - - [18/Sep/2013:07:13:11 +0000] "-" 400 0 "-" "-"
219.142.23.106 - - [18/Sep/2013:07:13:11 +0000] "-" 400 0 "-" "-"
219.142.23.106 - - [18/Sep/2013:07:13:11 +0000] "-" 400 0 "-" "-"
219.142.23.106 - - [18/Sep/2013:07:13:11 +0000] "-" 400 0 "-" "-"
123.125.71.18 - - [18/Sep/2013:07:13:12 +0000] "GET /vps-network-error/ HTTP/1.1" 200 12503 "-" "Mozilla/5.0 (compatible; Baiduspider/2.0; +http://www.baidu.com/search/spider.html)"
218.17.160.177 - - [18/Sep/2013:07:13:16 +0000] "-" 400 0 "-" "-"
123.125.71.92 - - [18/Sep/2013:07:13:19 +0000] "GET /wp-includes/js/jquery/jquery.js?ver=1.10.2 HTTP/1.1" 200 32851 "http://blog.fens.me/vps-network-error/" "Mozilla/5.0 (X11; U; Linux x86_64; en-US; rv:1.9) Gecko Minefield/3.0"
123.125.71.84 - - [18/Sep/2013:07:13:19 +0000] "GET /wp-includes/js/jquery/jquery-migrate.min.js?ver=1.2.1 HTTP/1.1" 200 7200 "http://blog.fens.me/vps-network-error/" "Mozilla/5.0 (X11; U; Linux x86_64; en-US; rv:1.9) Gecko Minefield/3.0"
123.125.71.108 - - [18/Sep/2013:07:13:20 +0000] "GET /wp-includes/js/comment-reply.min.js?ver=3.6 HTTP/1.1" 200 786 "http://blog.fens.me/vps-network-error/" "Mozilla/5.0 (X11; U; Linux x86_64; en-US; rv:1.9) Gecko Minefield/3.0"
123.125.71.94 - - [18/Sep/2013:07:13:20 +0000] "GET /wp-content/themes/silesia/js/jquery.cycle.all.min.js HTTP/1.1" 200 7784 "http://blog.fens.me/vps-network-error/" "Mozilla/5.0 (X11; U; Linux x86_64; en-US; rv:1.9) Gecko Minefield/3.0"
123.125.71.105 - - [18/Sep/2013:07:13:21 +0000] "GET /wp-content/themes/silesia/js/load.js HTTP/1.1" 200 715 "http://blog.fens.me/vps-network-error/" "Mozilla/5.0 (X11; U; Linux x86_64; en-US; rv:1.9) Gecko Minefield/3.0"
123.125.71.106 - - [18/Sep/2013:07:13:21 +0000] "GET /wp-content/themes/silesia/functions/js/shortcode.js HTTP/1.1" 200 333 "http://blog.fens.me/vps-network-error/" "Mozilla/5.0 (X11; U; Linux x86_64; en-US; rv:1.9) Gecko Minefield/3.0"
123.125.71.71 - - [18/Sep/2013:07:13:22 +0000] "GET /js/google.js HTTP/1.1" 200 475 "http://blog.fens.me/vps-network-error/" "Mozilla/5.0 (X11; U; Linux x86_64; en-US; rv:1.9) Gecko Minefield/3.0"
123.125.71.85 - - [18/Sep/2013:07:13:22 +0000] "GET /js/baidu.js HTTP/1.1" 200 249 "http://blog.fens.me/vps-network-error/" "Mozilla/5.0 (X11; U; Linux x86_64; en-US; rv:1.9) Gecko Minefield/3.0"
123.125.71.103 - - [18/Sep/2013:07:13:23 +0000] "GET /nodejs-bootstrap-select/ HTTP/1.1" 200 8995 "http://blog.fens.me/vps-network-error/" "Mozilla/5.0 (X11; U; Linux x86_64; en-US; rv:1.9) Gecko Minefield/3.0"
61.135.216.104 - - [18/Sep/2013:07:13:35 +0000] "GET /feed/ HTTP/1.1" 304 0 "-" "Mozilla/5.0 (compatible;YoudaoFeedFetcher/1.0;http://www.youdao.com/help/reader/faq/topic006/;2 subscribers;)"
183.195.232.138 - - [18/Sep/2013:07:13:36 +0000] "HEAD / HTTP/1.1" 200 20 "-" "DNSPod-Monitor/1.0"
183.195.232.138 - - [18/Sep/2013:07:13:36 +0000] "HEAD / HTTP/1.1" 200 20 "-" "DNSPod-Monitor/1.0"
116.24.8.156 - - [18/Sep/2013:07:15:09 +0000] "GET /wp-content/uploads/2013/08/ws-node.png HTTP/1.1" 200 26334 "-" "Mozilla/5.0 (Macintosh; Intel Mac OS X 10_8_4) AppleWebKit/536.30.1 (KHTML, like Gecko)"
116.24.8.156 - - [18/Sep/2013:07:15:09 +0000] "GET /wp-content/uploads/2013/08/ws-client1.png HTTP/1.1" 200 56116 "-" "Mozilla/5.0 (Macintosh; Intel Mac OS X 10_8_4) AppleWebKit/536.30.1 (KHTML, like Gecko)"
66.249.66.84 - - [18/Sep/2013:07:15:12 +0000] "GET /r-rserve-java/ HTTP/1.1" 200 10720 "-" "SAMSUNG-SGH-E250/1.0 Profile/MIDP-2.0 Configuration/CLDC-1.1 UP.Browser/6.2.3.3.c.1.101 (GUI) MMP/2.0 (compatible; Googlebot-Mobile/2.1; +http://www.google.com/bot.html)"
219.142.23.106 - - [18/Sep/2013:07:15:35 +0000] "GET /series-hadoop-family/ HTTP/1.1" 200 7406 "-" "Mozilla/5.0 (X11; Linux x86_64) AppleWebKit/537.36 (KHTML, like Gecko) Chrome/29.0.1547.65 Safari/537.36"
219.142.23.106 - - [18/Sep/2013:07:15:37 +0000] "GET /series-hadoop-family/?cf_action=sync_comments&post_id=2216 HTTP/1.1" 200 48 "http://blog.fens.me/series-hadoop-family/" "Mozilla/5.0 (X11; Linux x86_64) AppleWebKit/537.36 (KHTML, like Gecko) Chrome/29.0.1547.65 Safari/537.36"
60.247.54.4 - - [18/Sep/2013:07:15:40 +0000] "GET /r-json-rjson/ HTTP/1.1" 200 11499 "http://www.weibo.com/u/1219151651?wvr=5&" "Mozilla/5.0 (Windows NT 6.1) AppleWebKit/537.36 (KHTML, like Gecko) Chrome/29.0.1547.66 Safari/537.36"
60.247.54.4 - - [18/Sep/2013:07:15:40 +0000] "GET /wp-content/themes/silesia/style.css HTTP/1.1" 200 7554 "http://blog.fens.me/r-json-rjson/" "Mozilla/5.0 (Windows NT 6.1) AppleWebKit/537.36 (KHTML, like Gecko) Chrome/29.0.1547.66 Safari/537.36"
60.247.54.4 - - [18/Sep/2013:07:15:41 +0000] "GET /wp-content/themes/silesia/functions/css/shortcodes.css HTTP/1.1" 200 2899 "http://blog.fens.me/r-json-rjson/" "Mozilla/5.0 (Windows NT 6.1) AppleWebKit/537.36 (KHTML, like Gecko) Chrome/29.0.1547.66 Safari/537.36"
60.247.54.4 - - [18/Sep/2013:07:15:41 +0000] "GET /wp-includes/js/jquery/jquery.js?ver=1.10.2 HTTP/1.1" 200 32851 "http://blog.fens.me/r-json-rjson/" "Mozilla/5.0 (Windows NT 6.1) AppleWebKit/537.36 (KHTML, like Gecko) Chrome/29.0.1547.66 Safari/537.36"
60.247.54.4 - - [18/Sep/2013:07:15:41 +0000] "GET /wp-includes/js/jquery/jquery-migrate.min.js?ver=1.2.1 HTTP/1.1" 200 7200 "http://blog.fens.me/r-json-rjson/" "Mozilla/5.0 (Windows NT 6.1) AppleWebKit/537.36 (KHTML, like Gecko) Chrome/29.0.1547.66 Safari/537.36"
60.247.54.4 - - [18/Sep/2013:07:15:41 +0000] "GET /wp-includes/js/comment-reply.min.js?ver=3.6 HTTP/1.1" 200 786 "http://blog.fens.me/r-json-rjson/" "Mozilla/5.0 (Windows NT 6.1) AppleWebKit/537.36 (KHTML, like Gecko) Chrome/29.0.1547.66 Safari/537.36"
60.247.54.4 - - [18/Sep/2013:07:15:41 +0000] "GET /wp-content/themes/silesia/js/jquery.cycle.all.min.js HTTP/1.1" 200 7784 "http://blog.fens.me/r-json-rjson/" "Mozilla/5.0 (Windows NT 6.1) AppleWebKit/537.36 (KHTML, like Gecko) Chrome/29.0.1547.66 Safari/537.36"
60.247.54.4 - - [18/Sep/2013:07:15:41 +0000] "GET /wp-content/themes/silesia/js/load.js HTTP/1.1" 200 715 "http://blog.fens.me/r-json-rjson/" "Mozilla/5.0 (Windows NT 6.1) AppleWebKit/537.36 (KHTML, like Gecko) Chrome/29.0.1547.66 Safari/537.36"
60.247.54.4 - - [18/Sep/2013:07:15:41 +0000] "GET /wp-content/themes/silesia/functions/js/shortcode.js HTTP/1.1" 200 333 "http://blog.fens.me/r-json-rjson/" "Mozilla/5.0 (Windows NT 6.1) AppleWebKit/537.36 (KHTML, like Gecko) Chrome/29.0.1547.66 Safari/537.36"
60.247.54.4 - - [18/Sep/2013:07:15:42 +0000] "GET /wp-content/themes/silesia/images/home-ico.png HTTP/1.1" 200 1103 "http://blog.fens.me/r-json-rjson/" "Mozilla/5.0 (Windows NT 6.1) AppleWebKit/537.36 (KHTML, like Gecko) Chrome/29.0.1547.66 Safari/537.36"
60.247.54.4 - - [18/Sep/2013:07:15:42 +0000] "GET /wp-content/themes/silesia/images/crubms-div.png HTTP/1.1" 200 1255 "http://blog.fens.me/r-json-rjson/" "Mozilla/5.0 (Windows NT 6.1) AppleWebKit/537.36 (KHTML, like Gecko) Chrome/29.0.1547.66 Safari/537.36"
60.247.54.4 - - [18/Sep/2013:07:15:42 +0000] "GET /wp-content/themes/silesia/images/slide-bg.png HTTP/1.1" 200 934 "http://blog.fens.me/r-json-rjson/" "Mozilla/5.0 (Windows NT 6.1) AppleWebKit/537.36 (KHTML, like Gecko) Chrome/29.0.1547.66 Safari/537.36"
60.247.54.4 - - [18/Sep/2013:07:15:42 +0000] "GET /wp-content/themes/silesia/images/ico-twitter.png HTTP/1.1" 200 2128 "http://blog.fens.me/r-json-rjson/" "Mozilla/5.0 (Windows NT 6.1) AppleWebKit/537.36 (KHTML, like Gecko) Chrome/29.0.1547.66 Safari/537.36"
60.247.54.4 - - [18/Sep/2013:07:15:42 +0000] "GET /wp-content/themes/silesia/images/sprites/post-type.png HTTP/1.1" 200 2009 "http://blog.fens.me/r-json-rjson/" "Mozilla/5.0 (Windows NT 6.1) AppleWebKit/537.36 (KHTML, like Gecko) Chrome/29.0.1547.66 Safari/537.36"
60.247.54.4 - - [18/Sep/2013:07:15:42 +0000] "GET /wp-content/themes/silesia/images/bullets/5.gif HTTP/1.1" 200 62 "http://blog.fens.me/r-json-rjson/" "Mozilla/5.0 (Windows NT 6.1) AppleWebKit/537.36 (KHTML, like Gecko) Chrome/29.0.1547.66 Safari/537.36"
60.247.54.4 - - [18/Sep/2013:07:15:42 +0000] "GET /wp-content/themes/silesia/images/ico-meta.gif HTTP/1.1" 200 73 "http://blog.fens.me/r-json-rjson/" "Mozilla/5.0 (Windows NT 6.1) AppleWebKit/537.36 (KHTML, like Gecko) Chrome/29.0.1547.66 Safari/537.36"
60.247.54.4 - - [18/Sep/2013:07:15:42 +0000] "GET /wp-content/themes/silesia/images/natty-logo.png HTTP/1.1" 200 1438 "http://blog.fens.me/r-json-rjson/" "Mozilla/5.0 (Windows NT 6.1) AppleWebKit/537.36 (KHTML, like Gecko) Chrome/29.0.1547.66 Safari/537.36"
60.247.54.4 - - [18/Sep/2013:07:15:43 +0000] "GET /js/google.js HTTP/1.1" 200 475 "http://blog.fens.me/r-json-rjson/" "Mozilla/5.0 (Windows NT 6.1) AppleWebKit/537.36 (KHTML, like Gecko) Chrome/29.0.1547.66 Safari/537.36"
60.247.54.4 - - [18/Sep/2013:07:15:43 +0000] "GET /js/baidu.js HTTP/1.1" 200 249 "http://blog.fens.me/r-json-rjson/" "Mozilla/5.0 (Windows NT 6.1) AppleWebKit/537.36 (KHTML, like Gecko) Chrome/29.0.1547.66 Safari/537.36"
60.247.54.4 - - [18/Sep/2013:07:15:45 +0000] "GET /wp-content/uploads/2013/09/rjson.png HTTP/1.1" 200 56004 "http://blog.fens.me/r-json-rjson/" "Mozilla/5.0 (Windows NT 6.1) AppleWebKit/537.36 (KHTML, like Gecko) Chrome/29.0.1547.66 Safari/537.36"
163.177.71.12 - - [18/Sep/2013:07:15:48 +0000] "HEAD / HTTP/1.1" 200 20 "-" "DNSPod-Monitor/1.0"
163.177.71.12 - - [18/Sep/2013:07:15:51 +0000] "HEAD / HTTP/1.1" 200 20 "-" "DNSPod-Monitor/1.0"
219.142.23.106 - - [18/Sep/2013:07:15:51 +0000] "-" 400 0 "-" "-"
219.142.23.106 - - [18/Sep/2013:07:15:51 +0000] "-" 400 0 "-" "-"
219.142.23.106 - - [18/Sep/2013:07:15:51 +0000] "-" 400 0 "-" "-"
219.142.23.106 - - [18/Sep/2013:07:15:51 +0000] "-" 400 0 "-" "-"
219.142.23.106 - - [18/Sep/2013:07:15:51 +0000] "-" 400 0 "-" "-"
60.247.54.4 - - [18/Sep/2013:07:15:52 +0000] "GET /r-json-rjson/?cf_action=sync_comments&post_id=2412 HTTP/1.1" 200 48 "http://blog.fens.me/r-json-rjson/" "Mozilla/5.0 (Windows NT 6.1) AppleWebKit/537.36 (KHTML, like Gecko) Chrome/29.0.1547.66 Safari/537.36"
101.226.68.137 - - [18/Sep/2013:07:15:55 +0000] "HEAD / HTTP/1.1" 200 20 "-" "DNSPod-Monitor/1.0"
101.226.68.137 - - [18/Sep/2013:07:15:58 +0000] "HEAD / HTTP/1.1" 200 20 "-" "DNSPod-Monitor/1.0"
60.247.54.4 - - [18/Sep/2013:07:16:00 +0000] "-" 400 0 "-" "-"
60.247.54.4 - - [18/Sep/2013:07:16:09 +0000] "GET /wp-content/uploads/2013/05/favicon.ico HTTP/1.1" 200 1150 "-" "Mozilla/5.0 (Windows NT 6.1) AppleWebKit/537.36 (KHTML, like Gecko) Chrome/29.0.1547.66 Safari/537.36"
120.197.59.7 - - [18/Sep/2013:07:16:18 +0000] "GET /wp-content/uploads/2013/08/rjava2.png HTTP/1.1" 200 7989 "http://www.dataguru.cn/article-3283-1.html" "Mozilla/5.0 (Windows NT 5.1; rv:23.0) Gecko/20100101 Firefox/23.0"
120.197.59.7 - - [18/Sep/2013:07:16:18 +0000] "GET /wp-content/uploads/2013/08/rjava.png HTTP/1.1" 200 18321 "http://www.dataguru.cn/article-3283-1.html" "Mozilla/5.0 (Windows NT 5.1; rv:23.0) Gecko/20100101 Firefox/23.0"
113.106.104.210 - - [18/Sep/2013:07:16:30 +0000] "GET /favicon.ico HTTP/1.1" 200 0 "-" "Mozilla/5.0 (compatible; MSIE 10.0; Windows NT 6.1; WOW64; Trident/6.0)"
220.181.108.113 - - [18/Sep/2013:07:16:31 +0000] "GET /nodejs-jasmine-bdd/ HTTP/1.1" 200 13052 "-" "Mozilla/5.0 (compatible; Baiduspider/2.0; +http://www.baidu.com/search/spider.html)"
183.195.232.138 - - [18/Sep/2013:07:16:32 +0000] "HEAD / HTTP/1.1" 200 20 "-" "DNSPod-Monitor/1.0"
183.195.232.138 - - [18/Sep/2013:07:16:32 +0000] "HEAD / HTTP/1.1" 200 20 "-" "DNSPod-Monitor/1.0"
111.193.224.9 - - [18/Sep/2013:07:17:25 +0000] "GET /hadoop-family-roadmap/ HTTP/1.1" 200 11715 "https://www.google.com.hk/" "Mozilla/5.0 (Macintosh; Intel Mac OS X 10_8_5) AppleWebKit/537.36 (KHTML, like Gecko) Chrome/29.0.1547.57 Safari/537.36"
111.193.224.9 - - [18/Sep/2013:07:17:25 +0000] "GET /wp-content/themes/silesia/style.css HTTP/1.1" 200 7554 "http://blog.fens.me/hadoop-family-roadmap/" "Mozilla/5.0 (Macintosh; Intel Mac OS X 10_8_5) AppleWebKit/537.36 (KHTML, like Gecko) Chrome/29.0.1547.57 Safari/537.36"
111.193.224.9 - - [18/Sep/2013:07:17:25 +0000] "GET /wp-content/themes/silesia/functions/css/shortcodes.css HTTP/1.1" 200 2899 "http://blog.fens.me/hadoop-family-roadmap/" "Mozilla/5.0 (Macintosh; Intel Mac OS X 10_8_5) AppleWebKit/537.36 (KHTML, like Gecko) Chrome/29.0.1547.57 Safari/537.36"
111.193.224.9 - - [18/Sep/2013:07:17:25 +0000] "GET /wp-includes/js/jquery/jquery.js?ver=1.10.2 HTTP/1.1" 200 32851 "http://blog.fens.me/hadoop-family-roadmap/" "Mozilla/5.0 (Macintosh; Intel Mac OS X 10_8_5) AppleWebKit/537.36 (KHTML, like Gecko) Chrome/29.0.1547.57 Safari/537.36"
111.193.224.9 - - [18/Sep/2013:07:17:25 +0000] "GET /wp-content/themes/silesia/js/jquery.cycle.all.min.js HTTP/1.1" 200 7784 "http://blog.fens.me/hadoop-family-roadmap/" "Mozilla/5.0 (Macintosh; Intel Mac OS X 10_8_5) AppleWebKit/537.36 (KHTML, like Gecko) Chrome/29.0.1547.57 Safari/537.36"
111.193.224.9 - - [18/Sep/2013:07:17:25 +0000] "GET /wp-includes/js/comment-reply.min.js?ver=3.6 HTTP/1.1" 200 786 "http://blog.fens.me/hadoop-family-roadmap/" "Mozilla/5.0 (Macintosh; Intel Mac OS X 10_8_5) AppleWebKit/537.36 (KHTML, like Gecko) Chrome/29.0.1547.57 Safari/537.36"
111.193.224.9 - - [18/Sep/2013:07:17:25 +0000] "GET /wp-includes/js/jquery/jquery-migrate.min.js?ver=1.2.1 HTTP/1.1" 200 7200 "http://blog.fens.me/hadoop-family-roadmap/" "Mozilla/5.0 (Macintosh; Intel Mac OS X 10_8_5) AppleWebKit/537.36 (KHTML, like Gecko) Chrome/29.0.1547.57 Safari/537.36"
111.193.224.9 - - [18/Sep/2013:07:17:25 +0000] "GET /wp-content/themes/silesia/js/load.js HTTP/1.1" 200 715 "http://blog.fens.me/hadoop-family-roadmap/" "Mozilla/5.0 (Macintosh; Intel Mac OS X 10_8_5) AppleWebKit/537.36 (KHTML, like Gecko) Chrome/29.0.1547.57 Safari/537.36"
111.193.224.9 - - [18/Sep/2013:07:17:26 +0000] "GET /wp-content/themes/silesia/functions/js/shortcode.js HTTP/1.1" 200 333 "http://blog.fens.me/hadoop-family-roadmap/" "Mozilla/5.0 (Macintosh; Intel Mac OS X 10_8_5) AppleWebKit/537.36 (KHTML, like Gecko) Chrome/29.0.1547.57 Safari/537.36"
111.193.224.9 - - [18/Sep/2013:07:17:26 +0000] "GET /wp-content/uploads/2013/09/hadoopFamilyRoadmap.png HTTP/1.1" 200 61473 "http://blog.fens.me/hadoop-family-roadmap/" "Mozilla/5.0 (Macintosh; Intel Mac OS X 10_8_5) AppleWebKit/537.36 (KHTML, like Gecko) Chrome/29.0.1547.57 Safari/537.36"
111.193.224.9 - - [18/Sep/2013:07:17:26 +0000] "GET /wp-content/uploads/2013/09/HadoopFamilySmall.png HTTP/1.1" 200 22891 "http://blog.fens.me/hadoop-family-roadmap/" "Mozilla/5.0 (Macintosh; Intel Mac OS X 10_8_5) AppleWebKit/537.36 (KHTML, like Gecko) Chrome/29.0.1547.57 Safari/537.36"
111.193.224.9 - - [18/Sep/2013:07:17:26 +0000] "GET /wp-content/themes/silesia/images/slide-bg.png HTTP/1.1" 200 934 "http://blog.fens.me/hadoop-family-roadmap/" "Mozilla/5.0 (Macintosh; Intel Mac OS X 10_8_5) AppleWebKit/537.36 (KHTML, like Gecko) Chrome/29.0.1547.57 Safari/537.36"
111.193.224.9 - - [18/Sep/2013:07:17:26 +0000] "GET /wp-content/themes/silesia/images/ico-twitter.png HTTP/1.1" 200 2128 "http://blog.fens.me/hadoop-family-roadmap/" "Mozilla/5.0 (Macintosh; Intel Mac OS X 10_8_5) AppleWebKit/537.36 (KHTML, like Gecko) Chrome/29.0.1547.57 Safari/537.36"
111.193.224.9 - - [18/Sep/2013:07:17:26 +0000] "GET /wp-content/themes/silesia/images/home-ico.png HTTP/1.1" 200 1103 "http://blog.fens.me/hadoop-family-roadmap/" "Mozilla/5.0 (Macintosh; Intel Mac OS X 10_8_5) AppleWebKit/537.36 (KHTML, like Gecko) Chrome/29.0.1547.57 Safari/537.36"
111.193.224.9 - - [18/Sep/2013:07:17:26 +0000] "GET /wp-content/themes/silesia/images/crubms-div.png HTTP/1.1" 200 1255 "http://blog.fens.me/hadoop-family-roadmap/" "Mozilla/5.0 (Macintosh; Intel Mac OS X 10_8_5) AppleWebKit/537.36 (KHTML, like Gecko) Chrome/29.0.1547.57 Safari/537.36"
111.193.224.9 - - [18/Sep/2013:07:17:26 +0000] "GET /wp-content/themes/silesia/images/sprites/post-type.png HTTP/1.1" 200 2009 "http://blog.fens.me/hadoop-family-roadmap/" "Mozilla/5.0 (Macintosh; Intel Mac OS X 10_8_5) AppleWebKit/537.36 (KHTML, like Gecko) Chrome/29.0.1547.57 Safari/537.36"
111.193.224.9 - - [18/Sep/2013:07:17:26 +0000] "GET /wp-content/themes/silesia/images/ico-meta.gif HTTP/1.1" 200 73 "http://blog.fens.me/hadoop-family-roadmap/" "Mozilla/5.0 (Macintosh; Intel Mac OS X 10_8_5) AppleWebKit/537.36 (KHTML, like Gecko) Chrome/29.0.1547.57 Safari/537.36"
111.193.224.9 - - [18/Sep/2013:07:17:26 +0000] "GET /wp-content/themes/silesia/images/bullets/5.gif HTTP/1.1" 200 62 "http://blog.fens.me/hadoop-family-roadmap/" "Mozilla/5.0 (Macintosh; Intel Mac OS X 10_8_5) AppleWebKit/537.36 (KHTML, like Gecko) Chrome/29.0.1547.57 Safari/537.36"
111.193.224.9 - - [18/Sep/2013:07:17:26 +0000] "GET /wp-content/themes/silesia/images/natty-logo.png HTTP/1.1" 200 1438 "http://blog.fens.me/hadoop-family-roadmap/" "Mozilla/5.0 (Macintosh; Intel Mac OS X 10_8_5) AppleWebKit/537.36 (KHTML, like Gecko) Chrome/29.0.1547.57 Safari/537.36"
111.193.224.9 - - [18/Sep/2013:07:17:26 +0000] "GET /js/google.js HTTP/1.1" 200 475 "http://blog.fens.me/hadoop-family-roadmap/" "Mozilla/5.0 (Macintosh; Intel Mac OS X 10_8_5) AppleWebKit/537.36 (KHTML, like Gecko) Chrome/29.0.1547.57 Safari/537.36"
111.193.224.9 - - [18/Sep/2013:07:17:26 +0000] "GET /js/baidu.js HTTP/1.1" 200 249 "http://blog.fens.me/hadoop-family-roadmap/" "Mozilla/5.0 (Macintosh; Intel Mac OS X 10_8_5) AppleWebKit/537.36 (KHTML, like Gecko) Chrome/29.0.1547.57 Safari/537.36"
111.193.224.9 - - [18/Sep/2013:07:17:33 +0000] "GET / HTTP/1.1" 200 26617 "http://blog.fens.me/hadoop-family-roadmap/" "Mozilla/5.0 (Macintosh; Intel Mac OS X 10_8_5) AppleWebKit/537.36 (KHTML, like Gecko) Chrome/29.0.1547.57 Safari/537.36"
111.193.224.9 - - [18/Sep/2013:07:17:33 +0000] "GET /wp-content/uploads/2013/09/rjson.png HTTP/1.1" 200 56004 "http://blog.fens.me/" "Mozilla/5.0 (Macintosh; Intel Mac OS X 10_8_5) AppleWebKit/537.36 (KHTML, like Gecko) Chrome/29.0.1547.57 Safari/537.36"
111.193.224.9 - - [18/Sep/2013:07:17:33 +0000] "GET /wp-content/uploads/2013/09/node-mysql1.png HTTP/1.1" 200 13529 "http://blog.fens.me/" "Mozilla/5.0 (Macintosh; Intel Mac OS X 10_8_5) AppleWebKit/537.36 (KHTML, like Gecko) Chrome/29.0.1547.57 Safari/537.36"
111.193.224.9 - - [18/Sep/2013:07:17:33 +0000] "GET /wp-content/uploads/2013/09/ngTable.png HTTP/1.1" 200 65936 "http://blog.fens.me/" "Mozilla/5.0 (Macintosh; Intel Mac OS X 10_8_5) AppleWebKit/537.36 (KHTML, like Gecko) Chrome/29.0.1547.57 Safari/537.36"
111.193.224.9 - - [18/Sep/2013:07:17:33 +0000] "GET /wp-content/uploads/2013/09/ngTable1.png HTTP/1.1" 200 39745 "http://blog.fens.me/" "Mozilla/5.0 (Macintosh; Intel Mac OS X 10_8_5) AppleWebKit/537.36 (KHTML, like Gecko) Chrome/29.0.1547.57 Safari/537.36"
111.193.224.9 - - [18/Sep/2013:07:17:33 +0000] "GET /wp-content/uploads/2013/09/ngTable2.png HTTP/1.1" 200 51396 "http://blog.fens.me/" "Mozilla/5.0 (Macintosh; Intel Mac OS X 10_8_5) AppleWebKit/537.36 (KHTML, like Gecko) Chrome/29.0.1547.57 Safari/537.36"
111.193.224.9 - - [18/Sep/2013:07:17:34 +0000] "GET /wp-content/uploads/2013/09/ngTable3.png HTTP/1.1" 200 55307 "http://blog.fens.me/" "Mozilla/5.0 (Macintosh; Intel Mac OS X 10_8_5) AppleWebKit/537.36 (KHTML, like Gecko) Chrome/29.0.1547.57 Safari/537.36"
111.193.224.9 - - [18/Sep/2013:07:17:34 +0000] "GET /wp-content/uploads/2013/09/nodejs-mysql.png HTTP/1.1" 200 88091 "http://blog.fens.me/" "Mozilla/5.0 (Macintosh; Intel Mac OS X 10_8_5) AppleWebKit/537.36 (KHTML, like Gecko) Chrome/29.0.1547.57 Safari/537.36"
111.193.224.9 - - [18/Sep/2013:07:17:34 +0000] "GET /wp-content/uploads/2013/09/nodejs-async.png HTTP/1.1" 200 126129 "http://blog.fens.me/" "Mozilla/5.0 (Macintosh; Intel Mac OS X 10_8_5) AppleWebKit/537.36 (KHTML, like Gecko) Chrome/29.0.1547.57 Safari/537.36"
111.193.224.9 - - [18/Sep/2013:07:17:34 +0000] "GET /wp-content/uploads/2013/09/Hadoop-mahout-roadmap.png HTTP/1.1" 200 178520 "http://blog.fens.me/" "Mozilla/5.0 (Macintosh; Intel Mac OS X 10_8_5) AppleWebKit/537.36 (KHTML, like Gecko) Chrome/29.0.1547.57 Safari/537.36"
111.193.224.9 - - [18/Sep/2013:07:17:34 +0000] "GET /wp-content/uploads/2013/09/HadoopMahoutRoadmap.png HTTP/1.1" 200 112021 "http://blog.fens.me/" "Mozilla/5.0 (Macintosh; Intel Mac OS X 10_8_5) AppleWebKit/537.36 (KHTML, like Gecko) Chrome/29.0.1547.57 Safari/537.36"
111.193.224.9 - - [18/Sep/2013:07:17:36 +0000] "GET /wp-content/uploads/2013/05/favicon.ico HTTP/1.1" 200 1150 "-" "Mozilla/5.0 (Macintosh; Intel Mac OS X 10_8_5) AppleWebKit/537.36 (KHTML, like Gecko) Chrome/29.0.1547.57 Safari/537.36"
202.99.27.196 - - [18/Sep/2013:07:18:27 +0000] "GET /hadoop-family-roadmap/ HTTP/1.1" 200 11715 "http://blog.fens.me/series-hadoop-family/" "Mozilla/5.0 (X11; Linux x86_64) AppleWebKit/537.36 (KHTML, like Gecko) Chrome/29.0.1547.65 Safari/537.36"
202.99.27.196 - - [18/Sep/2013:07:18:27 +0000] "GET /wp-content/themes/silesia/images/sprites/post-type.png HTTP/1.1" 200 2009 "http://blog.fens.me/hadoop-family-roadmap/" "Mozilla/5.0 (X11; Linux x86_64) AppleWebKit/537.36 (KHTML, like Gecko) Chrome/29.0.1547.65 Safari/537.36"
202.99.27.196 - - [18/Sep/2013:07:18:27 +0000] "GET /wp-content/themes/silesia/images/bullets/5.gif HTTP/1.1" 200 62 "http://blog.fens.me/hadoop-family-roadmap/" "Mozilla/5.0 (X11; Linux x86_64) AppleWebKit/537.36 (KHTML, like Gecko) Chrome/29.0.1547.65 Safari/537.36"
202.99.27.196 - - [18/Sep/2013:07:18:27 +0000] "GET /wp-content/uploads/2013/09/HadoopFamilySmall.png HTTP/1.1" 200 22891 "http://blog.fens.me/hadoop-family-roadmap/" "Mozilla/5.0 (X11; Linux x86_64) AppleWebKit/537.36 (KHTML, like Gecko) Chrome/29.0.1547.65 Safari/537.36"
202.99.27.196 - - [18/Sep/2013:07:18:27 +0000] "GET /wp-content/uploads/2013/09/hadoopFamilyRoadmap.png HTTP/1.1" 200 61473 "http://blog.fens.me/hadoop-family-roadmap/" "Mozilla/5.0 (X11; Linux x86_64) AppleWebKit/537.36 (KHTML, like Gecko) Chrome/29.0.1547.65 Safari/537.36"
202.99.27.196 - - [18/Sep/2013:07:18:29 +0000] "GET /hadoop-family-roadmap/?cf_action=sync_comments&post_id=2210 HTTP/1.1" 200 48 "http://blog.fens.me/hadoop-family-roadmap/" "Mozilla/5.0 (X11; Linux x86_64) AppleWebKit/537.36 (KHTML, like Gecko) Chrome/29.0.1547.65 Safari/537.36"
202.99.27.196 - - [18/Sep/2013:07:18:41 +0000] "-" 400 0 "-" "-"
163.177.71.12 - - [18/Sep/2013:07:18:43 +0000] "HEAD / HTTP/1.1" 200 20 "-" "DNSPod-Monitor/1.0"
163.177.71.12 - - [18/Sep/2013:07:18:46 +0000] "HEAD / HTTP/1.1" 200 20 "-" "DNSPod-Monitor/1.0"
101.226.68.137 - - [18/Sep/2013:07:18:50 +0000] "HEAD / HTTP/1.1" 200 20 "-" "DNSPod-Monitor/1.0"
101.226.68.137 - - [18/Sep/2013:07:18:53 +0000] "HEAD / HTTP/1.1" 200 20 "-" "DNSPod-Monitor/1.0"
124.193.125.194 - - [18/Sep/2013:07:19:21 +0000] "GET /images/my.jpg HTTP/1.1" 200 19939 "http://www.angularjs.cn/A0cF" "Mozilla/5.0 (Windows NT 6.1; WOW64) AppleWebKit/537.36 (KHTML, like Gecko) Chrome/29.0.1547.57 Safari/537.36"
183.195.232.138 - - [18/Sep/2013:07:19:26 +0000] "HEAD / HTTP/1.1" 200 20 "-" "DNSPod-Monitor/1.0"
183.195.232.138 - - [18/Sep/2013:07:19:26 +0000] "HEAD / HTTP/1.1" 200 20 "-" "DNSPod-Monitor/1.0"
64.12.250.152 - - [18/Sep/2013:07:19:35 +0000] "GET /feed/ HTTP/1.1" 200 33867 "-" "AolReader/0.1.18 +http://reader.aol.com/"
101.95.5.22 - - [18/Sep/2013:07:20:46 +0000] "GET /favicon.ico HTTP/1.1" 200 0 "-" ""
66.249.66.84 - - [18/Sep/2013:07:21:30 +0000] "GET /tag/grunt/ HTTP/1.1" 200 30141 "-" "Mozilla/5.0 (compatible; Googlebot/2.1; +http://www.google.com/bot.html)"
163.177.71.12 - - [18/Sep/2013:07:21:38 +0000] "HEAD / HTTP/1.1" 200 20 "-" "DNSPod-Monitor/1.0"
163.177.71.12 - - [18/Sep/2013:07:21:41 +0000] "HEAD / HTTP/1.1" 200 20 "-" "DNSPod-Monitor/1.0"
101.226.68.137 - - [18/Sep/2013:07:21:46 +0000] "HEAD / HTTP/1.1" 200 20 "-" "DNSPod-Monitor/1.0"
101.226.68.137 - - [18/Sep/2013:07:21:49 +0000] "HEAD / HTTP/1.1" 200 20 "-" "DNSPod-Monitor/1.0"
183.195.232.138 - - [18/Sep/2013:07:22:21 +0000] "HEAD / HTTP/1.1" 200 20 "-" "DNSPod-Monitor/1.0"
183.195.232.138 - - [18/Sep/2013:07:22:21 +0000] "HEAD / HTTP/1.1" 200 20 "-" "DNSPod-Monitor/1.0"
210.22.158.133 - - [18/Sep/2013:07:23:01 +0000] "GET /wp-content/uploads/2013/08/karma4.png HTTP/1.1" 200 25372 "http://www.dataguru.cn/article-3398-1.html" "Mozilla/5.0 (Windows NT 6.1; WOW64) AppleWebKit/536.11 (KHTML, like Gecko) Chrome/20.0.1132.11 TaoBrowser/3.2 Safari/536.11"
210.22.158.133 - - [18/Sep/2013:07:23:01 +0000] "GET /wp-content/uploads/2013/08/karma2.png HTTP/1.1" 200 18077 "http://www.dataguru.cn/article-3398-1.html" "Mozilla/5.0 (Windows NT 6.1; WOW64) AppleWebKit/536.11 (KHTML, like Gecko) Chrome/20.0.1132.11 TaoBrowser/3.2 Safari/536.11"
210.22.158.133 - - [18/Sep/2013:07:23:01 +0000] "GET /wp-content/uploads/2013/08/karma1.png HTTP/1.1" 200 17338 "http://www.dataguru.cn/article-3398-1.html" "Mozilla/5.0 (Windows NT 6.1; WOW64) AppleWebKit/536.11 (KHTML, like Gecko) Chrome/20.0.1132.11 TaoBrowser/3.2 Safari/536.11"
210.22.158.133 - - [18/Sep/2013:07:23:01 +0000] "GET /wp-content/uploads/2013/08/karma3.png HTTP/1.1" 200 24426 "http://www.dataguru.cn/article-3398-1.html" "Mozilla/5.0 (Windows NT 6.1; WOW64) AppleWebKit/536.11 (KHTML, like Gecko) Chrome/20.0.1132.11 TaoBrowser/3.2 Safari/536.11"
210.22.158.133 - - [18/Sep/2013:07:23:04 +0000] "GET /wp-content/uploads/2013/08/karma.png HTTP/1.1" 200 114295 "http://www.dataguru.cn/article-3398-1.html" "Mozilla/5.0 (Windows NT 6.1; WOW64) AppleWebKit/536.11 (KHTML, like Gecko) Chrome/20.0.1132.11 TaoBrowser/3.2 Safari/536.11"
222.240.216.27 - - [18/Sep/2013:07:24:20 +0000] "GET /r-json-rjson/ HTTP/1.1" 200 11500 "-" "Mozilla/5.0 (Macintosh; Intel Mac OS X 10_8_5) AppleWebKit/536.30.1 (KHTML, like Gecko) Version/6.0.5 Safari/536.30.1"
222.240.216.27 - - [18/Sep/2013:07:24:21 +0000] "GET /wp-includes/js/comment-reply.min.js?ver=3.6 HTTP/1.1" 200 786 "http://blog.fens.me/r-json-rjson/" "Mozilla/5.0 (Macintosh; Intel Mac OS X 10_8_5) AppleWebKit/536.30.1 (KHTML, like Gecko) Version/6.0.5 Safari/536.30.1"
222.240.216.27 - - [18/Sep/2013:07:24:21 +0000] "GET /wp-content/themes/silesia/style.css HTTP/1.1" 200 7554 "http://blog.fens.me/r-json-rjson/" "Mozilla/5.0 (Macintosh; Intel Mac OS X 10_8_5) AppleWebKit/536.30.1 (KHTML, like Gecko) Version/6.0.5 Safari/536.30.1"
222.240.216.27 - - [18/Sep/2013:07:24:21 +0000] "GET /wp-includes/js/jquery/jquery.js?ver=1.10.2 HTTP/1.1" 200 32851 "http://blog.fens.me/r-json-rjson/" "Mozilla/5.0 (Macintosh; Intel Mac OS X 10_8_5) AppleWebKit/536.30.1 (KHTML, like Gecko) Version/6.0.5 Safari/536.30.1"
222.240.216.27 - - [18/Sep/2013:07:24:21 +0000] "GET /wp-includes/js/jquery/jquery-migrate.min.js?ver=1.2.1 HTTP/1.1" 200 7200 "http://blog.fens.me/r-json-rjson/" "Mozilla/5.0 (Macintosh; Intel Mac OS X 10_8_5) AppleWebKit/536.30.1 (KHTML, like Gecko) Version/6.0.5 Safari/536.30.1"
222.240.216.27 - - [18/Sep/2013:07:24:21 +0000] "GET /wp-content/themes/silesia/js/jquery.cycle.all.min.js HTTP/1.1" 200 7784 "http://blog.fens.me/r-json-rjson/" "Mozilla/5.0 (Macintosh; Intel Mac OS X 10_8_5) AppleWebKit/536.30.1 (KHTML, like Gecko) Version/6.0.5 Safari/536.30.1"
222.240.216.27 - - [18/Sep/2013:07:24:22 +0000] "GET /wp-content/themes/silesia/js/load.js HTTP/1.1" 200 715 "http://blog.fens.me/r-json-rjson/" "Mozilla/5.0 (Macintosh; Intel Mac OS X 10_8_5) AppleWebKit/536.30.1 (KHTML, like Gecko) Version/6.0.5 Safari/536.30.1"
222.240.216.27 - - [18/Sep/2013:07:24:22 +0000] "GET /wp-content/themes/silesia/functions/js/shortcode.js HTTP/1.1" 200 333 "http://blog.fens.me/r-json-rjson/" "Mozilla/5.0 (Macintosh; Intel Mac OS X 10_8_5) AppleWebKit/536.30.1 (KHTML, like Gecko) Version/6.0.5 Safari/536.30.1"
222.240.216.27 - - [18/Sep/2013:07:24:22 +0000] "GET /js/baidu.js HTTP/1.1" 200 249 "http://blog.fens.me/r-json-rjson/" "Mozilla/5.0 (Macintosh; Intel Mac OS X 10_8_5) AppleWebKit/536.30.1 (KHTML, like Gecko) Version/6.0.5 Safari/536.30.1"
222.240.216.27 - - [18/Sep/2013:07:24:22 +0000] "GET /js/google.js HTTP/1.1" 200 475 "http://blog.fens.me/r-json-rjson/" "Mozilla/5.0 (Macintosh; Intel Mac OS X 10_8_5) AppleWebKit/536.30.1 (KHTML, like Gecko) Version/6.0.5 Safari/536.30.1"
222.240.216.27 - - [18/Sep/2013:07:24:22 +0000] "GET /wp-content/themes/silesia/functions/css/shortcodes.css HTTP/1.1" 200 2899 "http://blog.fens.me/r-json-rjson/" "Mozilla/5.0 (Macintosh; Intel Mac OS X 10_8_5) AppleWebKit/536.30.1 (KHTML, like Gecko) Version/6.0.5 Safari/536.30.1"
222.240.216.27 - - [18/Sep/2013:07:24:24 +0000] "GET /wp-content/themes/silesia/images/ico-twitter.png HTTP/1.1" 200 2128 "http://blog.fens.me/r-json-rjson/" "Mozilla/5.0 (Macintosh; Intel Mac OS X 10_8_5) AppleWebKit/536.30.1 (KHTML, like Gecko) Version/6.0.5 Safari/536.30.1"
222.240.216.27 - - [18/Sep/2013:07:24:24 +0000] "GET /wp-content/themes/silesia/images/home-ico.png HTTP/1.1" 200 1103 "http://blog.fens.me/r-json-rjson/" "Mozilla/5.0 (Macintosh; Intel Mac OS X 10_8_5) AppleWebKit/536.30.1 (KHTML, like Gecko) Version/6.0.5 Safari/536.30.1"
222.240.216.27 - - [18/Sep/2013:07:24:24 +0000] "GET /wp-content/themes/silesia/images/crubms-div.png HTTP/1.1" 200 1255 "http://blog.fens.me/r-json-rjson/" "Mozilla/5.0 (Macintosh; Intel Mac OS X 10_8_5) AppleWebKit/536.30.1 (KHTML, like Gecko) Version/6.0.5 Safari/536.30.1"
222.240.216.27 - - [18/Sep/2013:07:24:24 +0000] "GET /wp-content/themes/silesia/images/sprites/post-type.png HTTP/1.1" 200 2009 "http://blog.fens.me/r-json-rjson/" "Mozilla/5.0 (Macintosh; Intel Mac OS X 10_8_5) AppleWebKit/536.30.1 (KHTML, like Gecko) Version/6.0.5 Safari/536.30.1"
222.240.216.27 - - [18/Sep/2013:07:24:24 +0000] "GET /wp-content/themes/silesia/images/slide-bg.png HTTP/1.1" 200 934 "http://blog.fens.me/r-json-rjson/" "Mozilla/5.0 (Macintosh; Intel Mac OS X 10_8_5) AppleWebKit/536.30.1 (KHTML, like Gecko) Version/6.0.5 Safari/536.30.1"
222.240.216.27 - - [18/Sep/2013:07:24:24 +0000] "GET /wp-content/themes/silesia/images/bullets/5.gif HTTP/1.1" 200 62 "http://blog.fens.me/r-json-rjson/" "Mozilla/5.0 (Macintosh; Intel Mac OS X 10_8_5) AppleWebKit/536.30.1 (KHTML, like Gecko) Version/6.0.5 Safari/536.30.1"
222.240.216.27 - - [18/Sep/2013:07:24:24 +0000] "GET /wp-content/uploads/2013/09/rjson.png HTTP/1.1" 200 56004 "http://blog.fens.me/r-json-rjson/" "Mozilla/5.0 (Macintosh; Intel Mac OS X 10_8_5) AppleWebKit/536.30.1 (KHTML, like Gecko) Version/6.0.5 Safari/536.30.1"
222.240.216.27 - - [18/Sep/2013:07:24:24 +0000] "GET /wp-content/themes/silesia/images/natty-logo.png HTTP/1.1" 200 1438 "http://blog.fens.me/r-json-rjson/" "Mozilla/5.0 (Macintosh; Intel Mac OS X 10_8_5) AppleWebKit/536.30.1 (KHTML, like Gecko) Version/6.0.5 Safari/536.30.1"
222.240.216.27 - - [18/Sep/2013:07:24:24 +0000] "GET /wp-content/themes/silesia/images/ico-meta.gif HTTP/1.1" 200 73 "http://blog.fens.me/r-json-rjson/" "Mozilla/5.0 (Macintosh; Intel Mac OS X 10_8_5) AppleWebKit/536.30.1 (KHTML, like Gecko) Version/6.0.5 Safari/536.30.1"
222.240.216.27 - - [18/Sep/2013:07:24:29 +0000] "GET /wp-content/uploads/2013/05/favicon.ico HTTP/1.1" 200 1150 "http://blog.fens.me/r-json-rjson/" "Mozilla/5.0 (Macintosh; Intel Mac OS X 10_8_5) AppleWebKit/536.30.1 (KHTML, like Gecko) Version/6.0.5 Safari/536.30.1"
222.240.216.27 - - [18/Sep/2013:07:24:32 +0000] "GET /r-json-rjson/?cf_action=sync_comments&post_id=2412 HTTP/1.1" 200 48 "http://blog.fens.me/r-json-rjson/" "Mozilla/5.0 (Macintosh; Intel Mac OS X 10_8_5) AppleWebKit/536.30.1 (KHTML, like Gecko) Version/6.0.5 Safari/536.30.1"
163.177.71.12 - - [18/Sep/2013:07:24:34 +0000] "HEAD / HTTP/1.1" 200 20 "-" "DNSPod-Monitor/1.0"
163.177.71.12 - - [18/Sep/2013:07:24:37 +0000] "HEAD / HTTP/1.1" 200 20 "-" "DNSPod-Monitor/1.0"
101.226.68.137 - - [18/Sep/2013:07:24:40 +0000] "HEAD / HTTP/1.1" 200 20 "-" "DNSPod-Monitor/1.0"
101.226.68.137 - - [18/Sep/2013:07:24:43 +0000] "HEAD / HTTP/1.1" 200 20 "-" "DNSPod-Monitor/1.0"
61.135.216.105 - - [18/Sep/2013:07:25:02 +0000] "GET /comments/feed/ HTTP/1.1" 304 0 "-" "Mozilla/5.0 (compatible;YoudaoFeedFetcher/1.0;http://www.youdao.com/help/reader/faq/topic006/;1 subscribers;)"
124.126.156.48 - - [18/Sep/2013:07:25:09 +0000] "GET /nodejs-express3/ HTTP/1.1" 200 19398 "https://www.google.com.hk/" "Mozilla/5.0 (Macintosh; Intel Mac OS X 10_8_4) AppleWebKit/537.36 (KHTML, like Gecko) Chrome/29.0.1547.65 Safari/537.36"
