60.247.77.253 - - [18/Sep/2013:08:24:49 +0000] "GET /wp-content/uploads/2013/05/1.jpg HTTP/1.1" 200 15763 "-" "Mozilla/5.0 (Windows NT 6.1; WOW64) AppleWebKit/537.1 (KHTML, like Gecko) Chrome/21.0.1180.89 Safari/537.1"
60.247.77.253 - - [18/Sep/2013:08:24:50 +0000] "GET /wp-content/uploads/2013/09/HadoopMahoutRoadmap.png HTTP/1.1" 200 112021 "-" "Mozilla/5.0 (Windows NT 6.1; WOW64) AppleWebKit/537.1 (KHTML, like Gecko) Chrome/21.0.1180.89 Safari/537.1"
60.247.77.253 - - [18/Sep/2013:08:24:51 +0000] "GET /wp-content/uploads/2013/09/Hadoop-mahout-roadmap.png HTTP/1.1" 200 178528 "-" "Mozilla/5.0 (Windows NT 6.1; WOW64) AppleWebKit/537.1 (KHTML, like Gecko) Chrome/21.0.1180.89 Safari/537.1"
114.252.89.91 - - [18/Sep/2013:08:24:52 +0000] "POST /wp-admin/admin-ajax.php HTTP/1.1" 200 95 "http://blog.fens.me/wp-admin/post.php?post=2445&action=edit&message=10" "Mozilla/5.0 (Windows NT 6.1; WOW64) AppleWebKit/537.36 (KHTML, like Gecko) Chrome/28.0.1500.95 Safari/537.36"
60.247.77.253 - - [18/Sep/2013:08:24:53 +0000] "GET /wp-content/uploads/2013/05/1.jpg HTTP/1.1" 200 15763 "-" "Mozilla/5.0 (Windows NT 6.1; WOW64) AppleWebKit/537.1 (KHTML, like Gecko) Chrome/21.0.1180.89 Safari/537.1"
60.247.77.253 - - [18/Sep/2013:08:24:54 +0000] "GET /wp-content/uploads/2013/09/HadoopMahoutRoadmap.png HTTP/1.1" 200 112021 "-" "Mozilla/5.0 (Windows NT 6.1; WOW64) AppleWebKit/537.1 (KHTML, like Gecko) Chrome/21.0.1180.89 Safari/537.1"
60.247.77.253 - - [18/Sep/2013:08:24:54 +0000] "-" 400 0 "-" "-"
60.247.77.253 - - [18/Sep/2013:08:24:54 +0000] "-" 400 0 "-" "-"
60.247.77.253 - - [18/Sep/2013:08:24:54 +0000] "-" 400 0 "-" "-"
60.247.77.253 - - [18/Sep/2013:08:24:54 +0000] "-" 400 0 "-" "-"
60.247.77.253 - - [18/Sep/2013:08:24:54 +0000] "-" 400 0 "-" "-"
60.247.77.253 - - [18/Sep/2013:08:24:54 +0000] "-" 400 0 "-" "-"
60.247.77.253 - - [18/Sep/2013:08:24:54 +0000] "-" 400 0 "-" "-"
60.247.77.253 - - [18/Sep/2013:08:24:54 +0000] "-" 400 0 "-" "-"
60.247.77.253 - - [18/Sep/2013:08:24:54 +0000] "-" 400 0 "-" "-"
192.99.17.5 - - [18/Sep/2013:08:24:55 +0000] "GET /tag/pipemapred/ HTTP/1.1" 200 42106 "-" "Mozilla/4.0 (compatible; MSIE 6.0; Windows NT 5.1; SV1; Mozilla/4.0 (compatible; MSIE 6.0; Windows NT 5.1; SV1) ; .NET CLR 1.0.3705)"
60.247.77.253 - - [18/Sep/2013:08:24:56 +0000] "GET /wp-content/uploads/2013/09/Hadoop-mahout-roadmap.png HTTP/1.1" 200 178528 "-" "Mozilla/5.0 (Windows NT 6.1; WOW64) AppleWebKit/537.1 (KHTML, like Gecko) Chrome/21.0.1180.89 Safari/537.1"
204.89.152.91 - - [18/Sep/2013:08:25:03 +0000] "GET /hadoop-family-roadmap/ HTTP/1.1" 200 47113 "http://blog.fens.me/hadoop-mahout-roadmap/" "Mozilla/5.0 (Windows NT 6.1) AppleWebKit/537.36 (KHTML, like Gecko) Chrome/29.0.1547.66 Safari/537.36"
204.89.152.91 - - [18/Sep/2013:08:25:04 +0000] "GET /wp-content/uploads/2013/09/hadoopFamilyRoadmap.png HTTP/1.1" 200 62393 "http://blog.fens.me/hadoop-family-roadmap/" "Mozilla/5.0 (Windows NT 6.1) AppleWebKit/537.36 (KHTML, like Gecko) Chrome/29.0.1547.66 Safari/537.36"
204.89.152.91 - - [18/Sep/2013:08:25:04 +0000] "GET /wp-content/uploads/2013/09/HadoopFamilySmall.png HTTP/1.1" 200 23120 "http://blog.fens.me/hadoop-family-roadmap/" "Mozilla/5.0 (Windows NT 6.1) AppleWebKit/537.36 (KHTML, like Gecko) Chrome/29.0.1547.66 Safari/537.36"
122.194.1.14 - - [18/Sep/2013:08:25:05 +0000] "GET /nodejs-async/ HTTP/1.1" 200 12647 "-" "Mozilla/5.0 (Linux; U; Android 4.1.1; zh-cn; MI 2SC Build/JRO03L) AppleWebKit/534.30 (KHTML, like Gecko) Version/4.0 Mobile Safari/534.30 XiaoMi/MiuiBrowser/1.0"
204.89.152.91 - - [18/Sep/2013:08:25:06 +0000] "GET /hadoop-family-roadmap/?cf_action=sync_comments&post_id=2210 HTTP/1.1" 200 28 "http://blog.fens.me/hadoop-family-roadmap/" "Mozilla/5.0 (Windows NT 6.1) AppleWebKit/537.36 (KHTML, like Gecko) Chrome/29.0.1547.66 Safari/537.36"
122.194.1.14 - - [18/Sep/2013:08:25:06 +0000] "GET /wp-includes/js/jquery/jquery-migrate.min.js?ver=1.2.1 HTTP/1.1" 304 0 "http://blog.fens.me/nodejs-async/" "Mozilla/5.0 (Linux; U; Android 4.1.1; zh-cn; MI 2SC Build/JRO03L) AppleWebKit/534.30 (KHTML, like Gecko) Version/4.0 Mobile Safari/534.30 XiaoMi/MiuiBrowser/1.0"
122.194.1.14 - - [18/Sep/2013:08:25:07 +0000] "GET /wp-includes/js/comment-reply.min.js?ver=3.6 HTTP/1.1" 304 0 "http://blog.fens.me/nodejs-async/" "Mozilla/5.0 (Linux; U; Android 4.1.1; zh-cn; MI 2SC Build/JRO03L) AppleWebKit/534.30 (KHTML, like Gecko) Version/4.0 Mobile Safari/534.30 XiaoMi/MiuiBrowser/1.0"
122.194.1.14 - - [18/Sep/2013:08:25:07 +0000] "GET /wp-includes/js/jquery/jquery.js?ver=1.10.2 HTTP/1.1" 304 0 "http://blog.fens.me/nodejs-async/" "Mozilla/5.0 (Linux; U; Android 4.1.1; zh-cn; MI 2SC Build/JRO03L) AppleWebKit/534.30 (KHTML, like Gecko) Version/4.0 Mobile Safari/534.30 XiaoMi/MiuiBrowser/1.0"
58.56.155.203 - - [18/Sep/2013:08:25:19 +0000] "GET /series-r/ HTTP/1.1" 200 7777 "http://cos.name/2013/08/r-rjava-java/#more-8180" "Mozilla/5.0 (Windows NT 6.1) AppleWebKit/537.1 (KHTML, like Gecko) Chrome/21.0.1180.89 Safari/537.1"
58.56.155.203 - - [18/Sep/2013:08:25:20 +0000] "GET /wp-content/themes/silesia/style.css HTTP/1.1" 200 7554 "http://blog.fens.me/series-r/" "Mozilla/5.0 (Windows NT 6.1) AppleWebKit/537.1 (KHTML, like Gecko) Chrome/21.0.1180.89 Safari/537.1"
58.56.155.203 - - [18/Sep/2013:08:25:20 +0000] "GET /wp-content/themes/silesia/functions/css/shortcodes.css HTTP/1.1" 200 2899 "http://blog.fens.me/series-r/" "Mozilla/5.0 (Windows NT 6.1) AppleWebKit/537.1 (KHTML, like Gecko) Chrome/21.0.1180.89 Safari/537.1"
58.56.155.203 - - [18/Sep/2013:08:25:21 +0000] "GET /wp-includes/js/jquery/jquery.js?ver=1.10.2 HTTP/1.1" 200 32851 "http://blog.fens.me/series-r/" "Mozilla/5.0 (Windows NT 6.1) AppleWebKit/537.1 (KHTML, like Gecko) Chrome/21.0.1180.89 Safari/537.1"
58.56.155.203 - - [18/Sep/2013:08:25:21 +0000] "GET /wp-includes/js/jquery/jquery-migrate.min.js?ver=1.2.1 HTTP/1.1" 200 7200 "http://blog.fens.me/series-r/" "Mozilla/5.0 (Windows NT 6.1) AppleWebKit/537.1 (KHTML, like Gecko) Chrome/21.0.1180.89 Safari/537.1"
58.56.155.203 - - [18/Sep/2013:08:25:21 +0000] "GET /wp-includes/js/comment-reply.min.js?ver=3.6 HTTP/1.1" 200 786 "http://blog.fens.me/series-r/" "Mozilla/5.0 (Windows NT 6.1) AppleWebKit/537.1 (KHTML, like Gecko) Chrome/21.0.1180.89 Safari/537.1"
58.56.155.203 - - [18/Sep/2013:08:25:21 +0000] "GET /wp-content/themes/silesia/js/jquery.cycle.all.min.js HTTP/1.1" 200 7784 "http://blog.fens.me/series-r/" "Mozilla/5.0 (Windows NT 6.1) AppleWebKit/537.1 (KHTML, like Gecko) Chrome/21.0.1180.89 Safari/537.1"
58.56.155.203 - - [18/Sep/2013:08:25:21 +0000] "GET /wp-content/themes/silesia/js/load.js HTTP/1.1" 200 715 "http://blog.fens.me/series-r/" "Mozilla/5.0 (Windows NT 6.1) AppleWebKit/537.1 (KHTML, like Gecko) Chrome/21.0.1180.89 Safari/537.1"
58.56.155.203 - - [18/Sep/2013:08:25:21 +0000] "GET /wp-content/themes/silesia/functions/js/shortcode.js HTTP/1.1" 200 333 "http://blog.fens.me/series-r/" "Mozilla/5.0 (Windows NT 6.1) AppleWebKit/537.1 (KHTML, like Gecko) Chrome/21.0.1180.89 Safari/537.1"
61.135.216.105 - - [18/Sep/2013:08:25:21 +0000] "GET /comments/feed/ HTTP/1.1" 304 0 "-" "Mozilla/5.0 (compatible;YoudaoFeedFetcher/1.0;http://www.youdao.com/help/reader/faq/topic006/;1 subscribers;)"
58.56.155.203 - - [18/Sep/2013:08:25:24 +0000] "GET /wp-content/themes/silesia/images/slide-bg.png HTTP/1.1" 200 934 "http://blog.fens.me/series-r/" "Mozilla/5.0 (Windows NT 6.1) AppleWebKit/537.1 (KHTML, like Gecko) Chrome/21.0.1180.89 Safari/537.1"
58.56.155.203 - - [18/Sep/2013:08:25:24 +0000] "GET /wp-content/themes/silesia/images/ico-twitter.png HTTP/1.1" 200 2128 "http://blog.fens.me/series-r/" "Mozilla/5.0 (Windows NT 6.1) AppleWebKit/537.1 (KHTML, like Gecko) Chrome/21.0.1180.89 Safari/537.1"
58.56.155.203 - - [18/Sep/2013:08:25:24 +0000] "GET /wp-content/themes/silesia/images/home-ico.png HTTP/1.1" 200 1103 "http://blog.fens.me/series-r/" "Mozilla/5.0 (Windows NT 6.1) AppleWebKit/537.1 (KHTML, like Gecko) Chrome/21.0.1180.89 Safari/537.1"
58.56.155.203 - - [18/Sep/2013:08:25:24 +0000] "GET /wp-content/themes/silesia/images/crubms-div.png HTTP/1.1" 200 1255 "http://blog.fens.me/series-r/" "Mozilla/5.0 (Windows NT 6.1) AppleWebKit/537.1 (KHTML, like Gecko) Chrome/21.0.1180.89 Safari/537.1"
58.56.155.203 - - [18/Sep/2013:08:25:24 +0000] "GET /wp-content/themes/silesia/images/ico-meta.gif HTTP/1.1" 200 73 "http://blog.fens.me/series-r/" "Mozilla/5.0 (Windows NT 6.1) AppleWebKit/537.1 (KHTML, like Gecko) Chrome/21.0.1180.89 Safari/537.1"
58.56.155.203 - - [18/Sep/2013:08:25:25 +0000] "GET /wp-content/themes/silesia/images/natty-logo.png HTTP/1.1" 200 1438 "http://blog.fens.me/series-r/" "Mozilla/5.0 (Windows NT 6.1) AppleWebKit/537.1 (KHTML, like Gecko) Chrome/21.0.1180.89 Safari/537.1"
58.56.155.203 - - [18/Sep/2013:08:25:25 +0000] "GET /js/baidu.js HTTP/1.1" 200 249 "http://blog.fens.me/series-r/" "Mozilla/5.0 (Windows NT 6.1) AppleWebKit/537.1 (KHTML, like Gecko) Chrome/21.0.1180.89 Safari/537.1"
58.56.155.203 - - [18/Sep/2013:08:25:25 +0000] "GET /js/google.js HTTP/1.1" 200 475 "http://blog.fens.me/series-r/" "Mozilla/5.0 (Windows NT 6.1) AppleWebKit/537.1 (KHTML, like Gecko) Chrome/21.0.1180.89 Safari/537.1"
58.56.155.203 - - [18/Sep/2013:08:25:26 +0000] "GET /wp-content/uploads/2013/07/r-base.png HTTP/1.1" 200 113519 "http://blog.fens.me/series-r/" "Mozilla/5.0 (Windows NT 6.1) AppleWebKit/537.1 (KHTML, like Gecko) Chrome/21.0.1180.89 Safari/537.1"
58.56.155.203 - - [18/Sep/2013:08:25:30 +0000] "GET /series-r/?cf_action=sync_comments&post_id=1520 HTTP/1.1" 200 48 "http://blog.fens.me/series-r/" "Mozilla/5.0 (Windows NT 6.1) AppleWebKit/537.1 (KHTML, like Gecko) Chrome/21.0.1180.89 Safari/537.1"
58.56.155.203 - - [18/Sep/2013:08:25:39 +0000] "-" 400 0 "-" "-"
163.177.71.12 - - [18/Sep/2013:08:25:49 +0000] "HEAD / HTTP/1.1" 200 20 "-" "DNSPod-Monitor/1.0"
163.177.71.12 - - [18/Sep/2013:08:25:52 +0000] "HEAD / HTTP/1.1" 200 20 "-" "DNSPod-Monitor/1.0"
101.226.68.137 - - [18/Sep/2013:08:25:55 +0000] "HEAD / HTTP/1.1" 200 20 "-" "DNSPod-Monitor/1.0"
101.226.68.137 - - [18/Sep/2013:08:25:58 +0000] "HEAD / HTTP/1.1" 200 20 "-" "DNSPod-Monitor/1.0"
114.141.164.19 - - [18/Sep/2013:08:26:02 +0000] "GET /wp-content/uploads/2013/08/AngularJS-route1.png HTTP/1.1" 304 0 "-" "Mozilla/4.0 (compatible;)"
159.226.251.170 - - [18/Sep/2013:08:26:18 +0000] "GET /hadoop-mahout-roadmap/ HTTP/1.1" 200 38605 "http://f.dataguru.cn/thread-177375-1-1.html" "Mozilla/4.0 (compatible; MSIE 8.0; Windows NT 6.1; WOW64; Trident/4.0; SLCC2; .NET CLR 2.0.50727; .NET CLR 3.5.30729; .NET CLR 3.0.30729; Media Center PC 6.0)"
159.226.251.170 - - [18/Sep/2013:08:26:19 +0000] "GET /wp-content/themes/silesia/style.css HTTP/1.1" 200 34090 "http://blog.fens.me/hadoop-mahout-roadmap/" "Mozilla/4.0 (compatible; MSIE 8.0; Windows NT 6.1; WOW64; Trident/4.0; SLCC2; .NET CLR 2.0.50727; .NET CLR 3.5.30729; .NET CLR 3.0.30729; Media Center PC 6.0)"
159.226.251.170 - - [18/Sep/2013:08:26:20 +0000] "GET /wp-includes/js/jquery/jquery-migrate.min.js?ver=1.2.1 HTTP/1.1" 200 7200 "http://blog.fens.me/hadoop-mahout-roadmap/" "Mozilla/4.0 (compatible; MSIE 8.0; Windows NT 6.1; WOW64; Trident/4.0; SLCC2; .NET CLR 2.0.50727; .NET CLR 3.5.30729; .NET CLR 3.0.30729; Media Center PC 6.0)"
159.226.251.170 - - [18/Sep/2013:08:26:20 +0000] "GET /wp-includes/js/jquery/jquery.js?ver=1.10.2 HTTP/1.1" 200 93128 "http://blog.fens.me/hadoop-mahout-roadmap/" "Mozilla/4.0 (compatible; MSIE 8.0; Windows NT 6.1; WOW64; Trident/4.0; SLCC2; .NET CLR 2.0.50727; .NET CLR 3.5.30729; .NET CLR 3.0.30729; Media Center PC 6.0)"
159.226.251.170 - - [18/Sep/2013:08:26:20 +0000] "GET /wp-includes/js/comment-reply.min.js?ver=3.6 HTTP/1.1" 200 786 "http://blog.fens.me/hadoop-mahout-roadmap/" "Mozilla/4.0 (compatible; MSIE 8.0; Windows NT 6.1; WOW64; Trident/4.0; SLCC2; .NET CLR 2.0.50727; .NET CLR 3.5.30729; .NET CLR 3.0.30729; Media Center PC 6.0)"
159.226.251.170 - - [18/Sep/2013:08:26:20 +0000] "GET /wp-content/themes/silesia/js/jquery.cycle.all.min.js HTTP/1.1" 200 31539 "http://blog.fens.me/hadoop-mahout-roadmap/" "Mozilla/4.0 (compatible; MSIE 8.0; Windows NT 6.1; WOW64; Trident/4.0; SLCC2; .NET CLR 2.0.50727; .NET CLR 3.5.30729; .NET CLR 3.0.30729; Media Center PC 6.0)"
159.226.251.170 - - [18/Sep/2013:08:26:20 +0000] "GET /wp-content/themes/silesia/js/load.js HTTP/1.1" 200 715 "http://blog.fens.me/hadoop-mahout-roadmap/" "Mozilla/4.0 (compatible; MSIE 8.0; Windows NT 6.1; WOW64; Trident/4.0; SLCC2; .NET CLR 2.0.50727; .NET CLR 3.5.30729; .NET CLR 3.0.30729; Media Center PC 6.0)"
159.226.251.170 - - [18/Sep/2013:08:26:21 +0000] "GET /wp-content/themes/silesia/functions/css/shortcodes.css HTTP/1.1" 200 2899 "http://blog.fens.me/hadoop-mahout-roadmap/" "Mozilla/4.0 (compatible; MSIE 8.0; Windows NT 6.1; WOW64; Trident/4.0; SLCC2; .NET CLR 2.0.50727; .NET CLR 3.5.30729; .NET CLR 3.0.30729; Media Center PC 6.0)"
159.226.251.170 - - [18/Sep/2013:08:26:21 +0000] "GET /wp-content/themes/silesia/functions/js/shortcode.js HTTP/1.1" 200 333 "http://blog.fens.me/hadoop-mahout-roadmap/" "Mozilla/4.0 (compatible; MSIE 8.0; Windows NT 6.1; WOW64; Trident/4.0; SLCC2; .NET CLR 2.0.50727; .NET CLR 3.5.30729; .NET CLR 3.0.30729; Media Center PC 6.0)"
159.226.251.170 - - [18/Sep/2013:08:26:21 +0000] "GET /wp-content/uploads/2013/09/HadoopMahoutRoadmap.png HTTP/1.1" 200 119275 "http://blog.fens.me/hadoop-mahout-roadmap/" "Mozilla/4.0 (compatible; MSIE 8.0; Windows NT 6.1; WOW64; Trident/4.0; SLCC2; .NET CLR 2.0.50727; .NET CLR 3.5.30729; .NET CLR 3.0.30729; Media Center PC 6.0)"
159.226.251.170 - - [18/Sep/2013:08:26:21 +0000] "GET /js/google.js HTTP/1.1" 200 475 "http://blog.fens.me/hadoop-mahout-roadmap/" "Mozilla/4.0 (compatible; MSIE 8.0; Windows NT 6.1; WOW64; Trident/4.0; SLCC2; .NET CLR 2.0.50727; .NET CLR 3.5.30729; .NET CLR 3.0.30729; Media Center PC 6.0)"
159.226.251.170 - - [18/Sep/2013:08:26:21 +0000] "GET /js/baidu.js HTTP/1.1" 200 249 "http://blog.fens.me/hadoop-mahout-roadmap/" "Mozilla/4.0 (compatible; MSIE 8.0; Windows NT 6.1; WOW64; Trident/4.0; SLCC2; .NET CLR 2.0.50727; .NET CLR 3.5.30729; .NET CLR 3.0.30729; Media Center PC 6.0)"
159.226.251.170 - - [18/Sep/2013:08:26:22 +0000] "GET /wp-content/themes/silesia/images/slide-bg.png HTTP/1.1" 200 934 "http://blog.fens.me/hadoop-mahout-roadmap/" "Mozilla/4.0 (compatible; MSIE 8.0; Windows NT 6.1; WOW64; Trident/4.0; SLCC2; .NET CLR 2.0.50727; .NET CLR 3.5.30729; .NET CLR 3.0.30729; Media Center PC 6.0)"
61.154.9.84 - - [18/Sep/2013:08:26:22 +0000] "GET /favicon.ico HTTP/1.1" 200 0 "-" "Mozilla/5.0 (Windows NT 5.1) AppleWebKit/537.17 (KHTML, like Gecko) Chrome/24.0.1312.57 Safari/537.17 SE 2.X MetaSr 1.0"
159.226.251.170 - - [18/Sep/2013:08:26:22 +0000] "GET /wp-content/themes/silesia/images/ico-twitter.png HTTP/1.1" 200 2128 "http://blog.fens.me/hadoop-mahout-roadmap/" "Mozilla/4.0 (compatible; MSIE 8.0; Windows NT 6.1; WOW64; Trident/4.0; SLCC2; .NET CLR 2.0.50727; .NET CLR 3.5.30729; .NET CLR 3.0.30729; Media Center PC 6.0)"
159.226.251.170 - - [18/Sep/2013:08:26:22 +0000] "GET /wp-content/themes/silesia/images/crubms-div.png HTTP/1.1" 200 1255 "http://blog.fens.me/hadoop-mahout-roadmap/" "Mozilla/4.0 (compatible; MSIE 8.0; Windows NT 6.1; WOW64; Trident/4.0; SLCC2; .NET CLR 2.0.50727; .NET CLR 3.5.30729; .NET CLR 3.0.30729; Media Center PC 6.0)"
159.226.251.170 - - [18/Sep/2013:08:26:22 +0000] "GET /wp-content/themes/silesia/images/home-ico.png HTTP/1.1" 200 1103 "http://blog.fens.me/hadoop-mahout-roadmap/" "Mozilla/4.0 (compatible; MSIE 8.0; Windows NT 6.1; WOW64; Trident/4.0; SLCC2; .NET CLR 2.0.50727; .NET CLR 3.5.30729; .NET CLR 3.0.30729; Media Center PC 6.0)"
159.226.251.170 - - [18/Sep/2013:08:26:22 +0000] "GET /wp-content/themes/silesia/images/sprites/post-type.png HTTP/1.1" 200 2009 "http://blog.fens.me/hadoop-mahout-roadmap/" "Mozilla/4.0 (compatible; MSIE 8.0; Windows NT 6.1; WOW64; Trident/4.0; SLCC2; .NET CLR 2.0.50727; .NET CLR 3.5.30729; .NET CLR 3.0.30729; Media Center PC 6.0)"
159.226.251.170 - - [18/Sep/2013:08:26:22 +0000] "GET /wp-content/themes/silesia/images/bullets/5.gif HTTP/1.1" 200 62 "http://blog.fens.me/hadoop-mahout-roadmap/" "Mozilla/4.0 (compatible; MSIE 8.0; Windows NT 6.1; WOW64; Trident/4.0; SLCC2; .NET CLR 2.0.50727; .NET CLR 3.5.30729; .NET CLR 3.0.30729; Media Center PC 6.0)"
159.226.251.170 - - [18/Sep/2013:08:26:23 +0000] "GET /wp-content/themes/silesia/images/natty-logo.png HTTP/1.1" 200 1438 "http://blog.fens.me/hadoop-mahout-roadmap/" "Mozilla/4.0 (compatible; MSIE 8.0; Windows NT 6.1; WOW64; Trident/4.0; SLCC2; .NET CLR 2.0.50727; .NET CLR 3.5.30729; .NET CLR 3.0.30729; Media Center PC 6.0)"
159.226.251.170 - - [18/Sep/2013:08:26:23 +0000] "GET /wp-content/themes/silesia/images/ico-meta.gif HTTP/1.1" 200 73 "http://blog.fens.me/hadoop-mahout-roadmap/" "Mozilla/4.0 (compatible; MSIE 8.0; Windows NT 6.1; WOW64; Trident/4.0; SLCC2; .NET CLR 2.0.50727; .NET CLR 3.5.30729; .NET CLR 3.0.30729; Media Center PC 6.0)"
159.226.251.170 - - [18/Sep/2013:08:26:25 +0000] "GET /wp-content/uploads/2013/09/Hadoop-mahout-roadmap.png HTTP/1.1" 200 179002 "http://blog.fens.me/hadoop-mahout-roadmap/" "Mozilla/4.0 (compatible; MSIE 8.0; Windows NT 6.1; WOW64; Trident/4.0; SLCC2; .NET CLR 2.0.50727; .NET CLR 3.5.30729; .NET CLR 3.0.30729; Media Center PC 6.0)"
159.226.251.170 - - [18/Sep/2013:08:26:26 +0000] "GET /wp-content/uploads/2013/05/favicon.ico HTTP/1.1" 200 1150 "-" "Mozilla/4.0 (compatible; MSIE 8.0; Windows NT 6.1; WOW64; Trident/4.0; SLCC2; .NET CLR 2.0.50727; .NET CLR 3.5.30729; .NET CLR 3.0.30729; Media Center PC 6.0)"
159.226.251.170 - - [18/Sep/2013:08:26:27 +0000] "GET /hadoop-mahout-roadmap/?cf_action=sync_comments&post_id=2262 HTTP/1.1" 200 28 "http://blog.fens.me/hadoop-mahout-roadmap/" "Mozilla/4.0 (compatible; MSIE 8.0; Windows NT 6.1; WOW64; Trident/4.0; SLCC2; .NET CLR 2.0.50727; .NET CLR 3.5.30729; .NET CLR 3.0.30729; Media Center PC 6.0)"
183.195.232.138 - - [18/Sep/2013:08:26:31 +0000] "HEAD / HTTP/1.1" 200 20 "-" "DNSPod-Monitor/1.0"
183.195.232.138 - - [18/Sep/2013:08:26:31 +0000] "HEAD / HTTP/1.1" 200 20 "-" "DNSPod-Monitor/1.0"
61.154.9.84 - - [18/Sep/2013:08:26:41 +0000] "-" 400 0 "-" "-"
58.56.155.203 - - [18/Sep/2013:08:26:45 +0000] "GET /r-json-rjson/ HTTP/1.1" 200 11500 "http://blog.fens.me/series-r/" "Mozilla/5.0 (Windows NT 6.1) AppleWebKit/537.1 (KHTML, like Gecko) Chrome/21.0.1180.89 Safari/537.1"
58.56.155.203 - - [18/Sep/2013:08:26:45 +0000] "GET /wp-content/themes/silesia/images/sprites/post-type.png HTTP/1.1" 200 2009 "http://blog.fens.me/r-json-rjson/" "Mozilla/5.0 (Windows NT 6.1) AppleWebKit/537.1 (KHTML, like Gecko) Chrome/21.0.1180.89 Safari/537.1"
58.56.155.203 - - [18/Sep/2013:08:26:45 +0000] "GET /wp-content/themes/silesia/images/bullets/5.gif HTTP/1.1" 200 62 "http://blog.fens.me/r-json-rjson/" "Mozilla/5.0 (Windows NT 6.1) AppleWebKit/537.1 (KHTML, like Gecko) Chrome/21.0.1180.89 Safari/537.1"
58.56.155.203 - - [18/Sep/2013:08:26:45 +0000] "GET /wp-content/uploads/2013/09/rjson.png HTTP/1.1" 200 56004 "http://blog.fens.me/r-json-rjson/" "Mozilla/5.0 (Windows NT 6.1) AppleWebKit/537.1 (KHTML, like Gecko) Chrome/21.0.1180.89 Safari/537.1"
58.56.155.203 - - [18/Sep/2013:08:26:46 +0000] "GET /r-json-rjson/?cf_action=sync_comments&post_id=2412 HTTP/1.1" 200 48 "http://blog.fens.me/r-json-rjson/" "Mozilla/5.0 (Windows NT 6.1) AppleWebKit/537.1 (KHTML, like Gecko) Chrome/21.0.1180.89 Safari/537.1"
58.56.155.203 - - [18/Sep/2013:08:26:48 +0000] "GET /r-rstudio-server/ HTTP/1.1" 200 10621 "http://blog.fens.me/series-r/" "Mozilla/5.0 (Windows NT 6.1) AppleWebKit/537.1 (KHTML, like Gecko) Chrome/21.0.1180.89 Safari/537.1"
58.56.155.203 - - [18/Sep/2013:08:26:52 +0000] "GET /wp-content/uploads/2013/07/rstudio-login.png HTTP/1.1" 200 14315 "http://blog.fens.me/r-rstudio-server/" "Mozilla/5.0 (Windows NT 6.1) AppleWebKit/537.1 (KHTML, like Gecko) Chrome/21.0.1180.89 Safari/537.1"
58.56.155.203 - - [18/Sep/2013:08:26:52 +0000] "GET /wp-content/uploads/2013/07/rstudio-git2.png HTTP/1.1" 200 29241 "http://blog.fens.me/r-rstudio-server/" "Mozilla/5.0 (Windows NT 6.1) AppleWebKit/537.1 (KHTML, like Gecko) Chrome/21.0.1180.89 Safari/537.1"
58.56.155.203 - - [18/Sep/2013:08:26:52 +0000] "GET /wp-content/uploads/2013/07/rstudio-git.png HTTP/1.1" 200 21375 "http://blog.fens.me/r-rstudio-server/" "Mozilla/5.0 (Windows NT 6.1) AppleWebKit/537.1 (KHTML, like Gecko) Chrome/21.0.1180.89 Safari/537.1"
58.56.155.203 - - [18/Sep/2013:08:26:52 +0000] "GET /wp-content/uploads/2013/07/rstudio-title.png HTTP/1.1" 200 54147 "http://blog.fens.me/r-rstudio-server/" "Mozilla/5.0 (Windows NT 6.1) AppleWebKit/537.1 (KHTML, like Gecko) Chrome/21.0.1180.89 Safari/537.1"
58.56.155.203 - - [18/Sep/2013:08:26:55 +0000] "GET /r-rserve-java/ HTTP/1.1" 200 10722 "http://blog.fens.me/series-r/" "Mozilla/5.0 (Windows NT 6.1) AppleWebKit/537.1 (KHTML, like Gecko) Chrome/21.0.1180.89 Safari/537.1"
58.56.155.203 - - [18/Sep/2013:08:26:55 +0000] "GET /wp-content/uploads/2013/07/rstudio-web.png HTTP/1.1" 200 104087 "http://blog.fens.me/r-rstudio-server/" "Mozilla/5.0 (Windows NT 6.1) AppleWebKit/537.1 (KHTML, like Gecko) Chrome/21.0.1180.89 Safari/537.1"
58.56.155.203 - - [18/Sep/2013:08:26:55 +0000] "GET /wp-content/uploads/2013/07/rstudio-git3.png HTTP/1.1" 200 34847 "http://blog.fens.me/r-rstudio-server/" "Mozilla/5.0 (Windows NT 6.1) AppleWebKit/537.1 (KHTML, like Gecko) Chrome/21.0.1180.89 Safari/537.1"
58.56.155.203 - - [18/Sep/2013:08:26:55 +0000] "GET /r-rstudio-server/?cf_action=sync_comments&post_id=1506 HTTP/1.1" 200 48 "http://blog.fens.me/r-rstudio-server/" "Mozilla/5.0 (Windows NT 6.1) AppleWebKit/537.1 (KHTML, like Gecko) Chrome/21.0.1180.89 Safari/537.1"
58.56.155.203 - - [18/Sep/2013:08:26:56 +0000] "GET /wp-content/uploads/2013/08/rserve1.png HTTP/1.1" 200 6561 "http://blog.fens.me/r-rserve-java/" "Mozilla/5.0 (Windows NT 6.1) AppleWebKit/537.1 (KHTML, like Gecko) Chrome/21.0.1180.89 Safari/537.1"
66.249.66.84 - - [18/Sep/2013:08:26:56 +0000] "GET /series-angular/feed/ HTTP/1.1" 200 9582 "-" "Mozilla/5.0 (compatible; Googlebot/2.1; +http://www.google.com/bot.html)"
58.56.155.203 - - [18/Sep/2013:08:26:56 +0000] "GET /wp-content/uploads/2013/08/rserve-java.png HTTP/1.1" 200 72177 "http://blog.fens.me/r-rserve-java/" "Mozilla/5.0 (Windows NT 6.1) AppleWebKit/537.1 (KHTML, like Gecko) Chrome/21.0.1180.89 Safari/537.1"
58.56.155.203 - - [18/Sep/2013:08:26:57 +0000] "GET /r-rserve-java/?cf_action=sync_comments&post_id=1595 HTTP/1.1" 200 48 "http://blog.fens.me/r-rserve-java/" "Mozilla/5.0 (Windows NT 6.1) AppleWebKit/537.1 (KHTML, like Gecko) Chrome/21.0.1180.89 Safari/537.1"
58.56.155.203 - - [18/Sep/2013:08:26:59 +0000] "-" 400 0 "-" "-"
58.56.155.203 - - [18/Sep/2013:08:26:59 +0000] "-" 400 0 "-" "-"
58.56.155.203 - - [18/Sep/2013:08:26:59 +0000] "-" 400 0 "-" "-"
58.56.155.203 - - [18/Sep/2013:08:27:02 +0000] "GET /r-rjava-java/ HTTP/1.1" 200 13441 "http://blog.fens.me/series-r/" "Mozilla/5.0 (Windows NT 6.1) AppleWebKit/537.1 (KHTML, like Gecko) Chrome/21.0.1180.89 Safari/537.1"
58.56.155.203 - - [18/Sep/2013:08:27:02 +0000] "GET /wp-content/uploads/2013/08/rjava.png HTTP/1.1" 200 18321 "http://blog.fens.me/r-rjava-java/" "Mozilla/5.0 (Windows NT 6.1) AppleWebKit/537.1 (KHTML, like Gecko) Chrome/21.0.1180.89 Safari/537.1"
58.56.155.203 - - [18/Sep/2013:08:27:02 +0000] "GET /wp-content/uploads/2013/08/rjava2.png HTTP/1.1" 200 7989 "http://blog.fens.me/r-rjava-java/" "Mozilla/5.0 (Windows NT 6.1) AppleWebKit/537.1 (KHTML, like Gecko) Chrome/21.0.1180.89 Safari/537.1"
58.56.155.203 - - [18/Sep/2013:08:27:05 +0000] "GET /r-rjava-java/?cf_action=sync_comments&post_id=1612 HTTP/1.1" 200 48 "http://blog.fens.me/r-rjava-java/" "Mozilla/5.0 (Windows NT 6.1) AppleWebKit/537.1 (KHTML, like Gecko) Chrome/21.0.1180.89 Safari/537.1"
60.10.8.5 - - [18/Sep/2013:08:27:05 +0000] "GET /hadoop-core-roadmap/ HTTP/1.1" 404 6424 "http://blog.fens.me/hadoop-family-roadmap/" "Mozilla/5.0 (Windows NT 6.1; WOW64) AppleWebKit/537.36 (KHTML, like Gecko) Chrome/29.0.1547.66 Safari/537.36"
58.56.155.203 - - [18/Sep/2013:08:27:13 +0000] "GET /wp-content/uploads/2013/08/rjava1.png HTTP/1.1" 200 157388 "http://blog.fens.me/r-rjava-java/" "Mozilla/5.0 (Windows NT 6.1) AppleWebKit/537.1 (KHTML, like Gecko) Chrome/21.0.1180.89 Safari/537.1"
60.10.8.5 - - [18/Sep/2013:08:27:25 +0000] "GET /hadoop-hive-roadmap/ HTTP/1.1" 404 6424 "http://blog.fens.me/hadoop-family-roadmap/" "Mozilla/5.0 (Windows NT 6.1; WOW64) AppleWebKit/537.36 (KHTML, like Gecko) Chrome/29.0.1547.66 Safari/537.36"
58.56.155.203 - - [18/Sep/2013:08:27:30 +0000] "GET /wp-content/uploads/2013/07/rstudio-web2.png HTTP/1.1" 200 83776 "http://blog.fens.me/r-rstudio-server/" "Mozilla/5.0 (Windows NT 6.1) AppleWebKit/537.1 (KHTML, like Gecko) Chrome/21.0.1180.89 Safari/537.1"
60.10.8.5 - - [18/Sep/2013:08:27:39 +0000] "GET /hadoop-hbase-roadmap/ HTTP/1.1" 404 6425 "http://blog.fens.me/hadoop-family-roadmap/" "Mozilla/5.0 (Windows NT 6.1; WOW64) AppleWebKit/537.36 (KHTML, like Gecko) Chrome/29.0.1547.66 Safari/537.36"
222.68.18.124 - - [18/Sep/2013:08:27:47 +0000] "GET /r-rserve-nodejs/ HTTP/1.1" 200 11211 "-" "Mozilla/5.0 (compatible; MSIE 9.0; Windows NT 6.1; WOW64; Trident/5.0)"
222.68.18.124 - - [18/Sep/2013:08:27:48 +0000] "GET /wp-content/themes/silesia/style.css HTTP/1.1" 200 7554 "http://blog.fens.me/r-rserve-nodejs/" "Mozilla/5.0 (compatible; MSIE 9.0; Windows NT 6.1; WOW64; Trident/5.0)"
60.10.8.5 - - [18/Sep/2013:08:27:48 +0000] "GET /hadoop-cassandra-roadmap/ HTTP/1.1" 404 6424 "http://blog.fens.me/hadoop-family-roadmap/" "Mozilla/5.0 (Windows NT 6.1; WOW64) AppleWebKit/537.36 (KHTML, like Gecko) Chrome/29.0.1547.66 Safari/537.36"
222.68.18.124 - - [18/Sep/2013:08:27:49 +0000] "GET /wp-includes/js/jquery/jquery.js?ver=1.10.2 HTTP/1.1" 200 32851 "http://blog.fens.me/r-rserve-nodejs/" "Mozilla/5.0 (compatible; MSIE 9.0; Windows NT 6.1; WOW64; Trident/5.0)"
222.68.18.124 - - [18/Sep/2013:08:27:49 +0000] "GET /wp-includes/js/jquery/jquery-migrate.min.js?ver=1.2.1 HTTP/1.1" 200 7200 "http://blog.fens.me/r-rserve-nodejs/" "Mozilla/5.0 (compatible; MSIE 9.0; Windows NT 6.1; WOW64; Trident/5.0)"
222.68.18.124 - - [18/Sep/2013:08:27:49 +0000] "GET /wp-content/themes/silesia/functions/js/shortcode.js HTTP/1.1" 200 333 "http://blog.fens.me/r-rserve-nodejs/" "Mozilla/5.0 (compatible; MSIE 9.0; Windows NT 6.1; WOW64; Trident/5.0)"
222.68.18.124 - - [18/Sep/2013:08:27:49 +0000] "GET /wp-content/themes/silesia/js/load.js HTTP/1.1" 200 715 "http://blog.fens.me/r-rserve-nodejs/" "Mozilla/5.0 (compatible; MSIE 9.0; Windows NT 6.1; WOW64; Trident/5.0)"
222.68.18.124 - - [18/Sep/2013:08:27:49 +0000] "GET /wp-content/themes/silesia/functions/css/shortcodes.css HTTP/1.1" 200 2899 "http://blog.fens.me/r-rserve-nodejs/" "Mozilla/5.0 (compatible; MSIE 9.0; Windows NT 6.1; WOW64; Trident/5.0)"
222.68.18.124 - - [18/Sep/2013:08:27:49 +0000] "GET /wp-includes/js/comment-reply.min.js?ver=3.6 HTTP/1.1" 200 786 "http://blog.fens.me/r-rserve-nodejs/" "Mozilla/5.0 (compatible; MSIE 9.0; Windows NT 6.1; WOW64; Trident/5.0)"
222.68.18.124 - - [18/Sep/2013:08:27:49 +0000] "GET /wp-content/themes/silesia/js/jquery.cycle.all.min.js HTTP/1.1" 200 7784 "http://blog.fens.me/r-rserve-nodejs/" "Mozilla/5.0 (compatible; MSIE 9.0; Windows NT 6.1; WOW64; Trident/5.0)"
222.68.18.124 - - [18/Sep/2013:08:27:50 +0000] "GET /wp-content/uploads/2013/08/rserve-nodejs.png HTTP/1.1" 200 72148 "http://blog.fens.me/r-rserve-nodejs/" "Mozilla/5.0 (compatible; MSIE 9.0; Windows NT 6.1; WOW64; Trident/5.0)"
222.68.18.124 - - [18/Sep/2013:08:27:51 +0000] "GET /wp-content/themes/silesia/images/natty-logo.png HTTP/1.1" 200 1438 "http://blog.fens.me/r-rserve-nodejs/" "Mozilla/5.0 (compatible; MSIE 9.0; Windows NT 6.1; WOW64; Trident/5.0)"
222.68.18.124 - - [18/Sep/2013:08:27:51 +0000] "GET /wp-content/themes/silesia/images/slide-bg.png HTTP/1.1" 200 934 "http://blog.fens.me/r-rserve-nodejs/" "Mozilla/5.0 (compatible; MSIE 9.0; Windows NT 6.1; WOW64; Trident/5.0)"
222.68.18.124 - - [18/Sep/2013:08:27:51 +0000] "GET /wp-content/themes/silesia/images/ico-twitter.png HTTP/1.1" 200 2128 "http://blog.fens.me/r-rserve-nodejs/" "Mozilla/5.0 (compatible; MSIE 9.0; Windows NT 6.1; WOW64; Trident/5.0)"
222.68.18.124 - - [18/Sep/2013:08:27:51 +0000] "GET /wp-content/themes/silesia/images/home-ico.png HTTP/1.1" 200 1103 "http://blog.fens.me/r-rserve-nodejs/" "Mozilla/5.0 (compatible; MSIE 9.0; Windows NT 6.1; WOW64; Trident/5.0)"
222.68.18.124 - - [18/Sep/2013:08:27:51 +0000] "GET /wp-content/themes/silesia/images/crubms-div.png HTTP/1.1" 200 1255 "http://blog.fens.me/r-rserve-nodejs/" "Mozilla/5.0 (compatible; MSIE 9.0; Windows NT 6.1; WOW64; Trident/5.0)"
222.68.18.124 - - [18/Sep/2013:08:27:51 +0000] "GET /wp-content/themes/silesia/images/sprites/post-type.png HTTP/1.1" 200 2009 "http://blog.fens.me/r-rserve-nodejs/" "Mozilla/5.0 (compatible; MSIE 9.0; Windows NT 6.1; WOW64; Trident/5.0)"
222.68.18.124 - - [18/Sep/2013:08:27:51 +0000] "GET /wp-content/themes/silesia/images/bullets/5.gif HTTP/1.1" 200 62 "http://blog.fens.me/r-rserve-nodejs/" "Mozilla/5.0 (compatible; MSIE 9.0; Windows NT 6.1; WOW64; Trident/5.0)"
222.68.18.124 - - [18/Sep/2013:08:27:51 +0000] "GET /js/baidu.js HTTP/1.1" 200 249 "http://blog.fens.me/r-rserve-nodejs/" "Mozilla/5.0 (compatible; MSIE 9.0; Windows NT 6.1; WOW64; Trident/5.0)"
222.68.18.124 - - [18/Sep/2013:08:27:51 +0000] "GET /js/google.js HTTP/1.1" 200 475 "http://blog.fens.me/r-rserve-nodejs/" "Mozilla/5.0 (compatible; MSIE 9.0; Windows NT 6.1; WOW64; Trident/5.0)"
222.68.18.124 - - [18/Sep/2013:08:27:51 +0000] "GET /wp-content/themes/silesia/images/ico-meta.gif HTTP/1.1" 200 73 "http://blog.fens.me/r-rserve-nodejs/" "Mozilla/5.0 (compatible; MSIE 9.0; Windows NT 6.1; WOW64; Trident/5.0)"
222.68.18.124 - - [18/Sep/2013:08:27:52 +0000] "GET /wp-content/uploads/2013/05/favicon.ico HTTP/1.1" 200 1150 "-" "Mozilla/5.0 (compatible; MSIE 9.0; Windows NT 6.1; WOW64; Trident/5.0; chromeframe/29.0.1547.66)"
222.68.18.124 - - [18/Sep/2013:08:27:56 +0000] "GET /r-rserve-nodejs/?cf_action=sync_comments&post_id=1769 HTTP/1.1" 200 48 "http://blog.fens.me/r-rserve-nodejs/" "Mozilla/5.0 (compatible; MSIE 9.0; Windows NT 6.1; WOW64; Trident/5.0)"
58.56.155.203 - - [18/Sep/2013:08:27:59 +0000] "GET /wp-content/uploads/2013/07/rstudio-login.png HTTP/1.1" 200 14315 "-" "Mozilla/5.0 (Windows NT 6.1) AppleWebKit/537.1 (KHTML, like Gecko) Chrome/21.0.1180.89 Safari/537.1"
58.56.155.203 - - [18/Sep/2013:08:28:00 +0000] "GET /wp-content/uploads/2013/07/rstudio-login.png HTTP/1.1" 200 14315 "-" "Mozilla/5.0 (Windows NT 6.1) AppleWebKit/537.1 (KHTML, like Gecko) Chrome/21.0.1180.89 Safari/537.1"
58.56.155.203 - - [18/Sep/2013:08:28:00 +0000] "GET /wp-content/uploads/2013/07/rstudio-title.png HTTP/1.1" 200 54147 "-" "Mozilla/5.0 (Windows NT 6.1) AppleWebKit/537.1 (KHTML, like Gecko) Chrome/21.0.1180.89 Safari/537.1"
58.56.155.203 - - [18/Sep/2013:08:28:00 +0000] "GET /series-nodejs/ HTTP/1.1" 200 10078 "-" "Mozilla/5.0 (Windows NT 6.1) AppleWebKit/537.1 (KHTML, like Gecko) Chrome/21.0.1180.89 Safari/537.1"
58.56.155.203 - - [18/Sep/2013:08:28:00 +0000] "GET /wp-content/uploads/2013/07/rstudio-title.png HTTP/1.1" 200 54147 "-" "Mozilla/5.0 (Windows NT 6.1) AppleWebKit/537.1 (KHTML, like Gecko) Chrome/21.0.1180.89 Safari/537.1"
58.56.155.203 - - [18/Sep/2013:08:28:00 +0000] "GET /wp-includes/images/smilies/icon_smile.gif HTTP/1.1" 200 174 "http://blog.fens.me/series-nodejs/" "Mozilla/5.0 (Windows NT 6.1) AppleWebKit/537.1 (KHTML, like Gecko) Chrome/21.0.1180.89 Safari/537.1"
58.56.155.203 - - [18/Sep/2013:08:28:01 +0000] "GET /wp-content/uploads/2013/06/nodejs1.jpg HTTP/1.1" 200 44870 "http://blog.fens.me/series-nodejs/" "Mozilla/5.0 (Windows NT 6.1) AppleWebKit/537.1 (KHTML, like Gecko) Chrome/21.0.1180.89 Safari/537.1"
58.56.155.203 - - [18/Sep/2013:08:28:02 +0000] "GET /wp-content/uploads/2013/07/rstudio-web.png HTTP/1.1" 200 104087 "-" "Mozilla/5.0 (Windows NT 6.1) AppleWebKit/537.1 (KHTML, like Gecko) Chrome/21.0.1180.89 Safari/537.1"
58.56.155.203 - - [18/Sep/2013:08:28:02 +0000] "GET /wp-content/uploads/2013/07/rstudio-web.png HTTP/1.1" 200 104087 "-" "Mozilla/5.0 (Windows NT 6.1) AppleWebKit/537.1 (KHTML, like Gecko) Chrome/21.0.1180.89 Safari/537.1"
58.56.155.203 - - [18/Sep/2013:08:28:03 +0000] "GET /series-nodejs/?cf_action=sync_comments&post_id=414 HTTP/1.1" 200 48 "http://blog.fens.me/series-nodejs/" "Mozilla/5.0 (Windows NT 6.1) AppleWebKit/537.1 (KHTML, like Gecko) Chrome/21.0.1180.89 Safari/537.1"
58.56.155.203 - - [18/Sep/2013:08:28:06 +0000] "GET /wp-content/uploads/2013/07/rstudio-login.png HTTP/1.1" 200 14315 "-" "Mozilla/5.0 (Windows NT 6.1) AppleWebKit/537.1 (KHTML, like Gecko) Chrome/21.0.1180.89 Safari/537.1"
58.56.155.203 - - [18/Sep/2013:08:28:06 +0000] "GET /wp-content/uploads/2013/07/rstudio-title.png HTTP/1.1" 200 54147 "-" "Mozilla/5.0 (Windows NT 6.1) AppleWebKit/537.1 (KHTML, like Gecko) Chrome/21.0.1180.89 Safari/537.1"
114.252.89.91 - - [18/Sep/2013:08:28:07 +0000] "POST /wp-admin/admin-ajax.php HTTP/1.1" 200 58 "http://blog.fens.me/wp-admin/post.php?post=2445&action=edit&message=10" "Mozilla/5.0 (Windows NT 6.1; WOW64) AppleWebKit/537.36 (KHTML, like Gecko) Chrome/28.0.1500.95 Safari/537.36"
58.56.155.203 - - [18/Sep/2013:08:28:14 +0000] "GET /wp-content/uploads/2013/07/rstudio-web.png HTTP/1.1" 200 104079 "-" "Mozilla/5.0 (Windows NT 6.1) AppleWebKit/537.1 (KHTML, like Gecko) Chrome/21.0.1180.89 Safari/537.1"
50.93.195.98 - - [18/Sep/2013:08:28:22 +0000] "GET /wp-content/uploads/2013/08/windjs.png HTTP/1.1" 200 34613 "http://cnodejs.org/topic/521a30d4bee8d3cb1272ac0f" "Mozilla/5.0 (Macintosh; Intel Mac OS X 10_8_4) AppleWebKit/537.4 (KHTML, like Gecko) Chrome/22.0.1229.94 Safari/537.4"
50.116.27.194 - - [18/Sep/2013:08:28:23 +0000] "POST /wp-cron.php?doing_wp_cron=1379492902.5562500953674316406250 HTTP/1.0" 200 0 "-" "WordPress/3.6; http://blog.fens.me"
60.10.8.5 - - [18/Sep/2013:08:28:23 +0000] "GET /hadoop-core-roadmap/ HTTP/1.1" 404 6424 "http://blog.fens.me/hadoop-family-roadmap/" "Mozilla/5.0 (Windows NT 6.1; WOW64) AppleWebKit/537.36 (KHTML, like Gecko) Chrome/29.0.1547.66 Safari/537.36"
218.241.103.162 - - [18/Sep/2013:08:28:31 +0000] "GET /wp-content/uploads/2013/07/hadoop-hive.png HTTP/1.1" 200 432727 "-" "Mozilla/5.0 (Macintosh; Intel Mac OS X 10.7; rv:18.0) Gecko/20100101 Firefox/18.0"
218.241.103.162 - - [18/Sep/2013:08:28:35 +0000] "-" 400 0 "-" "-"
218.241.103.162 - - [18/Sep/2013:08:28:37 +0000] "GET /wp-content/uploads/2013/07/hadoop-hive.png HTTP/1.1" 200 266207 "-" "Mozilla/5.0 (Macintosh; Intel Mac OS X 10.7; rv:18.0) Gecko/20100101 Firefox/18.0"
163.177.71.12 - - [18/Sep/2013:08:28:43 +0000] "HEAD / HTTP/1.1" 200 20 "-" "DNSPod-Monitor/1.0"
175.139.194.117 - - [18/Sep/2013:08:28:45 +0000] "GET /tag/shard/ HTTP/1.1" 200 11086 "-" "Mozilla/5.0 (X11; Linux x86_64) AppleWebKit/537.36 (KHTML, like Gecko) Chrome/27.0.1453.110 Safari/537.36"
163.177.71.12 - - [18/Sep/2013:08:28:46 +0000] "HEAD / HTTP/1.1" 200 20 "-" "DNSPod-Monitor/1.0"
175.139.194.117 - - [18/Sep/2013:08:28:46 +0000] "-" 400 0 "-" "-"
175.139.194.117 - - [18/Sep/2013:08:28:46 +0000] "-" 400 0 "-" "-"
175.139.194.117 - - [18/Sep/2013:08:28:46 +0000] "-" 400 0 "-" "-"
175.139.194.117 - - [18/Sep/2013:08:28:46 +0000] "-" 400 0 "-" "-"
175.139.194.117 - - [18/Sep/2013:08:28:47 +0000] "GET /js/baidu.js HTTP/1.1" 200 249 "http://blog.fens.me/tag/shard/" "Mozilla/5.0 (X11; Linux x86_64) AppleWebKit/537.36 (KHTML, like Gecko) Chrome/27.0.1453.110 Safari/537.36"
175.139.194.117 - - [18/Sep/2013:08:28:47 +0000] "GET /js/google.js HTTP/1.1" 200 475 "http://blog.fens.me/tag/shard/" "Mozilla/5.0 (X11; Linux x86_64) AppleWebKit/537.36 (KHTML, like Gecko) Chrome/27.0.1453.110 Safari/537.36"
175.139.194.117 - - [18/Sep/2013:08:28:47 +0000] "GET /wp-content/themes/silesia/style.css HTTP/1.1" 200 7554 "http://blog.fens.me/tag/shard/" "Mozilla/5.0 (X11; Linux x86_64) AppleWebKit/537.36 (KHTML, like Gecko) Chrome/27.0.1453.110 Safari/537.36"
175.139.194.117 - - [18/Sep/2013:08:28:47 +0000] "GET /wp-content/themes/silesia/functions/css/shortcodes.css HTTP/1.1" 200 2899 "http://blog.fens.me/tag/shard/" "Mozilla/5.0 (X11; Linux x86_64) AppleWebKit/537.36 (KHTML, like Gecko) Chrome/27.0.1453.110 Safari/537.36"
175.139.194.117 - - [18/Sep/2013:08:28:47 +0000] "GET /wp-includes/js/jquery/jquery-migrate.min.js?ver=1.2.1 HTTP/1.1" 200 7200 "http://blog.fens.me/tag/shard/" "Mozilla/5.0 (X11; Linux x86_64) AppleWebKit/537.36 (KHTML, like Gecko) Chrome/27.0.1453.110 Safari/537.36"
175.139.194.117 - - [18/Sep/2013:08:28:47 +0000] "GET /wp-content/themes/silesia/js/jquery.cycle.all.min.js HTTP/1.1" 200 7784 "http://blog.fens.me/tag/shard/" "Mozilla/5.0 (X11; Linux x86_64) AppleWebKit/537.36 (KHTML, like Gecko) Chrome/27.0.1453.110 Safari/537.36"
175.139.194.117 - - [18/Sep/2013:08:28:47 +0000] "GET /wp-content/themes/silesia/js/load.js HTTP/1.1" 200 715 "http://blog.fens.me/tag/shard/" "Mozilla/5.0 (X11; Linux x86_64) AppleWebKit/537.36 (KHTML, like Gecko) Chrome/27.0.1453.110 Safari/537.36"
175.139.194.117 - - [18/Sep/2013:08:28:48 +0000] "GET /wp-includes/js/jquery/jquery.js?ver=1.10.2 HTTP/1.1" 200 32851 "http://blog.fens.me/tag/shard/" "Mozilla/5.0 (X11; Linux x86_64) AppleWebKit/537.36 (KHTML, like Gecko) Chrome/27.0.1453.110 Safari/537.36"
175.139.194.117 - - [18/Sep/2013:08:28:48 +0000] "GET /wp-content/themes/silesia/functions/js/shortcode.js HTTP/1.1" 200 333 "http://blog.fens.me/tag/shard/" "Mozilla/5.0 (X11; Linux x86_64) AppleWebKit/537.36 (KHTML, like Gecko) Chrome/27.0.1453.110 Safari/537.36"
175.139.194.117 - - [18/Sep/2013:08:28:48 +0000] "GET /wp-includes/js/jquery/jquery-migrate.min.js?ver=1.2.1 HTTP/1.1" 200 7200 "http://blog.fens.me/tag/shard/" "Mozilla/5.0 (X11; Linux x86_64) AppleWebKit/537.36 (KHTML, like Gecko) Chrome/27.0.1453.110 Safari/537.36"
175.139.194.117 - - [18/Sep/2013:08:28:49 +0000] "GET /wp-content/themes/silesia/images/natty-logo.png HTTP/1.1" 200 1438 "http://blog.fens.me/tag/shard/" "Mozilla/5.0 (X11; Linux x86_64) AppleWebKit/537.36 (KHTML, like Gecko) Chrome/27.0.1453.110 Safari/537.36"
175.139.194.117 - - [18/Sep/2013:08:28:50 +0000] "GET /wp-content/uploads/2013/06/shard2.jpg HTTP/1.1" 200 56079 "http://blog.fens.me/tag/shard/" "Mozilla/5.0 (X11; Linux x86_64) AppleWebKit/537.36 (KHTML, like Gecko) Chrome/27.0.1453.110 Safari/537.36"
175.139.194.117 - - [18/Sep/2013:08:28:50 +0000] "GET /wp-content/themes/silesia/js/jquery.cycle.all.min.js HTTP/1.1" 200 7784 "http://blog.fens.me/tag/shard/" "Mozilla/5.0 (X11; Linux x86_64) AppleWebKit/537.36 (KHTML, like Gecko) Chrome/27.0.1453.110 Safari/537.36"
175.139.194.117 - - [18/Sep/2013:08:28:50 +0000] "GET /wp-content/uploads/2013/06/sh.png HTTP/1.1" 200 115423 "http://blog.fens.me/tag/shard/" "Mozilla/5.0 (X11; Linux x86_64) AppleWebKit/537.36 (KHTML, like Gecko) Chrome/27.0.1453.110 Safari/537.36"
101.226.68.137 - - [18/Sep/2013:08:28:50 +0000] "HEAD / HTTP/1.1" 200 20 "-" "DNSPod-Monitor/1.0"
175.139.194.117 - - [18/Sep/2013:08:28:51 +0000] "GET /wp-content/themes/silesia/js/load.js HTTP/1.1" 200 715 "http://blog.fens.me/tag/shard/" "Mozilla/5.0 (X11; Linux x86_64) AppleWebKit/537.36 (KHTML, like Gecko) Chrome/27.0.1453.110 Safari/537.36"
175.139.194.117 - - [18/Sep/2013:08:28:51 +0000] "GET /wp-content/themes/silesia/functions/css/shortcodes.css HTTP/1.1" 200 2899 "http://blog.fens.me/tag/shard/" "Mozilla/5.0 (X11; Linux x86_64) AppleWebKit/537.36 (KHTML, like Gecko) Chrome/27.0.1453.110 Safari/537.36"
175.139.194.117 - - [18/Sep/2013:08:28:51 +0000] "GET /wp-content/themes/silesia/functions/js/shortcode.js HTTP/1.1" 200 333 "http://blog.fens.me/tag/shard/" "Mozilla/5.0 (X11; Linux x86_64) AppleWebKit/537.36 (KHTML, like Gecko) Chrome/27.0.1453.110 Safari/537.36"
175.139.194.117 - - [18/Sep/2013:08:28:52 +0000] "GET /wp-content/themes/silesia/images/slide-bg.png HTTP/1.1" 200 934 "http://blog.fens.me/tag/shard/" "Mozilla/5.0 (X11; Linux x86_64) AppleWebKit/537.36 (KHTML, like Gecko) Chrome/27.0.1453.110 Safari/537.36"
175.139.194.117 - - [18/Sep/2013:08:28:52 +0000] "GET /wp-content/themes/silesia/images/ico-twitter.png HTTP/1.1" 200 2128 "http://blog.fens.me/tag/shard/" "Mozilla/5.0 (X11; Linux x86_64) AppleWebKit/537.36 (KHTML, like Gecko) Chrome/27.0.1453.110 Safari/537.36"
175.139.194.117 - - [18/Sep/2013:08:28:52 +0000] "GET /wp-content/themes/silesia/images/sprites/post-type.png HTTP/1.1" 200 2009 "http://blog.fens.me/tag/shard/" "Mozilla/5.0 (X11; Linux x86_64) AppleWebKit/537.36 (KHTML, like Gecko) Chrome/27.0.1453.110 Safari/537.36"
175.139.194.117 - - [18/Sep/2013:08:28:52 +0000] "GET /wp-content/themes/silesia/images/crubms-div.png HTTP/1.1" 200 1255 "http://blog.fens.me/tag/shard/" "Mozilla/5.0 (X11; Linux x86_64) AppleWebKit/537.36 (KHTML, like Gecko) Chrome/27.0.1453.110 Safari/537.36"
175.139.194.117 - - [18/Sep/2013:08:28:52 +0000] "GET /wp-content/themes/silesia/images/home-ico.png HTTP/1.1" 200 1103 "http://blog.fens.me/tag/shard/" "Mozilla/5.0 (X11; Linux x86_64) AppleWebKit/537.36 (KHTML, like Gecko) Chrome/27.0.1453.110 Safari/537.36"
175.139.194.117 - - [18/Sep/2013:08:28:52 +0000] "GET /wp-content/themes/silesia/images/bullets/5.gif HTTP/1.1" 200 62 "http://blog.fens.me/tag/shard/" "Mozilla/5.0 (X11; Linux x86_64) AppleWebKit/537.36 (KHTML, like Gecko) Chrome/27.0.1453.110 Safari/537.36"
101.226.68.137 - - [18/Sep/2013:08:28:53 +0000] "HEAD / HTTP/1.1" 200 20 "-" "DNSPod-Monitor/1.0"
175.139.194.117 - - [18/Sep/2013:08:28:54 +0000] "GET /wp-content/themes/silesia/images/ico-meta.gif HTTP/1.1" 200 73 "http://blog.fens.me/tag/shard/" "Mozilla/5.0 (X11; Linux x86_64) AppleWebKit/537.36 (KHTML, like Gecko) Chrome/27.0.1453.110 Safari/537.36"
175.139.194.117 - - [18/Sep/2013:08:28:55 +0000] "GET /js/google.js HTTP/1.1" 200 475 "http://blog.fens.me/tag/shard/" "Mozilla/5.0 (X11; Linux x86_64) AppleWebKit/537.36 (KHTML, like Gecko) Chrome/27.0.1453.110 Safari/537.36"
175.139.194.117 - - [18/Sep/2013:08:28:55 +0000] "GET /js/baidu.js HTTP/1.1" 200 249 "http://blog.fens.me/tag/shard/" "Mozilla/5.0 (X11; Linux x86_64) AppleWebKit/537.36 (KHTML, like Gecko) Chrome/27.0.1453.110 Safari/537.36"
61.135.216.104 - - [18/Sep/2013:08:29:00 +0000] "GET /feed/ HTTP/1.1" 304 0 "-" "Mozilla/5.0 (compatible;YoudaoFeedFetcher/1.0;http://www.youdao.com/help/reader/faq/topic006/;2 subscribers;)"
175.139.194.117 - - [18/Sep/2013:08:29:02 +0000] "-" 400 0 "-" "-"
157.56.93.62 - - [18/Sep/2013:08:29:20 +0000] "GET /robots.txt HTTP/1.1" 200 150 "-" "Mozilla/5.0 (compatible; bingbot/2.0; +http://www.bing.com/bingbot.htm)"
183.195.232.138 - - [18/Sep/2013:08:29:26 +0000] "HEAD / HTTP/1.1" 200 20 "-" "DNSPod-Monitor/1.0"
183.195.232.138 - - [18/Sep/2013:08:29:26 +0000] "HEAD / HTTP/1.1" 200 20 "-" "DNSPod-Monitor/1.0"
124.238.218.5 - - [18/Sep/2013:08:29:44 +0000] "GET /nodejs-mongodb-regexp/ HTTP/1.1" 200 8930 "http://blog.fens.me/series-nodejs/" "Mozilla/5.0 (Windows NT 6.1; WOW64) AppleWebKit/537.36 (KHTML, like Gecko) Chrome/29.0.1547.66 Safari/537.36"
124.238.218.5 - - [18/Sep/2013:08:29:45 +0000] "GET /wp-content/uploads/2013/07/reg.png HTTP/1.1" 200 25846 "http://blog.fens.me/nodejs-mongodb-regexp/" "Mozilla/5.0 (Windows NT 6.1; WOW64) AppleWebKit/537.36 (KHTML, like Gecko) Chrome/29.0.1547.66 Safari/537.36"
60.10.8.5 - - [18/Sep/2013:08:29:45 +0000] "GET /wp-content/uploads/2013/07/reg2.png HTTP/1.1" 200 30153 "http://blog.fens.me/nodejs-mongodb-regexp/" "Mozilla/5.0 (Windows NT 6.1; WOW64) AppleWebKit/537.36 (KHTML, like Gecko) Chrome/29.0.1547.66 Safari/537.36"
124.238.218.5 - - [18/Sep/2013:08:29:45 +0000] "GET /wp-content/uploads/2013/07/reg-title.png HTTP/1.1" 200 201641 "http://blog.fens.me/nodejs-mongodb-regexp/" "Mozilla/5.0 (Windows NT 6.1; WOW64) AppleWebKit/537.36 (KHTML, like Gecko) Chrome/29.0.1547.66 Safari/537.36"
124.238.218.5 - - [18/Sep/2013:08:29:45 +0000] "GET /wp-content/uploads/2013/07/reg3.png HTTP/1.1" 200 102525 "http://blog.fens.me/nodejs-mongodb-regexp/" "Mozilla/5.0 (Windows NT 6.1; WOW64) AppleWebKit/537.36 (KHTML, like Gecko) Chrome/29.0.1547.66 Safari/537.36"
124.238.218.5 - - [18/Sep/2013:08:29:48 +0000] "GET /nodejs-mongodb-regexp/?cf_action=sync_comments&post_id=856 HTTP/1.1" 200 48 "http://blog.fens.me/nodejs-mongodb-regexp/" "Mozilla/5.0 (Windows NT 6.1; WOW64) AppleWebKit/537.36 (KHTML, like Gecko) Chrome/29.0.1547.66 Safari/537.36"
157.56.93.62 - - [18/Sep/2013:08:29:53 +0000] "GET /nodejs-nginx-log4js/ HTTP/1.1" 200 10450 "-" "Mozilla/5.0 (compatible; bingbot/2.0; +http://www.bing.com/bingbot.htm)"
114.252.89.91 - - [18/Sep/2013:08:30:07 +0000] "POST /wp-admin/admin-ajax.php HTTP/1.1" 200 95 "http://blog.fens.me/wp-admin/post.php?post=2445&action=edit&message=10" "Mozilla/5.0 (Windows NT 6.1; WOW64) AppleWebKit/537.36 (KHTML, like Gecko) Chrome/28.0.1500.95 Safari/537.36"
60.247.77.253 - - [18/Sep/2013:08:30:09 +0000] "GET /category/%e6%95%b0%e6%8d%ae%e6%8c%96%e6%8e%98/ HTTP/1.1" 200 17504 "http://blog.fens.me/category/%e6%95%b0%e6%8d%ae%e6%8c%96%e6%8e%98/" "Mozilla/5.0 (Windows NT 6.1; WOW64) AppleWebKit/537.1 (KHTML, like Gecko) Chrome/21.0.1180.89 Safari/537.1"
60.247.77.253 - - [18/Sep/2013:08:30:17 +0000] "GET /hadoop-mahout-roadmap/ HTTP/1.1" 200 10336 "http://blog.fens.me/category/%e6%95%b0%e6%8d%ae%e6%8c%96%e6%8e%98/" "Mozilla/5.0 (Windows NT 6.1; WOW64) AppleWebKit/537.1 (KHTML, like Gecko) Chrome/21.0.1180.89 Safari/537.1"
60.247.77.253 - - [18/Sep/2013:08:30:18 +0000] "GET /wp-includes/js/comment-reply.min.js?ver=3.6 HTTP/1.1" 200 786 "http://blog.fens.me/hadoop-mahout-roadmap/" "Mozilla/5.0 (Windows NT 6.1; WOW64) AppleWebKit/537.1 (KHTML, like Gecko) Chrome/21.0.1180.89 Safari/537.1"
114.252.89.91 - - [18/Sep/2013:08:30:18 +0000] "-" 400 0 "-" "-"
60.247.77.253 - - [18/Sep/2013:08:30:21 +0000] "GET /hadoop-mahout-roadmap/?cf_action=sync_comments&post_id=2262 HTTP/1.1" 200 48 "http://blog.fens.me/hadoop-mahout-roadmap/" "Mozilla/5.0 (Windows NT 6.1; WOW64) AppleWebKit/537.1 (KHTML, like Gecko) Chrome/21.0.1180.89 Safari/537.1"
60.247.77.253 - - [18/Sep/2013:08:30:46 +0000] "GET /r-mahout-usercf/ HTTP/1.1" 200 54737 "http://blog.fens.me/hadoop-mahout-roadmap/" "Mozilla/5.0 (Windows NT 6.1; WOW64) AppleWebKit/537.1 (KHTML, like Gecko) Chrome/21.0.1180.89 Safari/537.1"
60.247.77.253 - - [18/Sep/2013:08:30:49 +0000] "GET /r-mahout-usercf/?cf_action=sync_comments&post_id=43 HTTP/1.1" 200 48 "http://blog.fens.me/r-mahout-usercf/" "Mozilla/5.0 (Windows NT 6.1; WOW64) AppleWebKit/537.1 (KHTML, like Gecko) Chrome/21.0.1180.89 Safari/537.1"
60.247.77.253 - - [18/Sep/2013:08:31:04 +0000] "-" 400 0 "-" "-"
60.247.77.253 - - [18/Sep/2013:08:31:04 +0000] "-" 400 0 "-" "-"
60.247.77.253 - - [18/Sep/2013:08:31:04 +0000] "-" 400 0 "-" "-"
60.247.77.253 - - [18/Sep/2013:08:31:04 +0000] "-" 400 0 "-" "-"
60.247.77.253 - - [18/Sep/2013:08:31:05 +0000] "-" 400 0 "-" "-"
60.247.77.253 - - [18/Sep/2013:08:31:05 +0000] "-" 400 0 "-" "-"
60.247.77.253 - - [18/Sep/2013:08:31:05 +0000] "-" 400 0 "-" "-"
159.226.251.170 - - [18/Sep/2013:08:31:15 +0000] "GET /wp-includes/js/jquery/jquery-migrate.min.js?ver=1.2.1 HTTP/1.1" 200 7200 "http://blog.fens.me/category/datagurucn/" "Mozilla/4.0 (compatible; MSIE 8.0; Windows NT 6.1; WOW64; Trident/4.0; SLCC2; .NET CLR 2.0.50727; .NET CLR 3.5.30729; .NET CLR 3.0.30729; Media Center PC 6.0)"
159.226.251.170 - - [18/Sep/2013:08:31:15 +0000] "GET /wp-includes/js/jquery/jquery.js?ver=1.10.2 HTTP/1.1" 200 93128 "http://blog.fens.me/category/datagurucn/" "Mozilla/4.0 (compatible; MSIE 8.0; Windows NT 6.1; WOW64; Trident/4.0; SLCC2; .NET CLR 2.0.50727; .NET CLR 3.5.30729; .NET CLR 3.0.30729; Media Center PC 6.0)"
159.226.251.170 - - [18/Sep/2013:08:31:16 +0000] "GET /wp-content/uploads/2013/07/vbox2.png HTTP/1.1" 200 6598 "http://blog.fens.me/category/datagurucn/" "Mozilla/4.0 (compatible; MSIE 8.0; Windows NT 6.1; WOW64; Trident/4.0; SLCC2; .NET CLR 2.0.50727; .NET CLR 3.5.30729; .NET CLR 3.0.30729; Media Center PC 6.0)"
159.226.251.170 - - [18/Sep/2013:08:31:17 +0000] "GET /category/datagurucn/ HTTP/1.1" 200 160817 "http://blog.fens.me/hadoop-mahout-roadmap/" "Mozilla/4.0 (compatible; MSIE 8.0; Windows NT 6.1; WOW64; Trident/4.0; SLCC2; .NET CLR 2.0.50727; .NET CLR 3.5.30729; .NET CLR 3.0.30729; Media Center PC 6.0)"
159.226.251.170 - - [18/Sep/2013:08:31:17 +0000] "GET /wp-content/uploads/2013/07/openstack.png HTTP/1.1" 200 72791 "http://blog.fens.me/category/datagurucn/" "Mozilla/4.0 (compatible; MSIE 8.0; Windows NT 6.1; WOW64; Trident/4.0; SLCC2; .NET CLR 2.0.50727; .NET CLR 3.5.30729; .NET CLR 3.0.30729; Media Center PC 6.0)"
159.226.251.170 - - [18/Sep/2013:08:31:17 +0000] "GET /wp-includes/images/smilies/icon_smile.gif HTTP/1.1" 200 174 "http://blog.fens.me/category/datagurucn/" "Mozilla/4.0 (compatible; MSIE 8.0; Windows NT 6.1; WOW64; Trident/4.0; SLCC2; .NET CLR 2.0.50727; .NET CLR 3.5.30729; .NET CLR 3.0.30729; Media Center PC 6.0)"
159.226.251.170 - - [18/Sep/2013:08:31:18 +0000] "GET /wp-content/uploads/2013/07/vbox1.png HTTP/1.1" 200 40358 "http://blog.fens.me/category/datagurucn/" "Mozilla/4.0 (compatible; MSIE 8.0; Windows NT 6.1; WOW64; Trident/4.0; SLCC2; .NET CLR 2.0.50727; .NET CLR 3.5.30729; .NET CLR 3.0.30729; Media Center PC 6.0)"
159.226.251.170 - - [18/Sep/2013:08:31:18 +0000] "GET /wp-content/uploads/2013/07/cassandra-title.png HTTP/1.1" 200 126763 "http://blog.fens.me/category/datagurucn/" "Mozilla/4.0 (compatible; MSIE 8.0; Windows NT 6.1; WOW64; Trident/4.0; SLCC2; .NET CLR 2.0.50727; .NET CLR 3.5.30729; .NET CLR 3.0.30729; Media Center PC 6.0)"
159.226.251.170 - - [18/Sep/2013:08:31:18 +0000] "GET /wp-content/uploads/2013/06/title.jpg HTTP/1.1" 200 103396 "http://blog.fens.me/category/datagurucn/" "Mozilla/4.0 (compatible; MSIE 8.0; Windows NT 6.1; WOW64; Trident/4.0; SLCC2; .NET CLR 2.0.50727; .NET CLR 3.5.30729; .NET CLR 3.0.30729; Media Center PC 6.0)"
