140.112.28.101 - - [18/Sep/2013:08:07:13 +0000] "GET /wp-content/themes/silesia/images/slide-bg.png HTTP/1.1" 200 934 "http://blog.fens.me/hadoop-base-kvm/" "Mozilla/5.0 (X11; Linux x86_64) AppleWebKit/537.36 (KHTML, like Gecko) Chrome/30.0.1599.37 Safari/537.36"
140.112.28.101 - - [18/Sep/2013:08:07:13 +0000] "GET /wp-content/themes/silesia/images/ico-twitter.png HTTP/1.1" 200 2128 "http://blog.fens.me/hadoop-base-kvm/" "Mozilla/5.0 (X11; Linux x86_64) AppleWebKit/537.36 (KHTML, like Gecko) Chrome/30.0.1599.37 Safari/537.36"
140.112.28.101 - - [18/Sep/2013:08:07:13 +0000] "GET /wp-content/themes/silesia/images/home-ico.png HTTP/1.1" 200 1103 "http://blog.fens.me/hadoop-base-kvm/" "Mozilla/5.0 (X11; Linux x86_64) AppleWebKit/537.36 (KHTML, like Gecko) Chrome/30.0.1599.37 Safari/537.36"
140.112.28.101 - - [18/Sep/2013:08:07:13 +0000] "GET /wp-content/themes/silesia/images/crubms-div.png HTTP/1.1" 200 1255 "http://blog.fens.me/hadoop-base-kvm/" "Mozilla/5.0 (X11; Linux x86_64) AppleWebKit/537.36 (KHTML, like Gecko) Chrome/30.0.1599.37 Safari/537.36"
140.112.28.101 - - [18/Sep/2013:08:07:13 +0000] "GET /wp-content/themes/silesia/images/sprites/post-type.png HTTP/1.1" 200 2009 "http://blog.fens.me/hadoop-base-kvm/" "Mozilla/5.0 (X11; Linux x86_64) AppleWebKit/537.36 (KHTML, like Gecko) Chrome/30.0.1599.37 Safari/537.36"
140.112.28.101 - - [18/Sep/2013:08:07:13 +0000] "GET /js/google.js HTTP/1.1" 200 475 "http://blog.fens.me/hadoop-base-kvm/" "Mozilla/5.0 (X11; Linux x86_64) AppleWebKit/537.36 (KHTML, like Gecko) Chrome/30.0.1599.37 Safari/537.36"
140.112.28.101 - - [18/Sep/2013:08:07:13 +0000] "GET /js/baidu.js HTTP/1.1" 200 249 "http://blog.fens.me/hadoop-base-kvm/" "Mozilla/5.0 (X11; Linux x86_64) AppleWebKit/537.36 (KHTML, like Gecko) Chrome/30.0.1599.37 Safari/537.36"
140.112.28.101 - - [18/Sep/2013:08:07:13 +0000] "GET /wp-content/themes/silesia/images/bullets/5.gif HTTP/1.1" 200 62 "http://blog.fens.me/hadoop-base-kvm/" "Mozilla/5.0 (X11; Linux x86_64) AppleWebKit/537.36 (KHTML, like Gecko) Chrome/30.0.1599.37 Safari/537.36"
140.112.28.101 - - [18/Sep/2013:08:07:13 +0000] "GET /wp-content/themes/silesia/images/ico-meta.gif HTTP/1.1" 200 73 "http://blog.fens.me/hadoop-base-kvm/" "Mozilla/5.0 (X11; Linux x86_64) AppleWebKit/537.36 (KHTML, like Gecko) Chrome/30.0.1599.37 Safari/537.36"
140.112.28.101 - - [18/Sep/2013:08:07:13 +0000] "GET /wp-content/uploads/2013/07/clone-base.png HTTP/1.1" 200 216556 "http://blog.fens.me/hadoop-base-kvm/" "Mozilla/5.0 (X11; Linux x86_64) AppleWebKit/537.36 (KHTML, like Gecko) Chrome/30.0.1599.37 Safari/537.36"
140.112.28.101 - - [18/Sep/2013:08:07:14 +0000] "GET /wp-content/uploads/2013/05/favicon.ico HTTP/1.1" 200 1150 "-" "Mozilla/5.0 (X11; Linux x86_64) AppleWebKit/537.36 (KHTML, like Gecko) Chrome/30.0.1599.37 Safari/537.36"
140.112.28.101 - - [18/Sep/2013:08:07:16 +0000] "GET /hadoop-base-kvm/?cf_action=sync_comments&post_id=1082 HTTP/1.1" 200 48 "http://blog.fens.me/hadoop-base-kvm/" "Mozilla/5.0 (X11; Linux x86_64) AppleWebKit/537.36 (KHTML, like Gecko) Chrome/30.0.1599.37 Safari/537.36"
140.112.28.101 - - [18/Sep/2013:08:07:20 +0000] "GET /hadoop-base-kvm/ HTTP/1.1" 200 14293 "https://www.google.com/" "Mozilla/5.0 (X11; Linux x86_64) AppleWebKit/537.36 (KHTML, like Gecko) Chrome/30.0.1599.37 Safari/537.36"
140.112.28.101 - - [18/Sep/2013:08:07:22 +0000] "GET /hadoop-base-kvm/?cf_action=sync_comments&post_id=1082 HTTP/1.1" 200 48 "http://blog.fens.me/hadoop-base-kvm/" "Mozilla/5.0 (X11; Linux x86_64) AppleWebKit/537.36 (KHTML, like Gecko) Chrome/30.0.1599.37 Safari/537.36"
180.153.236.116 - - [18/Sep/2013:08:07:27 +0000] "GET /nodejs-bootstrap-select/ HTTP/1.1" 200 8996 "http://blog.fens.me/nodejs-bootstrap-select/" "Mozilla/5.0 (Windows; U; Windows NT 5.1; zh-CN; rv:1.8.0.11)  Firefox/1.5.0.11; 360Spider"
60.29.35.66 - - [18/Sep/2013:08:07:33 +0000] "GET /wp-content/uploads/2013/06/photo-cos1-small.jpg HTTP/1.1" 200 186220 "http://cos.name/category/website/" "Mozilla/4.0 (compatible; MSIE 7.0; Windows NT 5.1; .NET CLR 2.0.50727; .NET CLR 3.0.4506.2152; .NET CLR 3.5.30729)"
118.163.55.114 - - [18/Sep/2013:08:07:35 +0000] "GET /tag/jquery/ HTTP/1.1" 200 13987 "https://www.google.com/" "Mozilla/5.0 (Windows NT 6.1; WOW64) AppleWebKit/537.36 (KHTML, like Gecko) Chrome/29.0.1547.66 Safari/537.36"
118.163.55.114 - - [18/Sep/2013:08:07:35 +0000] "GET /wp-content/themes/silesia/style.css HTTP/1.1" 200 7554 "http://blog.fens.me/tag/jquery/" "Mozilla/5.0 (Windows NT 6.1; WOW64) AppleWebKit/537.36 (KHTML, like Gecko) Chrome/29.0.1547.66 Safari/537.36"
118.163.55.114 - - [18/Sep/2013:08:07:36 +0000] "GET /wp-includes/js/jquery/jquery-migrate.min.js?ver=1.2.1 HTTP/1.1" 200 7200 "http://blog.fens.me/tag/jquery/" "Mozilla/5.0 (Windows NT 6.1; WOW64) AppleWebKit/537.36 (KHTML, like Gecko) Chrome/29.0.1547.66 Safari/537.36"
118.163.55.114 - - [18/Sep/2013:08:07:36 +0000] "GET /wp-content/themes/silesia/js/jquery.cycle.all.min.js HTTP/1.1" 200 7784 "http://blog.fens.me/tag/jquery/" "Mozilla/5.0 (Windows NT 6.1; WOW64) AppleWebKit/537.36 (KHTML, like Gecko) Chrome/29.0.1547.66 Safari/537.36"
118.163.55.114 - - [18/Sep/2013:08:07:36 +0000] "GET /wp-content/themes/silesia/js/load.js HTTP/1.1" 200 715 "http://blog.fens.me/tag/jquery/" "Mozilla/5.0 (Windows NT 6.1; WOW64) AppleWebKit/537.36 (KHTML, like Gecko) Chrome/29.0.1547.66 Safari/537.36"
118.163.55.114 - - [18/Sep/2013:08:07:36 +0000] "GET /wp-content/themes/silesia/functions/js/shortcode.js HTTP/1.1" 200 333 "http://blog.fens.me/tag/jquery/" "Mozilla/5.0 (Windows NT 6.1; WOW64) AppleWebKit/537.36 (KHTML, like Gecko) Chrome/29.0.1547.66 Safari/537.36"
118.163.55.114 - - [18/Sep/2013:08:07:36 +0000] "GET /wp-includes/js/jquery/jquery.js?ver=1.10.2 HTTP/1.1" 200 32851 "http://blog.fens.me/tag/jquery/" "Mozilla/5.0 (Windows NT 6.1; WOW64) AppleWebKit/537.36 (KHTML, like Gecko) Chrome/29.0.1547.66 Safari/537.36"
118.163.55.114 - - [18/Sep/2013:08:07:36 +0000] "GET /wp-content/themes/silesia/functions/css/shortcodes.css HTTP/1.1" 200 2899 "http://blog.fens.me/tag/jquery/" "Mozilla/5.0 (Windows NT 6.1; WOW64) AppleWebKit/537.36 (KHTML, like Gecko) Chrome/29.0.1547.66 Safari/537.36"
118.163.55.114 - - [18/Sep/2013:08:07:36 +0000] "GET /js/baidu.js HTTP/1.1" 200 249 "http://blog.fens.me/tag/jquery/" "Mozilla/5.0 (Windows NT 6.1; WOW64) AppleWebKit/537.36 (KHTML, like Gecko) Chrome/29.0.1547.66 Safari/537.36"
118.163.55.114 - - [18/Sep/2013:08:07:36 +0000] "GET /js/google.js HTTP/1.1" 200 475 "http://blog.fens.me/tag/jquery/" "Mozilla/5.0 (Windows NT 6.1; WOW64) AppleWebKit/537.36 (KHTML, like Gecko) Chrome/29.0.1547.66 Safari/537.36"
118.163.55.114 - - [18/Sep/2013:08:07:36 +0000] "GET /wp-content/uploads/2013/05/movieInsert.png HTTP/1.1" 200 3496 "http://blog.fens.me/tag/jquery/" "Mozilla/5.0 (Windows NT 6.1; WOW64) AppleWebKit/537.36 (KHTML, like Gecko) Chrome/29.0.1547.66 Safari/537.36"
118.163.55.114 - - [18/Sep/2013:08:07:36 +0000] "GET /wp-content/uploads/2013/05/movieInsert2.png HTTP/1.1" 200 17741 "http://blog.fens.me/tag/jquery/" "Mozilla/5.0 (Windows NT 6.1; WOW64) AppleWebKit/537.36 (KHTML, like Gecko) Chrome/29.0.1547.66 Safari/537.36"
118.163.55.114 - - [18/Sep/2013:08:07:36 +0000] "GET /wp-content/uploads/2013/06/crawler.jpg HTTP/1.1" 200 90572 "http://blog.fens.me/tag/jquery/" "Mozilla/5.0 (Windows NT 6.1; WOW64) AppleWebKit/537.36 (KHTML, like Gecko) Chrome/29.0.1547.66 Safari/537.36"
118.163.55.114 - - [18/Sep/2013:08:07:36 +0000] "GET /wp-content/themes/silesia/images/slide-bg.png HTTP/1.1" 200 934 "http://blog.fens.me/tag/jquery/" "Mozilla/5.0 (Windows NT 6.1; WOW64) AppleWebKit/537.36 (KHTML, like Gecko) Chrome/29.0.1547.66 Safari/537.36"
118.163.55.114 - - [18/Sep/2013:08:07:36 +0000] "GET /wp-content/uploads/2013/05/nodejs2.png HTTP/1.1" 200 80326 "http://blog.fens.me/tag/jquery/" "Mozilla/5.0 (Windows NT 6.1; WOW64) AppleWebKit/537.36 (KHTML, like Gecko) Chrome/29.0.1547.66 Safari/537.36"
118.163.55.114 - - [18/Sep/2013:08:07:36 +0000] "GET /wp-content/themes/silesia/images/ico-twitter.png HTTP/1.1" 200 2128 "http://blog.fens.me/tag/jquery/" "Mozilla/5.0 (Windows NT 6.1; WOW64) AppleWebKit/537.36 (KHTML, like Gecko) Chrome/29.0.1547.66 Safari/537.36"
118.163.55.114 - - [18/Sep/2013:08:07:37 +0000] "GET /wp-content/uploads/2013/05/movieInsert3.png HTTP/1.1" 200 22946 "http://blog.fens.me/tag/jquery/" "Mozilla/5.0 (Windows NT 6.1; WOW64) AppleWebKit/537.36 (KHTML, like Gecko) Chrome/29.0.1547.66 Safari/537.36"
118.163.55.114 - - [18/Sep/2013:08:07:37 +0000] "GET /wp-content/themes/silesia/images/home-ico.png HTTP/1.1" 200 1103 "http://blog.fens.me/tag/jquery/" "Mozilla/5.0 (Windows NT 6.1; WOW64) AppleWebKit/537.36 (KHTML, like Gecko) Chrome/29.0.1547.66 Safari/537.36"
118.163.55.114 - - [18/Sep/2013:08:07:37 +0000] "GET /wp-content/uploads/2013/06/1.png HTTP/1.1" 200 187515 "http://blog.fens.me/tag/jquery/" "Mozilla/5.0 (Windows NT 6.1; WOW64) AppleWebKit/537.36 (KHTML, like Gecko) Chrome/29.0.1547.66 Safari/537.36"
118.163.55.114 - - [18/Sep/2013:08:07:37 +0000] "GET /wp-content/uploads/2013/06/21.png HTTP/1.1" 200 169605 "http://blog.fens.me/tag/jquery/" "Mozilla/5.0 (Windows NT 6.1; WOW64) AppleWebKit/537.36 (KHTML, like Gecko) Chrome/29.0.1547.66 Safari/537.36"
118.163.55.114 - - [18/Sep/2013:08:07:37 +0000] "GET /wp-content/themes/silesia/images/crubms-div.png HTTP/1.1" 200 1255 "http://blog.fens.me/tag/jquery/" "Mozilla/5.0 (Windows NT 6.1; WOW64) AppleWebKit/537.36 (KHTML, like Gecko) Chrome/29.0.1547.66 Safari/537.36"
118.163.55.114 - - [18/Sep/2013:08:07:37 +0000] "GET /wp-content/themes/silesia/images/sprites/post-type.png HTTP/1.1" 200 2009 "http://blog.fens.me/tag/jquery/" "Mozilla/5.0 (Windows NT 6.1; WOW64) AppleWebKit/537.36 (KHTML, like Gecko) Chrome/29.0.1547.66 Safari/537.36"
118.163.55.114 - - [18/Sep/2013:08:07:37 +0000] "GET /wp-content/themes/silesia/images/bullets/5.gif HTTP/1.1" 200 62 "http://blog.fens.me/tag/jquery/" "Mozilla/5.0 (Windows NT 6.1; WOW64) AppleWebKit/537.36 (KHTML, like Gecko) Chrome/29.0.1547.66 Safari/537.36"
118.163.55.114 - - [18/Sep/2013:08:07:37 +0000] "GET /wp-content/themes/silesia/images/ico-meta.gif HTTP/1.1" 200 73 "http://blog.fens.me/tag/jquery/" "Mozilla/5.0 (Windows NT 6.1; WOW64) AppleWebKit/537.36 (KHTML, like Gecko) Chrome/29.0.1547.66 Safari/537.36"
118.163.55.114 - - [18/Sep/2013:08:07:37 +0000] "GET /wp-content/uploads/2013/05/movieInsert4.png HTTP/1.1" 200 32576 "http://blog.fens.me/tag/jquery/" "Mozilla/5.0 (Windows NT 6.1; WOW64) AppleWebKit/537.36 (KHTML, like Gecko) Chrome/29.0.1547.66 Safari/537.36"
118.163.55.114 - - [18/Sep/2013:08:07:37 +0000] "GET /wp-content/themes/silesia/images/natty-logo.png HTTP/1.1" 200 1438 "http://blog.fens.me/tag/jquery/" "Mozilla/5.0 (Windows NT 6.1; WOW64) AppleWebKit/537.36 (KHTML, like Gecko) Chrome/29.0.1547.66 Safari/537.36"
118.163.55.114 - - [18/Sep/2013:08:07:38 +0000] "GET /wp-content/uploads/2013/05/favicon.ico HTTP/1.1" 200 1150 "-" "Mozilla/5.0 (Windows NT 6.1; WOW64) AppleWebKit/537.36 (KHTML, like Gecko) Chrome/29.0.1547.66 Safari/537.36"
114.252.89.91 - - [18/Sep/2013:08:07:48 +0000] "GET / HTTP/1.1" 200 28454 "-" "Mozilla/5.0 (Windows NT 6.1; WOW64) AppleWebKit/537.36 (KHTML, like Gecko) Chrome/28.0.1500.95 Safari/537.36"
114.252.89.91 - - [18/Sep/2013:08:07:51 +0000] "GET /wp-admin/post-new.php HTTP/1.1" 200 22083 "http://blog.fens.me/" "Mozilla/5.0 (Windows NT 6.1; WOW64) AppleWebKit/537.36 (KHTML, like Gecko) Chrome/28.0.1500.95 Safari/537.36"
114.252.89.91 - - [18/Sep/2013:08:07:52 +0000] "GET /favicon.ico HTTP/1.1" 200 0 "-" "Mozilla/5.0 (Windows NT 6.1; WOW64) AppleWebKit/537.36 (KHTML, like Gecko) Chrome/28.0.1500.95 Safari/537.36"
114.252.89.91 - - [18/Sep/2013:08:07:54 +0000] "GET /favicon.ico HTTP/1.1" 200 0 "-" "Mozilla/5.0 (Windows NT 6.1; WOW64) AppleWebKit/537.36 (KHTML, like Gecko) Chrome/28.0.1500.95 Safari/537.36"
114.252.89.91 - - [18/Sep/2013:08:08:07 +0000] "-" 400 0 "-" "-"
114.252.89.91 - - [18/Sep/2013:08:08:07 +0000] "-" 400 0 "-" "-"
114.252.89.91 - - [18/Sep/2013:08:08:07 +0000] "-" 400 0 "-" "-"
114.252.89.91 - - [18/Sep/2013:08:08:07 +0000] "-" 400 0 "-" "-"
114.252.89.91 - - [18/Sep/2013:08:08:07 +0000] "-" 400 0 "-" "-"
114.252.89.91 - - [18/Sep/2013:08:08:07 +0000] "-" 400 0 "-" "-"
114.252.89.91 - - [18/Sep/2013:08:08:07 +0000] "-" 400 0 "-" "-"
163.177.71.12 - - [18/Sep/2013:08:08:18 +0000] "HEAD / HTTP/1.1" 200 20 "-" "DNSPod-Monitor/1.0"
202.68.199.102 - - [18/Sep/2013:08:08:21 +0000] "GET /wp-content/uploads/2013/07/rhive.png HTTP/1.1" 200 235306 "http://cos.name/" "Mozilla/5.0 (Windows NT 6.1; WOW64) AppleWebKit/537.36 (KHTML, like Gecko) Chrome/28.0.1500.72 Safari/537.36"
163.177.71.12 - - [18/Sep/2013:08:08:21 +0000] "HEAD / HTTP/1.1" 200 20 "-" "DNSPod-Monitor/1.0"
101.226.68.137 - - [18/Sep/2013:08:08:26 +0000] "HEAD / HTTP/1.1" 200 20 "-" "DNSPod-Monitor/1.0"
101.226.68.137 - - [18/Sep/2013:08:08:29 +0000] "HEAD / HTTP/1.1" 200 20 "-" "DNSPod-Monitor/1.0"
202.68.199.102 - - [18/Sep/2013:08:08:29 +0000] "GET /wp-content/uploads/2013/07/rcassandra.png HTTP/1.1" 200 185303 "http://cos.name/" "Mozilla/5.0 (Windows NT 6.1; WOW64) AppleWebKit/537.36 (KHTML, like Gecko) Chrome/28.0.1500.72 Safari/537.36"
202.68.199.102 - - [18/Sep/2013:08:08:30 +0000] "GET /wp-content/uploads/2013/06/photo-cos1-small.jpg HTTP/1.1" 200 186220 "http://cos.name/" "Mozilla/5.0 (Windows NT 6.1; WOW64) AppleWebKit/537.36 (KHTML, like Gecko) Chrome/28.0.1500.72 Safari/537.36"
114.252.89.91 - - [18/Sep/2013:08:08:53 +0000] "POST /wp-admin/admin-ajax.php HTTP/1.1" 200 272 "http://blog.fens.me/wp-admin/post-new.php" "Mozilla/5.0 (Windows NT 6.1; WOW64) AppleWebKit/537.36 (KHTML, like Gecko) Chrome/28.0.1500.95 Safari/537.36"
114.252.89.91 - - [18/Sep/2013:08:08:53 +0000] "POST /wp-admin/admin-ajax.php HTTP/1.1" 200 271 "http://blog.fens.me/wp-admin/post-new.php" "Mozilla/5.0 (Windows NT 6.1; WOW64) AppleWebKit/537.36 (KHTML, like Gecko) Chrome/28.0.1500.95 Safari/537.36"
183.195.232.138 - - [18/Sep/2013:08:09:01 +0000] "HEAD / HTTP/1.1" 200 20 "-" "DNSPod-Monitor/1.0"
183.195.232.138 - - [18/Sep/2013:08:09:01 +0000] "HEAD / HTTP/1.1" 200 20 "-" "DNSPod-Monitor/1.0"
14.20.29.149 - - [18/Sep/2013:08:09:32 +0000] "GET /wp-content/uploads/2013/08/socketio.png HTTP/1.1" 200 80493 "http://cnodejs.org/topic/5215dd9ebee8d3cb1203d805" "Mozilla/5.0 (Windows NT 6.1; rv:23.0) Gecko/20100101 Firefox/23.0"
110.90.119.113 - - [18/Sep/2013:08:09:37 +0000] "GET /nodejs-yeoman-intro/ HTTP/1.1" 200 14259 "-" "Mozilla/5.0 (Windows NT 6.1; WOW64) AppleWebKit/537.1 (KHTML, like Gecko) Chrome/21.0.1180.89 Safari/537.1"
114.252.89.91 - - [18/Sep/2013:08:09:37 +0000] "POST /wp-admin/admin-ajax.php HTTP/1.1" 200 280 "http://blog.fens.me/wp-admin/post-new.php" "Mozilla/5.0 (Windows NT 6.1; WOW64) AppleWebKit/537.36 (KHTML, like Gecko) Chrome/28.0.1500.95 Safari/537.36"
14.20.29.149 - - [18/Sep/2013:08:09:37 +0000] "-" 400 0 "-" "-"
114.252.89.91 - - [18/Sep/2013:08:09:43 +0000] "GET /favicon.ico HTTP/1.1" 200 0 "-" "Mozilla/5.0 (Windows NT 6.1; WOW64) AppleWebKit/537.36 (KHTML, like Gecko) Chrome/28.0.1500.95 Safari/537.36"
114.252.89.91 - - [18/Sep/2013:08:09:47 +0000] "GET /series-nodejs/ HTTP/1.1" 200 12098 "http://blog.fens.me/" "Mozilla/5.0 (Windows NT 6.1; WOW64) AppleWebKit/537.36 (KHTML, like Gecko) Chrome/28.0.1500.95 Safari/537.36"
114.252.89.91 - - [18/Sep/2013:08:09:48 +0000] "GET /wp-includes/images/smilies/icon_smile.gif HTTP/1.1" 304 0 "http://blog.fens.me/series-nodejs/" "Mozilla/5.0 (Windows NT 6.1; WOW64) AppleWebKit/537.36 (KHTML, like Gecko) Chrome/28.0.1500.95 Safari/537.36"
110.90.119.113 - - [18/Sep/2013:08:09:51 +0000] "GET /nodejs-yeoman-intro/?cf_action=sync_comments&post_id=1824 HTTP/1.1" 200 48 "http://blog.fens.me/nodejs-yeoman-intro/" "Mozilla/5.0 (Windows NT 6.1; WOW64) AppleWebKit/537.1 (KHTML, like Gecko) Chrome/21.0.1180.89 Safari/537.1"
114.252.89.91 - - [18/Sep/2013:08:09:52 +0000] "GET /nodejs-mysql-intro/ HTTP/1.1" 200 13773 "http://blog.fens.me/series-nodejs/" "Mozilla/5.0 (Windows NT 6.1; WOW64) AppleWebKit/537.36 (KHTML, like Gecko) Chrome/28.0.1500.95 Safari/537.36"
50.116.27.194 - - [18/Sep/2013:08:09:53 +0000] "POST /wp-cron.php?doing_wp_cron=1379491793.3022909164428710937500 HTTP/1.0" 200 0 "-" "WordPress/3.6; http://blog.fens.me"
114.252.89.91 - - [18/Sep/2013:08:09:53 +0000] "POST /wp-admin/admin-ajax.php HTTP/1.1" 200 272 "http://blog.fens.me/wp-admin/post-new.php" "Mozilla/5.0 (Windows NT 6.1; WOW64) AppleWebKit/537.36 (KHTML, like Gecko) Chrome/28.0.1500.95 Safari/537.36"
210.21.121.52 - - [18/Sep/2013:08:09:55 +0000] "GET /favicon.ico HTTP/1.1" 200 0 "-" "Mozilla/4.0 (compatible; MSIE 7.0; Windows NT 5.1; Trident/4.0; .NET CLR 2.0.50727; 360space)"
110.90.119.113 - - [18/Sep/2013:08:09:58 +0000] "-" 400 0 "-" "-"
61.135.216.105 - - [18/Sep/2013:08:10:17 +0000] "GET /comments/feed/ HTTP/1.1" 304 0 "-" "Mozilla/5.0 (compatible;YoudaoFeedFetcher/1.0;http://www.youdao.com/help/reader/faq/topic006/;1 subscribers;)"
124.126.236.109 - - [18/Sep/2013:08:10:48 +0000] "GET /nodejs-express3/ HTTP/1.1" 200 19398 "http://blog.fens.me/nodejs-yeoman-intro/" "Mozilla/5.0 (Macintosh; Intel Mac OS X 10.8; rv:24.0) Gecko/20100101 Firefox/24.0"
124.126.236.109 - - [18/Sep/2013:08:10:48 +0000] "GET /wp-content/themes/silesia/style.css HTTP/1.1" 200 7554 "http://blog.fens.me/nodejs-express3/" "Mozilla/5.0 (Macintosh; Intel Mac OS X 10.8; rv:24.0) Gecko/20100101 Firefox/24.0"
124.126.236.109 - - [18/Sep/2013:08:10:48 +0000] "GET /wp-includes/js/jquery/jquery.js?ver=1.10.2 HTTP/1.1" 200 32851 "http://blog.fens.me/nodejs-express3/" "Mozilla/5.0 (Macintosh; Intel Mac OS X 10.8; rv:24.0) Gecko/20100101 Firefox/24.0"
124.126.236.109 - - [18/Sep/2013:08:10:49 +0000] "GET /wp-content/themes/silesia/js/jquery.cycle.all.min.js HTTP/1.1" 200 7784 "http://blog.fens.me/nodejs-express3/" "Mozilla/5.0 (Macintosh; Intel Mac OS X 10.8; rv:24.0) Gecko/20100101 Firefox/24.0"
124.126.236.109 - - [18/Sep/2013:08:10:49 +0000] "GET /wp-content/themes/silesia/js/load.js HTTP/1.1" 200 715 "http://blog.fens.me/nodejs-express3/" "Mozilla/5.0 (Macintosh; Intel Mac OS X 10.8; rv:24.0) Gecko/20100101 Firefox/24.0"
124.126.236.109 - - [18/Sep/2013:08:10:49 +0000] "GET /wp-includes/js/jquery/jquery-migrate.min.js?ver=1.2.1 HTTP/1.1" 200 7200 "http://blog.fens.me/nodejs-express3/" "Mozilla/5.0 (Macintosh; Intel Mac OS X 10.8; rv:24.0) Gecko/20100101 Firefox/24.0"
124.126.236.109 - - [18/Sep/2013:08:10:49 +0000] "GET /wp-includes/js/comment-reply.min.js?ver=3.6 HTTP/1.1" 200 786 "http://blog.fens.me/nodejs-express3/" "Mozilla/5.0 (Macintosh; Intel Mac OS X 10.8; rv:24.0) Gecko/20100101 Firefox/24.0"
124.126.236.109 - - [18/Sep/2013:08:10:49 +0000] "GET /wp-content/themes/silesia/functions/css/shortcodes.css HTTP/1.1" 200 2899 "http://blog.fens.me/nodejs-express3/" "Mozilla/5.0 (Macintosh; Intel Mac OS X 10.8; rv:24.0) Gecko/20100101 Firefox/24.0"
124.126.236.109 - - [18/Sep/2013:08:10:49 +0000] "GET /wp-content/themes/silesia/functions/js/shortcode.js HTTP/1.1" 200 333 "http://blog.fens.me/nodejs-express3/" "Mozilla/5.0 (Macintosh; Intel Mac OS X 10.8; rv:24.0) Gecko/20100101 Firefox/24.0"
124.126.236.109 - - [18/Sep/2013:08:10:50 +0000] "GET /wp-content/uploads/2013/05/login.png HTTP/1.1" 200 4078 "http://blog.fens.me/nodejs-express3/" "Mozilla/5.0 (Macintosh; Intel Mac OS X 10.8; rv:24.0) Gecko/20100101 Firefox/24.0"
124.126.236.109 - - [18/Sep/2013:08:10:50 +0000] "GET /wp-content/uploads/2013/05/loginHome.png HTTP/1.1" 200 5279 "http://blog.fens.me/nodejs-express3/" "Mozilla/5.0 (Macintosh; Intel Mac OS X 10.8; rv:24.0) Gecko/20100101 Firefox/24.0"
124.126.236.109 - - [18/Sep/2013:08:10:50 +0000] "GET /js/baidu.js HTTP/1.1" 200 249 "http://blog.fens.me/nodejs-express3/" "Mozilla/5.0 (Macintosh; Intel Mac OS X 10.8; rv:24.0) Gecko/20100101 Firefox/24.0"
124.126.236.109 - - [18/Sep/2013:08:10:50 +0000] "GET /wp-content/uploads/2013/05/loginErr.png HTTP/1.1" 200 6616 "http://blog.fens.me/nodejs-express3/" "Mozilla/5.0 (Macintosh; Intel Mac OS X 10.8; rv:24.0) Gecko/20100101 Firefox/24.0"
124.126.236.109 - - [18/Sep/2013:08:10:50 +0000] "GET /js/google.js HTTP/1.1" 200 475 "http://blog.fens.me/nodejs-express3/" "Mozilla/5.0 (Macintosh; Intel Mac OS X 10.8; rv:24.0) Gecko/20100101 Firefox/24.0"
124.126.236.109 - - [18/Sep/2013:08:10:50 +0000] "GET /wp-content/themes/silesia/images/natty-logo.png HTTP/1.1" 200 1438 "http://blog.fens.me/nodejs-express3/" "Mozilla/5.0 (Macintosh; Intel Mac OS X 10.8; rv:24.0) Gecko/20100101 Firefox/24.0"
124.126.236.109 - - [18/Sep/2013:08:10:51 +0000] "GET /wp-content/themes/silesia/images/slide-bg.png HTTP/1.1" 200 934 "http://blog.fens.me/wp-content/themes/silesia/style.css" "Mozilla/5.0 (Macintosh; Intel Mac OS X 10.8; rv:24.0) Gecko/20100101 Firefox/24.0"
124.126.236.109 - - [18/Sep/2013:08:10:51 +0000] "GET /wp-content/themes/silesia/images/crubms-div.png HTTP/1.1" 200 1255 "http://blog.fens.me/wp-content/themes/silesia/style.css" "Mozilla/5.0 (Macintosh; Intel Mac OS X 10.8; rv:24.0) Gecko/20100101 Firefox/24.0"
124.126.236.109 - - [18/Sep/2013:08:10:51 +0000] "GET /wp-content/themes/silesia/images/ico-twitter.png HTTP/1.1" 200 2128 "http://blog.fens.me/wp-content/themes/silesia/style.css" "Mozilla/5.0 (Macintosh; Intel Mac OS X 10.8; rv:24.0) Gecko/20100101 Firefox/24.0"
124.126.236.109 - - [18/Sep/2013:08:10:51 +0000] "GET /wp-content/themes/silesia/images/home-ico.png HTTP/1.1" 200 1103 "http://blog.fens.me/wp-content/themes/silesia/style.css" "Mozilla/5.0 (Macintosh; Intel Mac OS X 10.8; rv:24.0) Gecko/20100101 Firefox/24.0"
124.126.236.109 - - [18/Sep/2013:08:10:51 +0000] "GET /wp-content/themes/silesia/images/sprites/post-type.png HTTP/1.1" 200 2009 "http://blog.fens.me/wp-content/themes/silesia/style.css" "Mozilla/5.0 (Macintosh; Intel Mac OS X 10.8; rv:24.0) Gecko/20100101 Firefox/24.0"
124.126.236.109 - - [18/Sep/2013:08:10:51 +0000] "GET /wp-content/themes/silesia/images/bullets/5.gif HTTP/1.1" 200 62 "http://blog.fens.me/wp-content/themes/silesia/style.css" "Mozilla/5.0 (Macintosh; Intel Mac OS X 10.8; rv:24.0) Gecko/20100101 Firefox/24.0"
124.126.236.109 - - [18/Sep/2013:08:10:51 +0000] "GET /wp-content/themes/silesia/images/ico-meta.gif HTTP/1.1" 200 73 "http://blog.fens.me/wp-content/themes/silesia/style.css" "Mozilla/5.0 (Macintosh; Intel Mac OS X 10.8; rv:24.0) Gecko/20100101 Firefox/24.0"
114.252.89.91 - - [18/Sep/2013:08:10:53 +0000] "POST /wp-admin/admin-ajax.php HTTP/1.1" 200 272 "http://blog.fens.me/wp-admin/post-new.php" "Mozilla/5.0 (Windows NT 6.1; WOW64) AppleWebKit/537.36 (KHTML, like Gecko) Chrome/28.0.1500.95 Safari/537.36"
114.252.89.91 - - [18/Sep/2013:08:10:57 +0000] "POST /wp-admin/admin-ajax.php HTTP/1.1" 200 58 "http://blog.fens.me/wp-admin/post-new.php" "Mozilla/5.0 (Windows NT 6.1; WOW64) AppleWebKit/537.36 (KHTML, like Gecko) Chrome/28.0.1500.95 Safari/537.36"
124.126.236.109 - - [18/Sep/2013:08:10:57 +0000] "GET /wp-content/uploads/2013/05/nodejs-1.png HTTP/1.1" 200 146555 "http://blog.fens.me/nodejs-express3/" "Mozilla/5.0 (Macintosh; Intel Mac OS X 10.8; rv:24.0) Gecko/20100101 Firefox/24.0"
124.126.236.109 - - [18/Sep/2013:08:10:58 +0000] "GET /nodejs-mongoose-json/ HTTP/1.1" 200 11969 "http://blog.fens.me/nodejs-express3/" "Mozilla/5.0 (Macintosh; Intel Mac OS X 10.8; rv:24.0) Gecko/20100101 Firefox/24.0"
124.126.236.109 - - [18/Sep/2013:08:11:01 +0000] "GET /nodejs-express3/?cf_action=sync_comments&post_id=146 HTTP/1.1" 200 48 "http://blog.fens.me/nodejs-express3/" "Mozilla/5.0 (Macintosh; Intel Mac OS X 10.8; rv:24.0) Gecko/20100101 Firefox/24.0"
163.177.71.12 - - [18/Sep/2013:08:11:14 +0000] "HEAD / HTTP/1.1" 200 20 "-" "DNSPod-Monitor/1.0"
163.177.71.12 - - [18/Sep/2013:08:11:17 +0000] "HEAD / HTTP/1.1" 200 20 "-" "DNSPod-Monitor/1.0"
101.226.68.137 - - [18/Sep/2013:08:11:21 +0000] "HEAD / HTTP/1.1" 200 20 "-" "DNSPod-Monitor/1.0"
101.226.68.137 - - [18/Sep/2013:08:11:24 +0000] "HEAD / HTTP/1.1" 200 20 "-" "DNSPod-Monitor/1.0"
117.207.86.49 - - [18/Sep/2013:08:11:32 +0000] "GET /tag/log4js/ HTTP/1.1" 200 14231 "-" "Mozilla/4.0 (compatible; MSIE 7.0; Windows NT 6.1; WOW64; Trident/5.0; SLCC2; .NET CLR 2.0.50727; .NET CLR 3.5.30729; .NET CLR 3.0.30729; Media Center PC 6.0; .NET4.0C; .NET4.0E)"
58.55.124.228 - - [18/Sep/2013:08:11:45 +0000] "GET /wp-content/uploads/2013/08/socketio.png HTTP/1.1" 200 80493 "http://cnodejs.org/topic/5215dd9ebee8d3cb1203d805" "Mozilla/5.0 (Windows NT 6.1) AppleWebKit/537.36 (KHTML, like Gecko) Chrome/28.0.1500.11 Safari/537.36"
58.55.124.228 - - [18/Sep/2013:08:11:49 +0000] "GET /nodejs-socketio-chat/ HTTP/1.1" 200 10818 "http://cnodejs.org/topic/5215dd9ebee8d3cb1203d805" "Mozilla/5.0 (Windows NT 6.1) AppleWebKit/537.36 (KHTML, like Gecko) Chrome/28.0.1500.11 Safari/537.36"
58.55.124.228 - - [18/Sep/2013:08:11:49 +0000] "GET /wp-content/uploads/2013/08/chat.png HTTP/1.1" 200 48968 "http://blog.fens.me/nodejs-socketio-chat/" "Mozilla/5.0 (Windows NT 6.1) AppleWebKit/537.36 (KHTML, like Gecko) Chrome/28.0.1500.11 Safari/537.36"
58.55.124.228 - - [18/Sep/2013:08:11:50 +0000] "GET /wp-content/uploads/2013/08/chat2.png HTTP/1.1" 200 59852 "http://blog.fens.me/nodejs-socketio-chat/" "Mozilla/5.0 (Windows NT 6.1) AppleWebKit/537.36 (KHTML, like Gecko) Chrome/28.0.1500.11 Safari/537.36"
58.55.124.228 - - [18/Sep/2013:08:11:51 +0000] "GET /nodejs-socketio-chat/?cf_action=sync_comments&post_id=1928 HTTP/1.1" 200 48 "http://blog.fens.me/nodejs-socketio-chat/" "Mozilla/5.0 (Windows NT 6.1) AppleWebKit/537.36 (KHTML, like Gecko) Chrome/28.0.1500.11 Safari/537.36"
114.252.89.91 - - [18/Sep/2013:08:11:53 +0000] "POST /wp-admin/admin-ajax.php HTTP/1.1" 200 272 "http://blog.fens.me/wp-admin/post-new.php" "Mozilla/5.0 (Windows NT 6.1; WOW64) AppleWebKit/537.36 (KHTML, like Gecko) Chrome/28.0.1500.95 Safari/537.36"
183.195.232.138 - - [18/Sep/2013:08:11:56 +0000] "HEAD / HTTP/1.1" 200 20 "-" "DNSPod-Monitor/1.0"
183.195.232.138 - - [18/Sep/2013:08:11:56 +0000] "HEAD / HTTP/1.1" 200 20 "-" "DNSPod-Monitor/1.0"
114.252.89.91 - - [18/Sep/2013:08:12:11 +0000] "POST /wp-admin/post.php HTTP/1.1" 302 5 "http://blog.fens.me/wp-admin/post-new.php" "Mozilla/5.0 (Windows NT 6.1; WOW64) AppleWebKit/537.36 (KHTML, like Gecko) Chrome/28.0.1500.95 Safari/537.36"
114.252.89.91 - - [18/Sep/2013:08:12:12 +0000] "GET /wp-admin/post.php?post=2445&action=edit&message=10 HTTP/1.1" 200 23658 "http://blog.fens.me/wp-admin/post-new.php" "Mozilla/5.0 (Windows NT 6.1; WOW64) AppleWebKit/537.36 (KHTML, like Gecko) Chrome/28.0.1500.95 Safari/537.36"
114.252.89.91 - - [18/Sep/2013:08:12:13 +0000] "GET /favicon.ico HTTP/1.1" 200 0 "-" "Mozilla/5.0 (Windows NT 6.1; WOW64) AppleWebKit/537.36 (KHTML, like Gecko) Chrome/28.0.1500.95 Safari/537.36"
110.90.119.113 - - [18/Sep/2013:08:12:15 +0000] "GET /nodejs-grunt-intro/ HTTP/1.1" 200 13960 "http://blog.fens.me/nodejs-yeoman-intro/" "Mozilla/5.0 (Windows NT 6.1; WOW64) AppleWebKit/537.1 (KHTML, like Gecko) Chrome/21.0.1180.89 Safari/537.1"
110.90.119.113 - - [18/Sep/2013:08:12:15 +0000] "GET /nodejs-bower-intro/ HTTP/1.1" 200 13527 "http://blog.fens.me/nodejs-yeoman-intro/" "Mozilla/5.0 (Windows NT 6.1; WOW64) AppleWebKit/537.1 (KHTML, like Gecko) Chrome/21.0.1180.89 Safari/537.1"
110.90.119.113 - - [18/Sep/2013:08:12:23 +0000] "GET /nodejs-grunt-intro/?cf_action=sync_comments&post_id=1783 HTTP/1.1" 200 48 "http://blog.fens.me/nodejs-grunt-intro/" "Mozilla/5.0 (Windows NT 6.1; WOW64) AppleWebKit/537.1 (KHTML, like Gecko) Chrome/21.0.1180.89 Safari/537.1"
110.90.119.113 - - [18/Sep/2013:08:12:28 +0000] "-" 400 0 "-" "-"
110.90.119.113 - - [18/Sep/2013:08:12:28 +0000] "-" 400 0 "-" "-"
110.90.119.113 - - [18/Sep/2013:08:12:28 +0000] "-" 400 0 "-" "-"
110.90.119.113 - - [18/Sep/2013:08:12:28 +0000] "-" 400 0 "-" "-"
110.90.119.113 - - [18/Sep/2013:08:12:28 +0000] "-" 400 0 "-" "-"
114.252.89.91 - - [18/Sep/2013:08:12:28 +0000] "GET /wp-admin/admin-ajax.php?action=ajax-tag-search&tax=post_tag&q=js HTTP/1.1" 200 118 "http://blog.fens.me/wp-admin/post.php?post=2445&action=edit&message=10" "Mozilla/5.0 (Windows NT 6.1; WOW64) AppleWebKit/537.36 (KHTML, like Gecko) Chrome/28.0.1500.95 Safari/537.36"
114.252.89.91 - - [18/Sep/2013:08:12:29 +0000] "GET /wp-admin/admin-ajax.php?action=ajax-tag-search&tax=post_tag&q=ja HTTP/1.1" 200 66 "http://blog.fens.me/wp-admin/post.php?post=2445&action=edit&message=10" "Mozilla/5.0 (Windows NT 6.1; WOW64) AppleWebKit/537.36 (KHTML, like Gecko) Chrome/28.0.1500.95 Safari/537.36"
110.90.119.113 - - [18/Sep/2013:08:12:30 +0000] "-" 400 0 "-" "-"
110.90.119.113 - - [18/Sep/2013:08:12:30 +0000] "-" 400 0 "-" "-"
114.252.89.91 - - [18/Sep/2013:08:12:33 +0000] "GET /wp-admin/admin-ajax.php?action=ajax-tag-search&tax=post_tag&q=nodejs%2C HTTP/1.1" 200 31 "http://blog.fens.me/wp-admin/post.php?post=2445&action=edit&message=10" "Mozilla/5.0 (Windows NT 6.1; WOW64) AppleWebKit/537.36 (KHTML, like Gecko) Chrome/28.0.1500.95 Safari/537.36"
114.252.89.91 - - [18/Sep/2013:08:12:34 +0000] "GET /wp-admin/admin-ajax.php?action=ajax-tag-search&tax=post_tag&q=nodejs%2Cre HTTP/1.1" 200 131 "http://blog.fens.me/wp-admin/post.php?post=2445&action=edit&message=10" "Mozilla/5.0 (Windows NT 6.1; WOW64) AppleWebKit/537.36 (KHTML, like Gecko) Chrome/28.0.1500.95 Safari/537.36"
114.252.89.91 - - [18/Sep/2013:08:12:35 +0000] "GET /wp-admin/admin-ajax.php?action=ajax-tag-search&tax=post_tag&q=nodejs%2Creq HTTP/1.1" 200 38 "http://blog.fens.me/wp-admin/post.php?post=2445&action=edit&message=10" "Mozilla/5.0 (Windows NT 6.1; WOW64) AppleWebKit/537.36 (KHTML, like Gecko) Chrome/28.0.1500.95 Safari/537.36"
114.252.89.91 - - [18/Sep/2013:08:12:35 +0000] "GET /wp-admin/admin-ajax.php?action=ajax-tag-search&tax=post_tag&q=nodejs%2Creqiu HTTP/1.1" 200 31 "http://blog.fens.me/wp-admin/post.php?post=2445&action=edit&message=10" "Mozilla/5.0 (Windows NT 6.1; WOW64) AppleWebKit/537.36 (KHTML, like Gecko) Chrome/28.0.1500.95 Safari/537.36"
116.228.89.198 - - [18/Sep/2013:08:12:37 +0000] "GET /mysql-ibdata1/ HTTP/1.1" 200 9887 "http://www.google.com.hk/url?sa=t&rct=j&q=&esrc=s&frm=1&source=web&cd=1&ved=0CCsQFjAA&url=%68%74%74%70%3a%2f%2f%62%6c%6f%67%2e%66%65%6e%73%2e%6d%65%2f%6d%79%73%71%6c%2d%69%62%64%61%74%61%31%2f&ei=cWA5UrmvCYeBiQe2mYDwCw&usg=AFQjCNGDKOCozckJ8QkOMiCP31LvNPmy6Q&sig2=wibfTS-Z8Z6tuZrR-YmdGQ" "Mozilla/5.0 (compatible; MSIE 9.0; Windows NT 6.1; WOW64; Trident/5.0)"
116.228.89.198 - - [18/Sep/2013:08:12:38 +0000] "GET /wp-content/themes/silesia/style.css HTTP/1.1" 200 7554 "http://blog.fens.me/mysql-ibdata1/" "Mozilla/5.0 (compatible; MSIE 9.0; Windows NT 6.1; WOW64; Trident/5.0)"
116.228.89.198 - - [18/Sep/2013:08:12:38 +0000] "GET /wp-includes/js/jquery/jquery-migrate.min.js?ver=1.2.1 HTTP/1.1" 200 7200 "http://blog.fens.me/mysql-ibdata1/" "Mozilla/5.0 (compatible; MSIE 9.0; Windows NT 6.1; WOW64; Trident/5.0)"
116.228.89.198 - - [18/Sep/2013:08:12:38 +0000] "GET /wp-content/themes/silesia/js/jquery.cycle.all.min.js HTTP/1.1" 200 7784 "http://blog.fens.me/mysql-ibdata1/" "Mozilla/5.0 (compatible; MSIE 9.0; Windows NT 6.1; WOW64; Trident/5.0)"
116.228.89.198 - - [18/Sep/2013:08:12:38 +0000] "GET /wp-content/themes/silesia/functions/js/shortcode.js HTTP/1.1" 200 333 "http://blog.fens.me/mysql-ibdata1/" "Mozilla/5.0 (compatible; MSIE 9.0; Windows NT 6.1; WOW64; Trident/5.0)"
116.228.89.198 - - [18/Sep/2013:08:12:38 +0000] "GET /wp-includes/js/comment-reply.min.js?ver=3.6 HTTP/1.1" 200 786 "http://blog.fens.me/mysql-ibdata1/" "Mozilla/5.0 (compatible; MSIE 9.0; Windows NT 6.1; WOW64; Trident/5.0)"
116.228.89.198 - - [18/Sep/2013:08:12:38 +0000] "GET /wp-includes/js/jquery/jquery.js?ver=1.10.2 HTTP/1.1" 200 32851 "http://blog.fens.me/mysql-ibdata1/" "Mozilla/5.0 (compatible; MSIE 9.0; Windows NT 6.1; WOW64; Trident/5.0)"
116.228.89.198 - - [18/Sep/2013:08:12:39 +0000] "GET /wp-content/themes/silesia/js/load.js HTTP/1.1" 200 715 "http://blog.fens.me/mysql-ibdata1/" "Mozilla/5.0 (compatible; MSIE 9.0; Windows NT 6.1; WOW64; Trident/5.0)"
116.228.89.198 - - [18/Sep/2013:08:12:39 +0000] "GET /wp-content/themes/silesia/functions/css/shortcodes.css HTTP/1.1" 200 2899 "http://blog.fens.me/mysql-ibdata1/" "Mozilla/5.0 (compatible; MSIE 9.0; Windows NT 6.1; WOW64; Trident/5.0)"
116.228.89.198 - - [18/Sep/2013:08:12:39 +0000] "GET /favicon.ico HTTP/1.1" 200 0 "-" "Mozilla/5.0 (compatible; MSIE 9.0; Windows NT 6.1; WOW64; Trident/5.0; 360SE)"
116.228.89.198 - - [18/Sep/2013:08:12:40 +0000] "GET /wp-content/themes/silesia/images/natty-logo.png HTTP/1.1" 200 1438 "http://blog.fens.me/mysql-ibdata1/" "Mozilla/5.0 (compatible; MSIE 9.0; Windows NT 6.1; WOW64; Trident/5.0)"
123.120.39.97 - - [18/Sep/2013:08:12:40 +0000] "GET /nodejs-log4js/ HTTP/1.1" 200 11488 "http://cnodejs.org/topic/5017e156f767cc9a517869b1" "Mozilla/5.0 (X11; Linux i686; rv:17.0) Gecko/20130308 Firefox/17.0"
116.228.89.198 - - [18/Sep/2013:08:12:40 +0000] "GET /wp-content/uploads/2013/08/mysql-ibdata1.png HTTP/1.1" 200 182318 "http://blog.fens.me/mysql-ibdata1/" "Mozilla/5.0 (compatible; MSIE 9.0; Windows NT 6.1; WOW64; Trident/5.0)"
123.120.39.97 - - [18/Sep/2013:08:12:40 +0000] "GET /wp-content/themes/silesia/style.css HTTP/1.1" 200 7554 "http://blog.fens.me/nodejs-log4js/" "Mozilla/5.0 (X11; Linux i686; rv:17.0) Gecko/20130308 Firefox/17.0"
116.228.89.198 - - [18/Sep/2013:08:12:40 +0000] "GET /wp-content/themes/silesia/images/bullets/5.gif HTTP/1.1" 200 62 "http://blog.fens.me/mysql-ibdata1/" "Mozilla/5.0 (compatible; MSIE 9.0; Windows NT 6.1; WOW64; Trident/5.0)"
116.228.89.198 - - [18/Sep/2013:08:12:40 +0000] "GET /wp-content/themes/silesia/images/crubms-div.png HTTP/1.1" 200 1255 "http://blog.fens.me/mysql-ibdata1/" "Mozilla/5.0 (compatible; MSIE 9.0; Windows NT 6.1; WOW64; Trident/5.0)"
116.228.89.198 - - [18/Sep/2013:08:12:40 +0000] "GET /wp-content/themes/silesia/images/sprites/post-type.png HTTP/1.1" 200 2009 "http://blog.fens.me/mysql-ibdata1/" "Mozilla/5.0 (compatible; MSIE 9.0; Windows NT 6.1; WOW64; Trident/5.0)"
116.228.89.198 - - [18/Sep/2013:08:12:40 +0000] "GET /wp-content/themes/silesia/images/home-ico.png HTTP/1.1" 200 1103 "http://blog.fens.me/mysql-ibdata1/" "Mozilla/5.0 (compatible; MSIE 9.0; Windows NT 6.1; WOW64; Trident/5.0)"
116.228.89.198 - - [18/Sep/2013:08:12:40 +0000] "GET /wp-content/themes/silesia/images/ico-twitter.png HTTP/1.1" 200 2128 "http://blog.fens.me/mysql-ibdata1/" "Mozilla/5.0 (compatible; MSIE 9.0; Windows NT 6.1; WOW64; Trident/5.0)"
116.228.89.198 - - [18/Sep/2013:08:12:40 +0000] "GET /wp-content/themes/silesia/images/slide-bg.png HTTP/1.1" 200 934 "http://blog.fens.me/mysql-ibdata1/" "Mozilla/5.0 (compatible; MSIE 9.0; Windows NT 6.1; WOW64; Trident/5.0)"
123.120.39.97 - - [18/Sep/2013:08:12:40 +0000] "GET /wp-content/themes/silesia/js/jquery.cycle.all.min.js HTTP/1.1" 200 7784 "http://blog.fens.me/nodejs-log4js/" "Mozilla/5.0 (X11; Linux i686; rv:17.0) Gecko/20130308 Firefox/17.0"
123.120.39.97 - - [18/Sep/2013:08:12:40 +0000] "GET /wp-includes/js/jquery/jquery.js?ver=1.10.2 HTTP/1.1" 200 32851 "http://blog.fens.me/nodejs-log4js/" "Mozilla/5.0 (X11; Linux i686; rv:17.0) Gecko/20130308 Firefox/17.0"
123.120.39.97 - - [18/Sep/2013:08:12:40 +0000] "GET /wp-includes/js/comment-reply.min.js?ver=3.6 HTTP/1.1" 200 786 "http://blog.fens.me/nodejs-log4js/" "Mozilla/5.0 (X11; Linux i686; rv:17.0) Gecko/20130308 Firefox/17.0"
123.120.39.97 - - [18/Sep/2013:08:12:40 +0000] "GET /wp-includes/js/jquery/jquery-migrate.min.js?ver=1.2.1 HTTP/1.1" 200 7200 "http://blog.fens.me/nodejs-log4js/" "Mozilla/5.0 (X11; Linux i686; rv:17.0) Gecko/20130308 Firefox/17.0"
123.120.39.97 - - [18/Sep/2013:08:12:40 +0000] "GET /wp-content/themes/silesia/js/load.js HTTP/1.1" 200 715 "http://blog.fens.me/nodejs-log4js/" "Mozilla/5.0 (X11; Linux i686; rv:17.0) Gecko/20130308 Firefox/17.0"
123.120.39.97 - - [18/Sep/2013:08:12:40 +0000] "GET /wp-content/themes/silesia/functions/css/shortcodes.css HTTP/1.1" 200 2899 "http://blog.fens.me/nodejs-log4js/" "Mozilla/5.0 (X11; Linux i686; rv:17.0) Gecko/20130308 Firefox/17.0"
123.120.39.97 - - [18/Sep/2013:08:12:40 +0000] "GET /js/google.js HTTP/1.1" 200 475 "http://blog.fens.me/nodejs-log4js/" "Mozilla/5.0 (X11; Linux i686; rv:17.0) Gecko/20130308 Firefox/17.0"
123.120.39.97 - - [18/Sep/2013:08:12:40 +0000] "GET /js/baidu.js HTTP/1.1" 200 249 "http://blog.fens.me/nodejs-log4js/" "Mozilla/5.0 (X11; Linux i686; rv:17.0) Gecko/20130308 Firefox/17.0"
116.228.89.198 - - [18/Sep/2013:08:12:40 +0000] "GET /js/baidu.js HTTP/1.1" 200 249 "http://blog.fens.me/mysql-ibdata1/" "Mozilla/5.0 (compatible; MSIE 9.0; Windows NT 6.1; WOW64; Trident/5.0)"
116.228.89.198 - - [18/Sep/2013:08:12:40 +0000] "GET /js/google.js HTTP/1.1" 200 475 "http://blog.fens.me/mysql-ibdata1/" "Mozilla/5.0 (compatible; MSIE 9.0; Windows NT 6.1; WOW64; Trident/5.0)"
116.228.89.198 - - [18/Sep/2013:08:12:40 +0000] "GET /wp-content/themes/silesia/images/ico-meta.gif HTTP/1.1" 200 73 "http://blog.fens.me/mysql-ibdata1/" "Mozilla/5.0 (compatible; MSIE 9.0; Windows NT 6.1; WOW64; Trident/5.0)"
123.120.39.97 - - [18/Sep/2013:08:12:40 +0000] "GET /wp-content/themes/silesia/functions/js/shortcode.js HTTP/1.1" 200 333 "http://blog.fens.me/nodejs-log4js/" "Mozilla/5.0 (X11; Linux i686; rv:17.0) Gecko/20130308 Firefox/17.0"
123.120.39.97 - - [18/Sep/2013:08:12:40 +0000] "GET /wp-content/themes/silesia/images/natty-logo.png HTTP/1.1" 200 1438 "http://blog.fens.me/nodejs-log4js/" "Mozilla/5.0 (X11; Linux i686; rv:17.0) Gecko/20130308 Firefox/17.0"
123.120.39.97 - - [18/Sep/2013:08:12:40 +0000] "GET /wp-content/uploads/2013/06/log4js.png HTTP/1.1" 200 62521 "http://blog.fens.me/nodejs-log4js/" "Mozilla/5.0 (X11; Linux i686; rv:17.0) Gecko/20130308 Firefox/17.0"
123.120.39.97 - - [18/Sep/2013:08:12:41 +0000] "GET /wp-content/uploads/2013/05/favicon.ico HTTP/1.1" 200 1150 "-" "Mozilla/5.0 (X11; Linux i686; rv:17.0) Gecko/20130308 Firefox/17.0"
123.120.39.97 - - [18/Sep/2013:08:12:41 +0000] "GET /wp-content/themes/silesia/images/ico-twitter.png HTTP/1.1" 200 2128 "http://blog.fens.me/wp-content/themes/silesia/style.css" "Mozilla/5.0 (X11; Linux i686; rv:17.0) Gecko/20130308 Firefox/17.0"
123.120.39.97 - - [18/Sep/2013:08:12:41 +0000] "GET /wp-content/themes/silesia/images/slide-bg.png HTTP/1.1" 200 934 "http://blog.fens.me/wp-content/themes/silesia/style.css" "Mozilla/5.0 (X11; Linux i686; rv:17.0) Gecko/20130308 Firefox/17.0"
123.120.39.97 - - [18/Sep/2013:08:12:41 +0000] "GET /wp-content/themes/silesia/images/home-ico.png HTTP/1.1" 200 1103 "http://blog.fens.me/wp-content/themes/silesia/style.css" "Mozilla/5.0 (X11; Linux i686; rv:17.0) Gecko/20130308 Firefox/17.0"
123.120.39.97 - - [18/Sep/2013:08:12:41 +0000] "GET /wp-content/themes/silesia/images/sprites/post-type.png HTTP/1.1" 200 2009 "http://blog.fens.me/wp-content/themes/silesia/style.css" "Mozilla/5.0 (X11; Linux i686; rv:17.0) Gecko/20130308 Firefox/17.0"
123.120.39.97 - - [18/Sep/2013:08:12:41 +0000] "GET /wp-content/themes/silesia/images/crubms-div.png HTTP/1.1" 200 1255 "http://blog.fens.me/wp-content/themes/silesia/style.css" "Mozilla/5.0 (X11; Linux i686; rv:17.0) Gecko/20130308 Firefox/17.0"
123.120.39.97 - - [18/Sep/2013:08:12:41 +0000] "GET /wp-content/themes/silesia/images/bullets/5.gif HTTP/1.1" 200 62 "http://blog.fens.me/wp-content/themes/silesia/style.css" "Mozilla/5.0 (X11; Linux i686; rv:17.0) Gecko/20130308 Firefox/17.0"
123.120.39.97 - - [18/Sep/2013:08:12:41 +0000] "GET /wp-content/themes/silesia/images/ico-meta.gif HTTP/1.1" 200 73 "http://blog.fens.me/wp-content/themes/silesia/style.css" "Mozilla/5.0 (X11; Linux i686; rv:17.0) Gecko/20130308 Firefox/17.0"
114.252.89.91 - - [18/Sep/2013:08:12:42 +0000] "GET /wp-admin/admin-ajax.php?action=ajax-tag-search&tax=post_tag&q=nodejs%2CRequireJS HTTP/1.1" 200 31 "http://blog.fens.me/wp-admin/post.php?post=2445&action=edit&message=10" "Mozilla/5.0 (Windows NT 6.1; WOW64) AppleWebKit/537.36 (KHTML, like Gecko) Chrome/28.0.1500.95 Safari/537.36"
123.120.39.97 - - [18/Sep/2013:08:12:45 +0000] "-" 400 0 "-" "-"
123.120.39.97 - - [18/Sep/2013:08:12:45 +0000] "-" 400 0 "-" "-"
116.228.89.198 - - [18/Sep/2013:08:12:48 +0000] "GET /mysql-ibdata1/?cf_action=sync_comments&post_id=1557 HTTP/1.1" 200 48 "http://blog.fens.me/mysql-ibdata1/" "Mozilla/5.0 (compatible; MSIE 9.0; Windows NT 6.1; WOW64; Trident/5.0)"
8.35.201.53 - - [18/Sep/2013:08:13:00 +0000] "GET /feed/ HTTP/1.1" 304 0 "-" "Mozilla/5.0 (Windows NT 6.2; WOW64; rv:17.0) Gecko/20130801 Thunderbird/17.0.8 AppEngine-Google; (+http://code.google.com/appengine; appid: s~thu-ee)"
210.22.158.133 - - [18/Sep/2013:08:13:01 +0000] "GET /nodejs-karma-jasmine/ HTTP/1.1" 200 11147 "http://cnodejs.org/topic/521c2cd6bee8d3cb12a82ea0" "Mozilla/5.0 (Windows NT 6.1; WOW64) AppleWebKit/536.11 (KHTML, like Gecko) Chrome/20.0.1132.11 TaoBrowser/3.2 Safari/536.11"
114.252.89.91 - - [18/Sep/2013:08:13:02 +0000] "GET /wp-admin/admin-ajax.php?action=ajax-tag-search&tax=post_tag&q=require%2Cjavascript HTTP/1.1" 200 52 "http://blog.fens.me/wp-admin/post.php?post=2445&action=edit&message=10" "Mozilla/5.0 (Windows NT 6.1; WOW64) AppleWebKit/537.36 (KHTML, like Gecko) Chrome/28.0.1500.95 Safari/537.36"
210.22.158.133 - - [18/Sep/2013:08:13:02 +0000] "GET /wp-includes/js/comment-reply.min.js?ver=3.6 HTTP/1.1" 200 786 "http://blog.fens.me/nodejs-karma-jasmine/" "Mozilla/5.0 (Windows NT 6.1; WOW64) AppleWebKit/536.11 (KHTML, like Gecko) Chrome/20.0.1132.11 TaoBrowser/3.2 Safari/536.11"
210.22.158.133 - - [18/Sep/2013:08:13:02 +0000] "GET /wp-content/themes/silesia/style.css HTTP/1.1" 200 7554 "http://blog.fens.me/nodejs-karma-jasmine/" "Mozilla/5.0 (Windows NT 6.1; WOW64) AppleWebKit/536.11 (KHTML, like Gecko) Chrome/20.0.1132.11 TaoBrowser/3.2 Safari/536.11"
210.22.158.133 - - [18/Sep/2013:08:13:02 +0000] "GET /wp-content/themes/silesia/js/jquery.cycle.all.min.js HTTP/1.1" 200 7784 "http://blog.fens.me/nodejs-karma-jasmine/" "Mozilla/5.0 (Windows NT 6.1; WOW64) AppleWebKit/536.11 (KHTML, like Gecko) Chrome/20.0.1132.11 TaoBrowser/3.2 Safari/536.11"
210.22.158.133 - - [18/Sep/2013:08:13:02 +0000] "GET /wp-content/themes/silesia/functions/css/shortcodes.css HTTP/1.1" 200 2899 "http://blog.fens.me/nodejs-karma-jasmine/" "Mozilla/5.0 (Windows NT 6.1; WOW64) AppleWebKit/536.11 (KHTML, like Gecko) Chrome/20.0.1132.11 TaoBrowser/3.2 Safari/536.11"
210.22.158.133 - - [18/Sep/2013:08:13:02 +0000] "GET /wp-includes/js/jquery/jquery-migrate.min.js?ver=1.2.1 HTTP/1.1" 304 0 "http://blog.fens.me/nodejs-karma-jasmine/" "Mozilla/5.0 (Windows NT 6.1; WOW64) AppleWebKit/536.11 (KHTML, like Gecko) Chrome/20.0.1132.11 TaoBrowser/3.2 Safari/536.11"
210.22.158.133 - - [18/Sep/2013:08:13:03 +0000] "GET /wp-content/themes/silesia/functions/js/shortcode.js HTTP/1.1" 200 333 "http://blog.fens.me/nodejs-karma-jasmine/" "Mozilla/5.0 (Windows NT 6.1; WOW64) AppleWebKit/536.11 (KHTML, like Gecko) Chrome/20.0.1132.11 TaoBrowser/3.2 Safari/536.11"
210.22.158.133 - - [18/Sep/2013:08:13:03 +0000] "GET /wp-content/themes/silesia/js/load.js HTTP/1.1" 200 715 "http://blog.fens.me/nodejs-karma-jasmine/" "Mozilla/5.0 (Windows NT 6.1; WOW64) AppleWebKit/536.11 (KHTML, like Gecko) Chrome/20.0.1132.11 TaoBrowser/3.2 Safari/536.11"
103.246.38.196 - - [18/Sep/2013:08:13:03 +0000] "GET /nodejs-karma-jasmine HTTP/1.1" 301 5 "-" "Mozilla/4.0 (compatible; MSIE 7.0; Windows NT 5.1; InfoPath.1; .NET CLR 2.0.50727; .NET CLR 1.1.4322; MS-RTC LM 8; .NET CLR 3.0.4506.2152; .NET CLR 3.5.30729)"
210.22.158.133 - - [18/Sep/2013:08:13:03 +0000] "GET /js/google.js HTTP/1.1" 200 475 "http://blog.fens.me/nodejs-karma-jasmine/" "Mozilla/5.0 (Windows NT 6.1; WOW64) AppleWebKit/536.11 (KHTML, like Gecko) Chrome/20.0.1132.11 TaoBrowser/3.2 Safari/536.11"
210.22.158.133 - - [18/Sep/2013:08:13:03 +0000] "GET /js/baidu.js HTTP/1.1" 200 249 "http://blog.fens.me/nodejs-karma-jasmine/" "Mozilla/5.0 (Windows NT 6.1; WOW64) AppleWebKit/536.11 (KHTML, like Gecko) Chrome/20.0.1132.11 TaoBrowser/3.2 Safari/536.11"
103.246.38.196 - - [18/Sep/2013:08:13:04 +0000] "GET /nodejs-karma-jasmine/ HTTP/1.1" 200 42883 "-" "Mozilla/4.0 (compatible; MSIE 7.0; Windows NT 5.1; InfoPath.1; .NET CLR 2.0.50727; .NET CLR 1.1.4322; MS-RTC LM 8; .NET CLR 3.0.4506.2152; .NET CLR 3.5.30729)"
210.22.158.133 - - [18/Sep/2013:08:13:04 +0000] "GET /wp-includes/js/jquery/jquery.js?ver=1.10.2 HTTP/1.1" 200 32851 "http://blog.fens.me/nodejs-karma-jasmine/" "Mozilla/5.0 (Windows NT 6.1; WOW64) AppleWebKit/536.11 (KHTML, like Gecko) Chrome/20.0.1132.11 TaoBrowser/3.2 Safari/536.11"
114.252.89.91 - - [18/Sep/2013:08:13:05 +0000] "POST /wp-admin/post.php HTTP/1.1" 302 5 "http://blog.fens.me/wp-admin/post.php?post=2445&action=edit&message=10" "Mozilla/5.0 (Windows NT 6.1; WOW64) AppleWebKit/537.36 (KHTML, like Gecko) Chrome/28.0.1500.95 Safari/537.36"
110.90.119.113 - - [18/Sep/2013:08:13:06 +0000] "GET /nodejs-bower-intro/?cf_action=sync_comments&post_id=1807 HTTP/1.1" 200 48 "http://blog.fens.me/nodejs-bower-intro/" "Mozilla/5.0 (Windows NT 6.1; WOW64) AppleWebKit/537.1 (KHTML, like Gecko) Chrome/21.0.1180.89 Safari/537.1"
114.252.89.91 - - [18/Sep/2013:08:13:06 +0000] "GET /wp-admin/post.php?post=2445&action=edit&message=10 HTTP/1.1" 200 23785 "http://blog.fens.me/wp-admin/post.php?post=2445&action=edit&message=10" "Mozilla/5.0 (Windows NT 6.1; WOW64) AppleWebKit/537.36 (KHTML, like Gecko) Chrome/28.0.1500.95 Safari/537.36"
114.252.89.91 - - [18/Sep/2013:08:13:07 +0000] "GET /favicon.ico HTTP/1.1" 200 0 "-" "Mozilla/5.0 (Windows NT 6.1; WOW64) AppleWebKit/537.36 (KHTML, like Gecko) Chrome/28.0.1500.95 Safari/537.36"
114.252.89.91 - - [18/Sep/2013:08:13:08 +0000] "GET /?p=2445&preview=true HTTP/1.1" 200 9253 "http://blog.fens.me/wp-admin/post.php?post=2445&action=edit&message=10" "Mozilla/5.0 (Windows NT 6.1; WOW64) AppleWebKit/537.36 (KHTML, like Gecko) Chrome/28.0.1500.95 Safari/537.36"
210.22.158.133 - - [18/Sep/2013:08:13:08 +0000] "GET /wp-content/themes/silesia/images/ico-twitter.png HTTP/1.1" 200 2128 "http://blog.fens.me/nodejs-karma-jasmine/" "Mozilla/5.0 (Windows NT 6.1; WOW64) AppleWebKit/536.11 (KHTML, like Gecko) Chrome/20.0.1132.11 TaoBrowser/3.2 Safari/536.11"
210.22.158.133 - - [18/Sep/2013:08:13:08 +0000] "GET /wp-content/themes/silesia/images/crubms-div.png HTTP/1.1" 200 1255 "http://blog.fens.me/nodejs-karma-jasmine/" "Mozilla/5.0 (Windows NT 6.1; WOW64) AppleWebKit/536.11 (KHTML, like Gecko) Chrome/20.0.1132.11 TaoBrowser/3.2 Safari/536.11"
210.22.158.133 - - [18/Sep/2013:08:13:08 +0000] "GET /wp-content/themes/silesia/images/home-ico.png HTTP/1.1" 200 1103 "http://blog.fens.me/nodejs-karma-jasmine/" "Mozilla/5.0 (Windows NT 6.1; WOW64) AppleWebKit/536.11 (KHTML, like Gecko) Chrome/20.0.1132.11 TaoBrowser/3.2 Safari/536.11"
210.22.158.133 - - [18/Sep/2013:08:13:08 +0000] "GET /wp-content/themes/silesia/images/bullets/5.gif HTTP/1.1" 200 62 "http://blog.fens.me/nodejs-karma-jasmine/" "Mozilla/5.0 (Windows NT 6.1; WOW64) AppleWebKit/536.11 (KHTML, like Gecko) Chrome/20.0.1132.11 TaoBrowser/3.2 Safari/536.11"
210.22.158.133 - - [18/Sep/2013:08:13:08 +0000] "GET /wp-content/themes/silesia/images/sprites/post-type.png HTTP/1.1" 200 2009 "http://blog.fens.me/nodejs-karma-jasmine/" "Mozilla/5.0 (Windows NT 6.1; WOW64) AppleWebKit/536.11 (KHTML, like Gecko) Chrome/20.0.1132.11 TaoBrowser/3.2 Safari/536.11"
210.22.158.133 - - [18/Sep/2013:08:13:08 +0000] "GET /wp-content/themes/silesia/images/slide-bg.png HTTP/1.1" 200 934 "http://blog.fens.me/nodejs-karma-jasmine/" "Mozilla/5.0 (Windows NT 6.1; WOW64) AppleWebKit/536.11 (KHTML, like Gecko) Chrome/20.0.1132.11 TaoBrowser/3.2 Safari/536.11"
210.22.158.133 - - [18/Sep/2013:08:13:09 +0000] "GET /wp-content/themes/silesia/images/natty-logo.png HTTP/1.1" 200 1438 "http://blog.fens.me/nodejs-karma-jasmine/" "Mozilla/5.0 (Windows NT 6.1; WOW64) AppleWebKit/536.11 (KHTML, like Gecko) Chrome/20.0.1132.11 TaoBrowser/3.2 Safari/536.11"
210.22.158.133 - - [18/Sep/2013:08:13:09 +0000] "GET /wp-content/themes/silesia/images/ico-meta.gif HTTP/1.1" 200 73 "http://blog.fens.me/nodejs-karma-jasmine/" "Mozilla/5.0 (Windows NT 6.1; WOW64) AppleWebKit/536.11 (KHTML, like Gecko) Chrome/20.0.1132.11 TaoBrowser/3.2 Safari/536.11"
203.110.175.179 - - [18/Sep/2013:08:13:22 +0000] "GET / HTTP/1.1" 200 26617 "http://f.dataguru.cn/thread-11853-1-1.html" "Mozilla/5.0 (Windows NT 5.1) AppleWebKit/537.36 (KHTML, like Gecko) Chrome/29.0.1547.66 Safari/537.36"
203.110.175.179 - - [18/Sep/2013:08:13:22 +0000] "GET /wp-content/themes/silesia/functions/css/shortcodes.css HTTP/1.1" 200 2899 "http://blog.fens.me/" "Mozilla/5.0 (Windows NT 5.1) AppleWebKit/537.36 (KHTML, like Gecko) Chrome/29.0.1547.66 Safari/537.36"
203.110.175.179 - - [18/Sep/2013:08:13:22 +0000] "GET /wp-content/themes/silesia/style.css HTTP/1.1" 200 7554 "http://blog.fens.me/" "Mozilla/5.0 (Windows NT 5.1) AppleWebKit/537.36 (KHTML, like Gecko) Chrome/29.0.1547.66 Safari/537.36"
203.110.175.179 - - [18/Sep/2013:08:13:22 +0000] "GET /wp-includes/js/jquery/jquery.js?ver=1.10.2 HTTP/1.1" 200 32851 "http://blog.fens.me/" "Mozilla/5.0 (Windows NT 5.1) AppleWebKit/537.36 (KHTML, like Gecko) Chrome/29.0.1547.66 Safari/537.36"
203.110.175.179 - - [18/Sep/2013:08:13:22 +0000] "GET /wp-includes/js/jquery/jquery-migrate.min.js?ver=1.2.1 HTTP/1.1" 200 7200 "http://blog.fens.me/" "Mozilla/5.0 (Windows NT 5.1) AppleWebKit/537.36 (KHTML, like Gecko) Chrome/29.0.1547.66 Safari/537.36"
203.110.175.179 - - [18/Sep/2013:08:13:22 +0000] "GET /wp-content/themes/silesia/js/jquery.cycle.all.min.js HTTP/1.1" 200 7784 "http://blog.fens.me/" "Mozilla/5.0 (Windows NT 5.1) AppleWebKit/537.36 (KHTML, like Gecko) Chrome/29.0.1547.66 Safari/537.36"
203.110.175.179 - - [18/Sep/2013:08:13:22 +0000] "GET /wp-content/themes/silesia/js/load.js HTTP/1.1" 200 715 "http://blog.fens.me/" "Mozilla/5.0 (Windows NT 5.1) AppleWebKit/537.36 (KHTML, like Gecko) Chrome/29.0.1547.66 Safari/537.36"
